Archive member included to satisfy reference by file (symbol)

c:/st/stm32cubeide_1.10.1/stm32cubeide/plugins/com.st.stm32cube.ide.mcu.externaltools.gnu-tools-for-stm32.10.3-2021.10.win32_1.0.100.202210260954/tools/bin/../lib/gcc/arm-none-eabi/10.3.1/../../../../arm-none-eabi/lib/thumb/v7e-m+fp/hard\libc_nano.a(lib_a-errno.o)
                              ./Src/syscalls.o (__errno)
c:/st/stm32cubeide_1.10.1/stm32cubeide/plugins/com.st.stm32cube.ide.mcu.externaltools.gnu-tools-for-stm32.10.3-2021.10.win32_1.0.100.202210260954/tools/bin/../lib/gcc/arm-none-eabi/10.3.1/../../../../arm-none-eabi/lib/thumb/v7e-m+fp/hard\libc_nano.a(lib_a-exit.o)
                              c:/st/stm32cubeide_1.10.1/stm32cubeide/plugins/com.st.stm32cube.ide.mcu.externaltools.gnu-tools-for-stm32.10.3-2021.10.win32_1.0.100.202210260954/tools/bin/../lib/gcc/arm-none-eabi/10.3.1/../../../../arm-none-eabi/lib/thumb/v7e-m+fp/hard/crt0.o (exit)
c:/st/stm32cubeide_1.10.1/stm32cubeide/plugins/com.st.stm32cube.ide.mcu.externaltools.gnu-tools-for-stm32.10.3-2021.10.win32_1.0.100.202210260954/tools/bin/../lib/gcc/arm-none-eabi/10.3.1/../../../../arm-none-eabi/lib/thumb/v7e-m+fp/hard\libc_nano.a(lib_a-impure.o)
                              c:/st/stm32cubeide_1.10.1/stm32cubeide/plugins/com.st.stm32cube.ide.mcu.externaltools.gnu-tools-for-stm32.10.3-2021.10.win32_1.0.100.202210260954/tools/bin/../lib/gcc/arm-none-eabi/10.3.1/../../../../arm-none-eabi/lib/thumb/v7e-m+fp/hard\libc_nano.a(lib_a-exit.o) (_global_impure_ptr)
c:/st/stm32cubeide_1.10.1/stm32cubeide/plugins/com.st.stm32cube.ide.mcu.externaltools.gnu-tools-for-stm32.10.3-2021.10.win32_1.0.100.202210260954/tools/bin/../lib/gcc/arm-none-eabi/10.3.1/../../../../arm-none-eabi/lib/thumb/v7e-m+fp/hard\libc_nano.a(lib_a-init.o)
                              c:/st/stm32cubeide_1.10.1/stm32cubeide/plugins/com.st.stm32cube.ide.mcu.externaltools.gnu-tools-for-stm32.10.3-2021.10.win32_1.0.100.202210260954/tools/bin/../lib/gcc/arm-none-eabi/10.3.1/../../../../arm-none-eabi/lib/thumb/v7e-m+fp/hard/crt0.o (__libc_init_array)
c:/st/stm32cubeide_1.10.1/stm32cubeide/plugins/com.st.stm32cube.ide.mcu.externaltools.gnu-tools-for-stm32.10.3-2021.10.win32_1.0.100.202210260954/tools/bin/../lib/gcc/arm-none-eabi/10.3.1/../../../../arm-none-eabi/lib/thumb/v7e-m+fp/hard\libc_nano.a(lib_a-memset.o)
                              c:/st/stm32cubeide_1.10.1/stm32cubeide/plugins/com.st.stm32cube.ide.mcu.externaltools.gnu-tools-for-stm32.10.3-2021.10.win32_1.0.100.202210260954/tools/bin/../lib/gcc/arm-none-eabi/10.3.1/../../../../arm-none-eabi/lib/thumb/v7e-m+fp/hard/crt0.o (memset)
c:/st/stm32cubeide_1.10.1/stm32cubeide/plugins/com.st.stm32cube.ide.mcu.externaltools.gnu-tools-for-stm32.10.3-2021.10.win32_1.0.100.202210260954/tools/bin/../lib/gcc/arm-none-eabi/10.3.1/../../../../arm-none-eabi/lib/thumb/v7e-m+fp/hard\libc_nano.a(lib_a-printf.o)
                              ./Src/Drivers/uart/data_uart.o (printf)
c:/st/stm32cubeide_1.10.1/stm32cubeide/plugins/com.st.stm32cube.ide.mcu.externaltools.gnu-tools-for-stm32.10.3-2021.10.win32_1.0.100.202210260954/tools/bin/../lib/gcc/arm-none-eabi/10.3.1/../../../../arm-none-eabi/lib/thumb/v7e-m+fp/hard\libc_nano.a(lib_a-puts.o)
                              ./Src/Drivers/uart/uart.o (puts)
c:/st/stm32cubeide_1.10.1/stm32cubeide/plugins/com.st.stm32cube.ide.mcu.externaltools.gnu-tools-for-stm32.10.3-2021.10.win32_1.0.100.202210260954/tools/bin/../lib/gcc/arm-none-eabi/10.3.1/../../../../arm-none-eabi/lib/thumb/v7e-m+fp/hard\libc_nano.a(lib_a-strcpy.o)
                              ./lib/lwprintf/lwprintf/src/lwprintf/lwprintf.o (strcpy)
c:/st/stm32cubeide_1.10.1/stm32cubeide/plugins/com.st.stm32cube.ide.mcu.externaltools.gnu-tools-for-stm32.10.3-2021.10.win32_1.0.100.202210260954/tools/bin/../lib/gcc/arm-none-eabi/10.3.1/../../../../arm-none-eabi/lib/thumb/v7e-m+fp/hard\libc_nano.a(lib_a-strnlen.o)
                              ./lib/lwprintf/lwprintf/src/lwprintf/lwprintf.o (strnlen)
c:/st/stm32cubeide_1.10.1/stm32cubeide/plugins/com.st.stm32cube.ide.mcu.externaltools.gnu-tools-for-stm32.10.3-2021.10.win32_1.0.100.202210260954/tools/bin/../lib/gcc/arm-none-eabi/10.3.1/../../../../arm-none-eabi/lib/thumb/v7e-m+fp/hard\libc_nano.a(lib_a-wbuf.o)
                              c:/st/stm32cubeide_1.10.1/stm32cubeide/plugins/com.st.stm32cube.ide.mcu.externaltools.gnu-tools-for-stm32.10.3-2021.10.win32_1.0.100.202210260954/tools/bin/../lib/gcc/arm-none-eabi/10.3.1/../../../../arm-none-eabi/lib/thumb/v7e-m+fp/hard\libc_nano.a(lib_a-puts.o) (__swbuf_r)
c:/st/stm32cubeide_1.10.1/stm32cubeide/plugins/com.st.stm32cube.ide.mcu.externaltools.gnu-tools-for-stm32.10.3-2021.10.win32_1.0.100.202210260954/tools/bin/../lib/gcc/arm-none-eabi/10.3.1/../../../../arm-none-eabi/lib/thumb/v7e-m+fp/hard\libc_nano.a(lib_a-wsetup.o)
[...]
Memory Configuration

Name             Origin             Length             Attributes
CCMRAM           0x0000000010000000 0x0000000000010000 xrw
RAM              0x0000000020000000 0x0000000000020000 xrw
FLASH            0x0000000008000000 0x0000000000100000 xr
*default*        0x0000000000000000 0xffffffffffffffff

Linker script and memory map

LOAD c:/st/stm32cubeide_1.10.1/stm32cubeide/plugins/com.st.stm32cube.ide.mcu.externaltools.gnu-tools-for-stm32.10.3-2021.10.win32_1.0.100.202210260954/tools/bin/../lib/gcc/arm-none-eabi/10.3.1/thumb/v7e-m+fp/hard/crti.o
LOAD c:/st/stm32cubeide_1.10.1/stm32cubeide/plugins/com.st.stm32cube.ide.mcu.externaltools.gnu-tools-for-stm32.10.3-2021.10.win32_1.0.100.202210260954/tools/bin/../lib/gcc/arm-none-eabi/10.3.1/thumb/v7e-m+fp/hard/crtbegin.o
LOAD c:/st/stm32cubeide_1.10.1/stm32cubeide/plugins/com.st.stm32cube.ide.mcu.externaltools.gnu-tools-for-stm32.10.3-2021.10.win32_1.0.100.202210260954/tools/bin/../lib/gcc/arm-none-eabi/10.3.1/../../../../arm-none-eabi/lib/thumb/v7e-m+fp/hard/crt0.o
LOAD ./Src/Drivers/button.o
LOAD ./Src/Drivers/indication.o
LOAD ./Src/Drivers/led.o
LOAD ./Src/Drivers/tim.o
LOAD ./Src/Drivers/io/logging/log.o
LOAD ./Src/Drivers/uart/data_uart.o
LOAD ./Src/Drivers/uart/debug_uart.o
LOAD ./Src/Drivers/uart/uart.o
LOAD ./Src/main.o
LOAD ./Src/stm32f4xx_hal_msp.o
LOAD ./Src/stm32f4xx_it.o
LOAD ./Src/syscalls.o
LOAD ./Src/sysmem.o
LOAD ./Src/system_stm32f4xx.o
LOAD ./Src/st/STM32F4xx_HAL_Driver/Src/Legacy/stm32f4xx_hal_can.o
LOAD ./Src/st/STM32F4xx_HAL_Driver/Src/Legacy/stm32f4xx_hal_eth.o
LOAD ./Src/st/STM32F4xx_HAL_Driver/Src/stm32f4xx_hal.o
LOAD ./Src/st/STM32F4xx_HAL_Driver/Src/stm32f4xx_hal_adc.o
LOAD ./Src/st/STM32F4xx_HAL_Driver/Src/stm32f4xx_hal_adc_ex.o
LOAD ./Src/st/STM32F4xx_HAL_Driver/Src/stm32f4xx_hal_can.o
LOAD ./Src/st/STM32F4xx_HAL_Driver/Src/stm32f4xx_hal_cec.o
LOAD ./Src/st/STM32F4xx_HAL_Driver/Src/stm32f4xx_hal_cortex.o
LOAD ./Src/st/STM32F4xx_HAL_Driver/Src/stm32f4xx_hal_crc.o
LOAD ./Src/st/STM32F4xx_HAL_Driver/Src/stm32f4xx_hal_cryp.o
LOAD ./Src/st/STM32F4xx_HAL_Driver/Src/stm32f4xx_hal_cryp_ex.o
LOAD ./Src/st/STM32F4xx_HAL_Driver/Src/stm32f4xx_hal_dac.o
LOAD ./Src/st/STM32F4xx_HAL_Driver/Src/stm32f4xx_hal_dac_ex.o
LOAD ./Src/st/STM32F4xx_HAL_Driver/Src/stm32f4xx_hal_dcmi.o
LOAD ./Src/st/STM32F4xx_HAL_Driver/Src/stm32f4xx_hal_dcmi_ex.o
LOAD ./Src/st/STM32F4xx_HAL_Driver/Src/stm32f4xx_hal_dfsdm.o
LOAD ./Src/st/STM32F4xx_HAL_Driver/Src/stm32f4xx_hal_dma.o
LOAD ./Src/st/STM32F4xx_HAL_Driver/Src/stm32f4xx_hal_dma2d.o
LOAD ./Src/st/STM32F4xx_HAL_Driver/Src/stm32f4xx_hal_dma_ex.o
LOAD ./Src/st/STM32F4xx_HAL_Driver/Src/stm32f4xx_hal_dsi.o
LOAD ./Src/st/STM32F4xx_HAL_Driver/Src/stm32f4xx_hal_eth.o
LOAD ./Src/st/STM32F4xx_HAL_Driver/Src/stm32f4xx_hal_exti.o
LOAD ./Src/st/STM32F4xx_HAL_Driver/Src/stm32f4xx_hal_flash.o
LOAD ./Src/st/STM32F4xx_HAL_Driver/Src/stm32f4xx_hal_flash_ex.o
LOAD ./Src/st/STM32F4xx_HAL_Driver/Src/stm32f4xx_hal_flash_ramfunc.o
LOAD ./Src/st/STM32F4xx_HAL_Driver/Src/stm32f4xx_hal_fmpi2c.o
LOAD ./Src/st/STM32F4xx_HAL_Driver/Src/stm32f4xx_hal_fmpi2c_ex.o
LOAD ./Src/st/STM32F4xx_HAL_Driver/Src/stm32f4xx_hal_fmpsmbus.o
LOAD ./Src/st/STM32F4xx_HAL_Driver/Src/stm32f4xx_hal_fmpsmbus_ex.o
LOAD ./Src/st/STM32F4xx_HAL_Driver/Src/stm32f4xx_hal_gpio.o
LOAD ./Src/st/STM32F4xx_HAL_Driver/Src/stm32f4xx_hal_hash.o
LOAD ./Src/st/STM32F4xx_HAL_Driver/Src/stm32f4xx_hal_hash_ex.o
LOAD ./Src/st/STM32F4xx_HAL_Driver/Src/stm32f4xx_hal_hcd.o
LOAD ./Src/st/STM32F4xx_HAL_Driver/Src/stm32f4xx_hal_i2c.o
LOAD ./Src/st/STM32F4xx_HAL_Driver/Src/stm32f4xx_hal_i2c_ex.o
LOAD ./Src/st/STM32F4xx_HAL_Driver/Src/stm32f4xx_hal_i2s.o
LOAD ./Src/st/STM32F4xx_HAL_Driver/Src/stm32f4xx_hal_i2s_ex.o
LOAD ./Src/st/STM32F4xx_HAL_Driver/Src/stm32f4xx_hal_irda.o
LOAD ./Src/st/STM32F4xx_HAL_Driver/Src/stm32f4xx_hal_iwdg.o
LOAD ./Src/st/STM32F4xx_HAL_Driver/Src/stm32f4xx_hal_lptim.o
LOAD ./Src/st/STM32F4xx_HAL_Driver/Src/stm32f4xx_hal_ltdc.o
LOAD ./Src/st/STM32F4xx_HAL_Driver/Src/stm32f4xx_hal_ltdc_ex.o
LOAD ./Src/st/STM32F4xx_HAL_Driver/Src/stm32f4xx_hal_mmc.o
LOAD ./Src/st/STM32F4xx_HAL_Driver/Src/stm32f4xx_hal_nand.o
LOAD ./Src/st/STM32F4xx_HAL_Driver/Src/stm32f4xx_hal_nor.o
LOAD ./Src/st/STM32F4xx_HAL_Driver/Src/stm32f4xx_hal_pccard.o
LOAD ./Src/st/STM32F4xx_HAL_Driver/Src/stm32f4xx_hal_pcd.o
LOAD ./Src/st/STM32F4xx_HAL_Driver/Src/stm32f4xx_hal_pcd_ex.o
LOAD ./Src/st/STM32F4xx_HAL_Driver/Src/stm32f4xx_hal_pwr.o
LOAD ./Src/st/STM32F4xx_HAL_Driver/Src/stm32f4xx_hal_pwr_ex.o
LOAD ./Src/st/STM32F4xx_HAL_Driver/Src/stm32f4xx_hal_qspi.o
LOAD ./Src/st/STM32F4xx_HAL_Driver/Src/stm32f4xx_hal_rcc.o
LOAD ./Src/st/STM32F4xx_HAL_Driver/Src/stm32f4xx_hal_rcc_ex.o
LOAD ./Src/st/STM32F4xx_HAL_Driver/Src/stm32f4xx_hal_rng.o
LOAD ./Src/st/STM32F4xx_HAL_Driver/Src/stm32f4xx_hal_rtc.o
LOAD ./Src/st/STM32F4xx_HAL_Driver/Src/stm32f4xx_hal_rtc_ex.o
LOAD ./Src/st/STM32F4xx_HAL_Driver/Src/stm32f4xx_hal_sai.o
LOAD ./Src/st/STM32F4xx_HAL_Driver/Src/stm32f4xx_hal_sai_ex.o
LOAD ./Src/st/STM32F4xx_HAL_Driver/Src/stm32f4xx_hal_sd.o
LOAD ./Src/st/STM32F4xx_HAL_Driver/Src/stm32f4xx_hal_sdram.o
LOAD ./Src/st/STM32F4xx_HAL_Driver/Src/stm32f4xx_hal_smartcard.o
LOAD ./Src/st/STM32F4xx_HAL_Driver/Src/stm32f4xx_hal_smbus.o
LOAD ./Src/st/STM32F4xx_HAL_Driver/Src/stm32f4xx_hal_spdifrx.o
LOAD ./Src/st/STM32F4xx_HAL_Driver/Src/stm32f4xx_hal_spi.o
LOAD ./Src/st/STM32F4xx_HAL_Driver/Src/stm32f4xx_hal_sram.o
LOAD ./Src/st/STM32F4xx_HAL_Driver/Src/stm32f4xx_hal_tim.o
LOAD ./Src/st/STM32F4xx_HAL_Driver/Src/stm32f4xx_hal_tim_ex.o
LOAD ./Src/st/STM32F4xx_HAL_Driver/Src/stm32f4xx_hal_uart.o
LOAD ./Src/st/STM32F4xx_HAL_Driver/Src/stm32f4xx_hal_usart.o
LOAD ./Src/st/STM32F4xx_HAL_Driver/Src/stm32f4xx_hal_wwdg.o
LOAD ./Startup/startup_stm32f407vetx.o
LOAD ./lib/lwprintf/lwprintf/src/lwprintf/lwprintf.o
LOAD ./lib/lwprintf/lwprintf/src/system/lwprintf_sys_cmsis_os.o
LOAD ./lib/lwprintf/lwprintf/src/system/lwprintf_sys_threadx.o
LOAD ./lib/lwprintf/lwprintf/src/system/lwprintf_sys_win32.o
START GROUP
LOAD c:/st/stm32cubeide_1.10.1/stm32cubeide/plugins/com.st.stm32cube.ide.mcu.externaltools.gnu-tools-for-stm32.10.3-2021.10.win32_1.0.100.202210260954/tools/bin/../lib/gcc/arm-none-eabi/10.3.1/../../../../arm-none-eabi/lib/thumb/v7e-m+fp/hard\libc_nano.a
LOAD c:/st/stm32cubeide_1.10.1/stm32cubeide/plugins/com.st.stm32cube.ide.mcu.externaltools.gnu-tools-for-stm32.10.3-2021.10.win32_1.0.100.202210260954/tools/bin/../lib/gcc/arm-none-eabi/10.3.1/../../../../arm-none-eabi/lib/thumb/v7e-m+fp/hard\libm.a
END GROUP
START GROUP
LOAD c:/st/stm32cubeide_1.10.1/stm32cubeide/plugins/com.st.stm32cube.ide.mcu.externaltools.gnu-tools-for-stm32.10.3-2021.10.win32_1.0.100.202210260954/tools/bin/../lib/gcc/arm-none-eabi/10.3.1/thumb/v7e-m+fp/hard\libgcc.a
LOAD c:/st/stm32cubeide_1.10.1/stm32cubeide/plugins/com.st.stm32cube.ide.mcu.externaltools.gnu-tools-for-stm32.10.3-2021.10.win32_1.0.100.202210260954/tools/bin/../lib/gcc/arm-none-eabi/10.3.1/../../../../arm-none-eabi/lib/thumb/v7e-m+fp/hard\libc_nano.a
END GROUP
START GROUP
LOAD c:/st/stm32cubeide_1.10.1/stm32cubeide/plugins/com.st.stm32cube.ide.mcu.externaltools.gnu-tools-for-stm32.10.3-2021.10.win32_1.0.100.202210260954/tools/bin/../lib/gcc/arm-none-eabi/10.3.1/thumb/v7e-m+fp/hard\libgcc.a
LOAD c:/st/stm32cubeide_1.10.1/stm32cubeide/plugins/com.st.stm32cube.ide.mcu.externaltools.gnu-tools-for-stm32.10.3-2021.10.win32_1.0.100.202210260954/tools/bin/../lib/gcc/arm-none-eabi/10.3.1/../../../../arm-none-eabi/lib/thumb/v7e-m+fp/hard\libc_nano.a
LOAD c:/st/stm32cubeide_1.10.1/stm32cubeide/plugins/com.st.stm32cube.ide.mcu.externaltools.gnu-tools-for-stm32.10.3-2021.10.win32_1.0.100.202210260954/tools/bin/../lib/gcc/arm-none-eabi/10.3.1/../../../../arm-none-eabi/lib/thumb/v7e-m+fp/hard\libnosys.a
END GROUP
START GROUP
LOAD c:/st/stm32cubeide_1.10.1/stm32cubeide/plugins/com.st.stm32cube.ide.mcu.externaltools.gnu-tools-for-stm32.10.3-2021.10.win32_1.0.100.202210260954/tools/bin/../lib/gcc/arm-none-eabi/10.3.1/thumb/v7e-m+fp/hard\libgcc.a
LOAD c:/st/stm32cubeide_1.10.1/stm32cubeide/plugins/com.st.stm32cube.ide.mcu.externaltools.gnu-tools-for-stm32.10.3-2021.10.win32_1.0.100.202210260954/tools/bin/../lib/gcc/arm-none-eabi/10.3.1/../../../../arm-none-eabi/lib/thumb/v7e-m+fp/hard\libc_nano.a
LOAD c:/st/stm32cubeide_1.10.1/stm32cubeide/plugins/com.st.stm32cube.ide.mcu.externaltools.gnu-tools-for-stm32.10.3-2021.10.win32_1.0.100.202210260954/tools/bin/../lib/gcc/arm-none-eabi/10.3.1/../../../../arm-none-eabi/lib/thumb/v7e-m+fp/hard\libnosys.a
END GROUP
LOAD c:/st/stm32cubeide_1.10.1/stm32cubeide/plugins/com.st.stm32cube.ide.mcu.externaltools.gnu-tools-for-stm32.10.3-2021.10.win32_1.0.100.202210260954/tools/bin/../lib/gcc/arm-none-eabi/10.3.1/thumb/v7e-m+fp/hard/crtend.o
LOAD c:/st/stm32cubeide_1.10.1/stm32cubeide/plugins/com.st.stm32cube.ide.mcu.externaltools.gnu-tools-for-stm32.10.3-2021.10.win32_1.0.100.202210260954/tools/bin/../lib/gcc/arm-none-eabi/10.3.1/thumb/v7e-m+fp/hard/crtn.o
                0x0000000020020000                _estack = (ORIGIN (RAM) + LENGTH (RAM))
                0x0000000000000200                _Min_Heap_Size = 0x200
                0x0000000000000400                _Min_Stack_Size = 0x400

.isr_vector     0x0000000008000000      0x1a8
                0x0000000008000000                . = ALIGN (0x4)
 *(.isr_vector)
 .isr_vector    0x0000000008000000      0x1a8 ./Startup/startup_stm32f407vetx.o
                0x0000000008000000                g_pfnVectors
                0x00000000080001a8                . = ALIGN (0x4)

.text           0x00000000080001a8     0x6fe0
                0x00000000080001a8                . = ALIGN (0x4)
 *(.text)
 .text          0x00000000080001a8       0x40 c:/st/stm32cubeide_1.10.1/stm32cubeide/plugins/com.st.stm32cube.ide.mcu.externaltools.gnu-tools-for-stm32.10.3-2021.10.win32_1.0.100.202210260954/tools/bin/../lib/gcc/arm-none-eabi/10.3.1/thumb/v7e-m+fp/hard/crtbegin.o
 .text          0x00000000080001e8      0x378 c:/st/stm32cubeide_1.10.1/stm32cubeide/plugins/com.st.stm32cube.ide.mcu.externaltools.gnu-tools-for-stm32.10.3-2021.10.win32_1.0.100.202210260954/tools/bin/../lib/gcc/arm-none-eabi/10.3.1/thumb/v7e-m+fp/hard\libgcc.a(_arm_addsubdf3.o)
                0x00000000080001e8                __aeabi_drsub
                0x00000000080001f0                __aeabi_dsub
                0x00000000080001f0                __subdf3
                0x00000000080001f4                __aeabi_dadd
                0x00000000080001f4                __adddf3
                0x000000000800046c                __floatunsidf
                0x000000000800046c                __aeabi_ui2d
                0x000000000800048c                __floatsidf
                0x000000000800048c                __aeabi_i2d
                0x00000000080004b0                __aeabi_f2d
                0x00000000080004b0                __extendsfdf2
                0x00000000080004f4                __floatundidf
                0x00000000080004f4                __aeabi_ul2d
                0x0000000008000504                __floatdidf
                0x0000000008000504                __aeabi_l2d
 .text          0x0000000008000560      0x424 c:/st/stm32cubeide_1.10.1/stm32cubeide/plugins/com.st.stm32cube.ide.mcu.externaltools.gnu-tools-for-stm32.10.3-2021.10.win32_1.0.100.202210260954/tools/bin/../lib/gcc/arm-none-eabi/10.3.1/thumb/v7e-m+fp/hard\libgcc.a(_arm_muldivdf3.o)
                0x0000000008000560                __aeabi_dmul
                0x0000000008000560                __muldf3
                0x00000000080007b4                __divdf3
                0x00000000080007b4                __aeabi_ddiv
 .text          0x0000000008000984      0x110 c:/st/stm32cubeide_1.10.1/stm32cubeide/plugins/com.st.stm32cube.ide.mcu.externaltools.gnu-tools-for-stm32.10.3-2021.10.win32_1.0.100.202210260954/tools/bin/../lib/gcc/arm-none-eabi/10.3.1/thumb/v7e-m+fp/hard\libgcc.a(_arm_cmpdf2.o)
                0x0000000008000984                __gtdf2
                0x0000000008000984                __gedf2
                0x000000000800098c                __ltdf2
                0x000000000800098c                __ledf2
                0x0000000008000994                __nedf2
                0x0000000008000994                __eqdf2
                0x0000000008000994                __cmpdf2
                0x0000000008000a10                __aeabi_cdrcmple
                0x0000000008000a20                __aeabi_cdcmpeq
                0x0000000008000a20                __aeabi_cdcmple
                0x0000000008000a30                __aeabi_dcmpeq
                0x0000000008000a44                __aeabi_dcmplt
                0x0000000008000a58                __aeabi_dcmple
                0x0000000008000a6c                __aeabi_dcmpge
                0x0000000008000a80                __aeabi_dcmpgt
 .text          0x0000000008000a94       0xa0 c:/st/stm32cubeide_1.10.1/stm32cubeide/plugins/com.st.stm32cube.ide.mcu.externaltools.gnu-tools-for-stm32.10.3-2021.10.win32_1.0.100.202210260954/tools/bin/../lib/gcc/arm-none-eabi/10.3.1/thumb/v7e-m+fp/hard\libgcc.a(_aeabi_ldivmod.o)
                0x0000000008000a94                __aeabi_ldivmod
 .text          0x0000000008000b34       0x30 c:/st/stm32cubeide_1.10.1/stm32cubeide/plugins/com.st.stm32cube.ide.mcu.externaltools.gnu-tools-for-stm32.10.3-2021.10.win32_1.0.100.202210260954/tools/bin/../lib/gcc/arm-none-eabi/10.3.1/thumb/v7e-m+fp/hard\libgcc.a(_aeabi_uldivmod.o)
                0x0000000008000b34                __aeabi_uldivmod
 .text          0x0000000008000b64       0x30 c:/st/stm32cubeide_1.10.1/stm32cubeide/plugins/com.st.stm32cube.ide.mcu.externaltools.gnu-tools-for-stm32.10.3-2021.10.win32_1.0.100.202210260954/tools/bin/../lib/gcc/arm-none-eabi/10.3.1/thumb/v7e-m+fp/hard\libgcc.a(_fixdfdi.o)
                0x0000000008000b64                __fixdfdi
                0x0000000008000b64                __aeabi_d2lz
 .text          0x0000000008000b94       0x3c c:/st/stm32cubeide_1.10.1/stm32cubeide/plugins/com.st.stm32cube.ide.mcu.externaltools.gnu-tools-for-stm32.10.3-2021.10.win32_1.0.100.202210260954/tools/bin/../lib/gcc/arm-none-eabi/10.3.1/thumb/v7e-m+fp/hard\libgcc.a(_fixunsdfdi.o)
                0x0000000008000b94                __fixunsdfdi
                0x0000000008000b94                __aeabi_d2ulz
 .text          0x0000000008000bd0      0x2d0 c:/st/stm32cubeide_1.10.1/stm32cubeide/plugins/com.st.stm32cube.ide.mcu.externaltools.gnu-tools-for-stm32.10.3-2021.10.win32_1.0.100.202210260954/tools/bin/../lib/gcc/arm-none-eabi/10.3.1/thumb/v7e-m+fp/hard\libgcc.a(_udivmoddi4.o)
                0x0000000008000bd0                __udivmoddi4
 .text          0x0000000008000ea0        0x4 c:/st/stm32cubeide_1.10.1/stm32cubeide/plugins/com.st.stm32cube.ide.mcu.externaltools.gnu-tools-for-stm32.10.3-2021.10.win32_1.0.100.202210260954/tools/bin/../lib/gcc/arm-none-eabi/10.3.1/thumb/v7e-m+fp/hard\libgcc.a(_dvmd_tls.o)
                0x0000000008000ea0                __aeabi_idiv0
                0x0000000008000ea0                __aeabi_ldiv0
 .text          0x0000000008000ea4       0x40 c:/st/stm32cubeide_1.10.1/stm32cubeide/plugins/com.st.stm32cube.ide.mcu.externaltools.gnu-tools-for-stm32.10.3-2021.10.win32_1.0.100.202210260954/tools/bin/../lib/gcc/arm-none-eabi/10.3.1/thumb/v7e-m+fp/hard\libgcc.a(_arm_fixunsdfsi.o)
                0x0000000008000ea4                __aeabi_d2uiz
                0x0000000008000ea4                __fixunsdfsi
 *(.text*)
 .text.initialize_button
                0x0000000008000ee4       0xc0 ./Src/Drivers/button.o
                0x0000000008000ee4                initialize_button
 .text.button_activate
                0x0000000008000fa4       0x1a ./Src/Drivers/button.o
 *fill*         0x0000000008000fbe        0x2 
 .text.button_check_mode
                0x0000000008000fc0       0x14 ./Src/Drivers/button.o
                0x0000000008000fc0                button_check_mode
 .text.button_check_algorithm
                0x0000000008000fd4       0xf8 ./Src/Drivers/button.o
 .text.EXTI0_IRQHandler
                0x00000000080010cc        0xe ./Src/Drivers/button.o
                0x00000000080010cc                EXTI0_IRQHandler
 *fill*         0x00000000080010da        0x2 
 .text.HAL_GPIO_EXTI_Callback
                0x00000000080010dc       0x24 ./Src/Drivers/button.o
                0x00000000080010dc                HAL_GPIO_EXTI_Callback
 .text.initialize_led_indication
                0x0000000008001100      0x144 ./Src/Drivers/indication.o
                0x0000000008001100                initialize_led_indication
 .text.indication_led_turn_on
                0x0000000008001244       0x24 ./Src/Drivers/indication.o
                0x0000000008001244                indication_led_turn_on
 .text.indication_led_turn_off
                0x0000000008001268       0x24 ./Src/Drivers/indication.o
                0x0000000008001268                indication_led_turn_off
 .text.indication_led_toggle
                0x000000000800128c       0x24 ./Src/Drivers/indication.o
                0x000000000800128c                indication_led_toggle
 .text.indication_led_loading
                0x00000000080012b0       0x50 ./Src/Drivers/indication.o
                0x00000000080012b0                indication_led_loading
 .text.indication_led_button
                0x0000000008001300       0x64 ./Src/Drivers/indication.o
                0x0000000008001300                indication_led_button
 .text.indication_led_button_hold
                0x0000000008001364       0x64 ./Src/Drivers/indication.o
                0x0000000008001364                indication_led_button_hold
 .text.indication_led_button_double_click
                0x00000000080013c8       0x64 ./Src/Drivers/indication.o
                0x00000000080013c8                indication_led_button_double_click
 .text.indication_led_error
                0x000000000800142c       0x50 ./Src/Drivers/indication.o
                0x000000000800142c                indication_led_error
 .text.indication_led_loading_setup
                0x000000000800147c       0xb4 ./Src/Drivers/indication.o
 .text.indication_led_button_setup
                0x0000000008001530       0xa8 ./Src/Drivers/indication.o
 .text.indication_led_button_hold_setup
                0x00000000080015d8       0xc8 ./Src/Drivers/indication.o
 .text.indication_led_button_double_click_setup
                0x00000000080016a0       0xbc ./Src/Drivers/indication.o
 .text.indication_led_error_setup
                0x000000000800175c       0x48 ./Src/Drivers/indication.o
 .text.indication_leds_update
                0x00000000080017a4       0x3c ./Src/Drivers/indication.o
                0x00000000080017a4                indication_leds_update
 .text.mculed_init
                0x00000000080017e0       0x72 ./Src/Drivers/led.o
                0x00000000080017e0                mculed_init
 .text.led_function
                0x0000000008001852       0x40 ./Src/Drivers/led.o
                0x0000000008001852                led_function
 .text.led_update
                0x0000000008001892       0xa4 ./Src/Drivers/led.o
                0x0000000008001892                led_update
 .text.timeout_start
                0x0000000008001936       0x36 ./Src/Drivers/tim.o
                0x0000000008001936                timeout_start
 .text.timeout_stop
                0x000000000800196c       0x24 ./Src/Drivers/tim.o
                0x000000000800196c                timeout_stop
 .text.timeout_started
                0x0000000008001990       0x24 ./Src/Drivers/tim.o
                0x0000000008001990                timeout_started
 .text.timeout_check
                0x00000000080019b4       0x2a ./Src/Drivers/tim.o
                0x00000000080019b4                timeout_check
 *fill*         0x00000000080019de        0x2 
 .text.MX_TIM1_Init
                0x00000000080019e0       0xa0 ./Src/Drivers/tim.o
                0x00000000080019e0                MX_TIM1_Init
 .text.HAL_TIM_Base_MspInit
                0x0000000008001a80       0x80 ./Src/Drivers/tim.o
                0x0000000008001a80                HAL_TIM_Base_MspInit
 .text.log_init
                0x0000000008001b00       0x14 ./Src/Drivers/io/logging/log.o
                0x0000000008001b00                log_init
 .text.log_printf
                0x0000000008001b14       0x2a ./Src/Drivers/io/logging/log.o
                0x0000000008001b14                log_printf
 *fill*         0x0000000008001b3e        0x2 
 .text.lwprintf_logs_out
                0x0000000008001b40       0x34 ./Src/Drivers/io/logging/log.o
 .text.debug_uart_init
                0x0000000008001b74       0xd8 ./Src/Drivers/uart/debug_uart.o
                0x0000000008001b74                debug_uart_init
 .text.uart_all_init
                0x0000000008001c4c        0xc ./Src/Drivers/uart/uart.o
                0x0000000008001c4c                uart_all_init
 .text.uart_send_byte
                0x0000000008001c58       0x2e ./Src/Drivers/uart/uart.o
                0x0000000008001c58                uart_send_byte
 .text.HAL_UART_TxCpltCallback
                0x0000000008001c86       0x14 ./Src/Drivers/uart/uart.o
                0x0000000008001c86                HAL_UART_TxCpltCallback
 *fill*         0x0000000008001c9a        0x2 
 .text.HAL_UART_RxCpltCallback
                0x0000000008001c9c       0x24 ./Src/Drivers/uart/uart.o
                0x0000000008001c9c                HAL_UART_RxCpltCallback
 .text.HAL_UART_ErrorCallback
                0x0000000008001cc0       0x14 ./Src/Drivers/uart/uart.o
                0x0000000008001cc0                HAL_UART_ErrorCallback
 .text.main     0x0000000008001cd4       0x34 ./Src/main.o
                0x0000000008001cd4                main
 .text.initialize_mcu
                0x0000000008001d08       0x14 ./Src/main.o
                0x0000000008001d08                initialize_mcu
 .text.SystemClock_Config
                0x0000000008001d1c       0xd8 ./Src/main.o
                0x0000000008001d1c                SystemClock_Config
 .text.Error_Handler
                0x0000000008001df4        0xa ./Src/main.o
                0x0000000008001df4                Error_Handler
 *fill*         0x0000000008001dfe        0x2 
 .text.HAL_MspInit
                0x0000000008001e00       0x50 ./Src/stm32f4xx_hal_msp.o
                0x0000000008001e00                HAL_MspInit
 .text.NMI_Handler
                0x0000000008001e50        0xa ./Src/stm32f4xx_it.o
                0x0000000008001e50                NMI_Handler
 .text.HardFault_Handler
                0x0000000008001e5a        0x6 ./Src/stm32f4xx_it.o
                0x0000000008001e5a                HardFault_Handler
 .text.MemManage_Handler
                0x0000000008001e60        0x6 ./Src/stm32f4xx_it.o
                0x0000000008001e60                MemManage_Handler
 .text.BusFault_Handler
                0x0000000008001e66        0x6 ./Src/stm32f4xx_it.o
                0x0000000008001e66                BusFault_Handler
 .text.UsageFault_Handler
                0x0000000008001e6c        0x6 ./Src/stm32f4xx_it.o
                0x0000000008001e6c                UsageFault_Handler
 .text.SVC_Handler
                0x0000000008001e72        0xe ./Src/stm32f4xx_it.o
                0x0000000008001e72                SVC_Handler
 .text.DebugMon_Handler
                0x0000000008001e80        0xe ./Src/stm32f4xx_it.o
                0x0000000008001e80                DebugMon_Handler
 .text.PendSV_Handler
                0x0000000008001e8e        0xe ./Src/stm32f4xx_it.o
                0x0000000008001e8e                PendSV_Handler
 .text.USART2_IRQHandler
                0x0000000008001e9c       0x14 ./Src/stm32f4xx_it.o
                0x0000000008001e9c                USART2_IRQHandler
 .text.SysTick_Handler
                0x0000000008001eb0       0x14 ./Src/stm32f4xx_it.o
                0x0000000008001eb0                SysTick_Handler
 .text._read    0x0000000008001ec4       0x3a ./Src/syscalls.o
                0x0000000008001ec4                _read
 .text._write   0x0000000008001efe       0x38 ./Src/syscalls.o
                0x0000000008001efe                _write
 .text._close   0x0000000008001f36       0x18 ./Src/syscalls.o
                0x0000000008001f36                _close
 .text._fstat   0x0000000008001f4e       0x20 ./Src/syscalls.o
                0x0000000008001f4e                _fstat
 .text._isatty  0x0000000008001f6e       0x16 ./Src/syscalls.o
                0x0000000008001f6e                _isatty
 .text._lseek   0x0000000008001f84       0x1a ./Src/syscalls.o
                0x0000000008001f84                _lseek
 *fill*         0x0000000008001f9e        0x2 
 .text._sbrk    0x0000000008001fa0       0x6c ./Src/sysmem.o
                0x0000000008001fa0                _sbrk
 .text.SystemInit
                0x000000000800200c       0x24 ./Src/system_stm32f4xx.o
                0x000000000800200c                SystemInit
 .text.HAL_Init
                0x0000000008002030       0x44 ./Src/st/STM32F4xx_HAL_Driver/Src/stm32f4xx_hal.o
                0x0000000008002030                HAL_Init
 .text.HAL_InitTick
                0x0000000008002074       0x60 ./Src/st/STM32F4xx_HAL_Driver/Src/stm32f4xx_hal.o
                0x0000000008002074                HAL_InitTick
 .text.HAL_IncTick
                0x00000000080020d4       0x28 ./Src/st/STM32F4xx_HAL_Driver/Src/stm32f4xx_hal.o
                0x00000000080020d4                HAL_IncTick
 .text.HAL_GetTick
                0x00000000080020fc       0x18 ./Src/st/STM32F4xx_HAL_Driver/Src/stm32f4xx_hal.o
                0x00000000080020fc                HAL_GetTick
 .text.__NVIC_SetPriorityGrouping
                0x0000000008002114       0x48 ./Src/st/STM32F4xx_HAL_Driver/Src/stm32f4xx_hal_cortex.o
 .text.__NVIC_GetPriorityGrouping
                0x000000000800215c       0x1c ./Src/st/STM32F4xx_HAL_Driver/Src/stm32f4xx_hal_cortex.o
 .text.__NVIC_EnableIRQ
                0x0000000008002178       0x3c ./Src/st/STM32F4xx_HAL_Driver/Src/stm32f4xx_hal_cortex.o
 .text.__NVIC_SetPriority
                0x00000000080021b4       0x54 ./Src/st/STM32F4xx_HAL_Driver/Src/stm32f4xx_hal_cortex.o
 .text.NVIC_EncodePriority
                0x0000000008002208       0x66 ./Src/st/STM32F4xx_HAL_Driver/Src/stm32f4xx_hal_cortex.o
 *fill*         0x000000000800226e        0x2 
 .text.SysTick_Config
                0x0000000008002270       0x44 ./Src/st/STM32F4xx_HAL_Driver/Src/stm32f4xx_hal_cortex.o
 .text.HAL_NVIC_SetPriorityGrouping
                0x00000000080022b4       0x16 ./Src/st/STM32F4xx_HAL_Driver/Src/stm32f4xx_hal_cortex.o
                0x00000000080022b4                HAL_NVIC_SetPriorityGrouping
 .text.HAL_NVIC_SetPriority
                0x00000000080022ca       0x38 ./Src/st/STM32F4xx_HAL_Driver/Src/stm32f4xx_hal_cortex.o
                0x00000000080022ca                HAL_NVIC_SetPriority
 .text.HAL_NVIC_EnableIRQ
                0x0000000008002302       0x1c ./Src/st/STM32F4xx_HAL_Driver/Src/stm32f4xx_hal_cortex.o
                0x0000000008002302                HAL_NVIC_EnableIRQ
 .text.HAL_SYSTICK_Config
                0x000000000800231e       0x18 ./Src/st/STM32F4xx_HAL_Driver/Src/stm32f4xx_hal_cortex.o
                0x000000000800231e                HAL_SYSTICK_Config
 .text.HAL_DMA_Abort
                0x0000000008002336       0xe0 ./Src/st/STM32F4xx_HAL_Driver/Src/stm32f4xx_hal_dma.o
                0x0000000008002336                HAL_DMA_Abort
 .text.HAL_DMA_Abort_IT
                0x0000000008002416       0x44 ./Src/st/STM32F4xx_HAL_Driver/Src/stm32f4xx_hal_dma.o
                0x0000000008002416                HAL_DMA_Abort_IT
 *fill*         0x000000000800245a        0x2 
 .text.HAL_GPIO_Init
                0x000000000800245c      0x338 ./Src/st/STM32F4xx_HAL_Driver/Src/stm32f4xx_hal_gpio.o
                0x000000000800245c                HAL_GPIO_Init
 .text.HAL_GPIO_ReadPin
                0x0000000008002794       0x30 ./Src/st/STM32F4xx_HAL_Driver/Src/stm32f4xx_hal_gpio.o
                0x0000000008002794                HAL_GPIO_ReadPin
 .text.HAL_GPIO_WritePin
                0x00000000080027c4       0x32 ./Src/st/STM32F4xx_HAL_Driver/Src/stm32f4xx_hal_gpio.o
                0x00000000080027c4                HAL_GPIO_WritePin
 .text.HAL_GPIO_TogglePin
                0x00000000080027f6       0x34 ./Src/st/STM32F4xx_HAL_Driver/Src/stm32f4xx_hal_gpio.o
                0x00000000080027f6                HAL_GPIO_TogglePin
 *fill*         0x000000000800282a        0x2 
 .text.HAL_GPIO_EXTI_IRQHandler
                0x000000000800282c       0x30 ./Src/st/STM32F4xx_HAL_Driver/Src/stm32f4xx_hal_gpio.o
                0x000000000800282c                HAL_GPIO_EXTI_IRQHandler
 .text.HAL_RCC_OscConfig
                0x000000000800285c      0x4f0 ./Src/st/STM32F4xx_HAL_Driver/Src/stm32f4xx_hal_rcc.o
                0x000000000800285c                HAL_RCC_OscConfig
 .text.HAL_RCC_ClockConfig
                0x0000000008002d4c      0x1cc ./Src/st/STM32F4xx_HAL_Driver/Src/stm32f4xx_hal_rcc.o
                0x0000000008002d4c                HAL_RCC_ClockConfig
 .text.HAL_RCC_EnableCSS
                0x0000000008002f18       0x18 ./Src/st/STM32F4xx_HAL_Driver/Src/stm32f4xx_hal_rcc.o
                0x0000000008002f18                HAL_RCC_EnableCSS
 .text.HAL_RCC_GetSysClockFreq
                0x0000000008002f30      0x20c ./Src/st/STM32F4xx_HAL_Driver/Src/stm32f4xx_hal_rcc.o
                0x0000000008002f30                HAL_RCC_GetSysClockFreq
 .text.HAL_RCC_GetHCLKFreq
                0x000000000800313c       0x18 ./Src/st/STM32F4xx_HAL_Driver/Src/stm32f4xx_hal_rcc.o
                0x000000000800313c                HAL_RCC_GetHCLKFreq
 .text.HAL_RCC_GetPCLK1Freq
                0x0000000008003154       0x28 ./Src/st/STM32F4xx_HAL_Driver/Src/stm32f4xx_hal_rcc.o
                0x0000000008003154                HAL_RCC_GetPCLK1Freq
 .text.HAL_RCC_GetPCLK2Freq
                0x000000000800317c       0x28 ./Src/st/STM32F4xx_HAL_Driver/Src/stm32f4xx_hal_rcc.o
                0x000000000800317c                HAL_RCC_GetPCLK2Freq
 .text.HAL_RCC_NMI_IRQHandler
                0x00000000080031a4       0x28 ./Src/st/STM32F4xx_HAL_Driver/Src/stm32f4xx_hal_rcc.o
                0x00000000080031a4                HAL_RCC_NMI_IRQHandler
 .text.HAL_RCC_CSSCallback
                0x00000000080031cc        0xe ./Src/st/STM32F4xx_HAL_Driver/Src/stm32f4xx_hal_rcc.o
                0x00000000080031cc                HAL_RCC_CSSCallback
 .text.HAL_TIM_Base_Init
                0x00000000080031da       0x9e ./Src/st/STM32F4xx_HAL_Driver/Src/stm32f4xx_hal_tim.o
                0x00000000080031da                HAL_TIM_Base_Init
 .text.HAL_TIM_ConfigClockSource
                0x0000000008003278      0x18e ./Src/st/STM32F4xx_HAL_Driver/Src/stm32f4xx_hal_tim.o
                0x0000000008003278                HAL_TIM_ConfigClockSource
 *fill*         0x0000000008003406        0x2 
 .text.TIM_Base_SetConfig
                0x0000000008003408      0x140 ./Src/st/STM32F4xx_HAL_Driver/Src/stm32f4xx_hal_tim.o
                0x0000000008003408                TIM_Base_SetConfig
 .text.TIM_TI1_ConfigInputStage
                0x0000000008003548       0x5e ./Src/st/STM32F4xx_HAL_Driver/Src/stm32f4xx_hal_tim.o
 .text.TIM_TI2_ConfigInputStage
                0x00000000080035a6       0x60 ./Src/st/STM32F4xx_HAL_Driver/Src/stm32f4xx_hal_tim.o
 .text.TIM_ITRx_SetConfig
                0x0000000008003606       0x36 ./Src/st/STM32F4xx_HAL_Driver/Src/stm32f4xx_hal_tim.o
 .text.TIM_ETR_SetConfig
                0x000000000800363c       0x40 ./Src/st/STM32F4xx_HAL_Driver/Src/stm32f4xx_hal_tim.o
                0x000000000800363c                TIM_ETR_SetConfig
 .text.HAL_TIMEx_MasterConfigSynchronization
                0x000000000800367c       0xf8 ./Src/st/STM32F4xx_HAL_Driver/Src/stm32f4xx_hal_tim_ex.o
                0x000000000800367c                HAL_TIMEx_MasterConfigSynchronization
 .text.HAL_UART_Init
                0x0000000008003774       0x9a ./Src/st/STM32F4xx_HAL_Driver/Src/stm32f4xx_hal_uart.o
                0x0000000008003774                HAL_UART_Init
 .text.HAL_UART_MspInit
                0x000000000800380e       0x14 ./Src/st/STM32F4xx_HAL_Driver/Src/stm32f4xx_hal_uart.o
                0x000000000800380e                HAL_UART_MspInit
 .text.HAL_UART_Transmit
                0x0000000008003822      0x124 ./Src/st/STM32F4xx_HAL_Driver/Src/stm32f4xx_hal_uart.o
                0x0000000008003822                HAL_UART_Transmit
 *fill*         0x0000000008003946        0x2 
 .text.HAL_UART_IRQHandler
                0x0000000008003948      0x51c ./Src/st/STM32F4xx_HAL_Driver/Src/stm32f4xx_hal_uart.o
                0x0000000008003948                HAL_UART_IRQHandler
 .text.HAL_UARTEx_RxEventCallback
                0x0000000008003e64       0x18 ./Src/st/STM32F4xx_HAL_Driver/Src/stm32f4xx_hal_uart.o
                0x0000000008003e64                HAL_UARTEx_RxEventCallback
 .text.UART_WaitOnFlagUntilTimeout
                0x0000000008003e7c       0xdc ./Src/st/STM32F4xx_HAL_Driver/Src/stm32f4xx_hal_uart.o
 .text.UART_EndRxTransfer
                0x0000000008003f58       0xc6 ./Src/st/STM32F4xx_HAL_Driver/Src/stm32f4xx_hal_uart.o
 .text.UART_DMAAbortOnError
                0x000000000800401e       0x28 ./Src/st/STM32F4xx_HAL_Driver/Src/stm32f4xx_hal_uart.o
 .text.UART_Transmit_IT
                0x0000000008004046       0xa0 ./Src/st/STM32F4xx_HAL_Driver/Src/stm32f4xx_hal_uart.o
 .text.UART_EndTransmit_IT
                0x00000000080040e6       0x30 ./Src/st/STM32F4xx_HAL_Driver/Src/stm32f4xx_hal_uart.o
 .text.UART_Receive_IT
                0x0000000008004116      0x176 ./Src/st/STM32F4xx_HAL_Driver/Src/stm32f4xx_hal_uart.o
 .text.UART_SetConfig
                0x000000000800428c      0x4e8 ./Src/st/STM32F4xx_HAL_Driver/Src/stm32f4xx_hal_uart.o
 .text.Reset_Handler
                0x0000000008004774       0x50 ./Startup/startup_stm32f407vetx.o
                0x0000000008004774                Reset_Handler
 .text.Default_Handler
                0x00000000080047c4        0x2 ./Startup/startup_stm32f407vetx.o
                0x00000000080047c4                RTC_Alarm_IRQHandler
                0x00000000080047c4                HASH_RNG_IRQHandler
                0x00000000080047c4                EXTI2_IRQHandler
                0x00000000080047c4                TIM8_CC_IRQHandler
                0x00000000080047c4                TIM1_CC_IRQHandler
                0x00000000080047c4                DMA2_Stream5_IRQHandler
                0x00000000080047c4                DMA1_Stream5_IRQHandler
                0x00000000080047c4                PVD_IRQHandler
                0x00000000080047c4                SDIO_IRQHandler
                0x00000000080047c4                TAMP_STAMP_IRQHandler
                0x00000000080047c4                CAN2_RX1_IRQHandler
                0x00000000080047c4                EXTI3_IRQHandler
                0x00000000080047c4                TIM8_TRG_COM_TIM14_IRQHandler
                0x00000000080047c4                TIM1_UP_TIM10_IRQHandler
                0x00000000080047c4                TIM8_UP_TIM13_IRQHandler
                0x00000000080047c4                I2C3_ER_IRQHandler
                0x00000000080047c4                LCD_TFT_IRQHandler
                0x00000000080047c4                I2C2_EV_IRQHandler
                0x00000000080047c4                DMA1_Stream2_IRQHandler
                0x00000000080047c4                CAN1_RX0_IRQHandler
                0x00000000080047c4                FPU_IRQHandler
                0x00000000080047c4                OTG_HS_WKUP_IRQHandler
                0x00000000080047c4                CAN2_SCE_IRQHandler
                0x00000000080047c4                DMA2_Stream2_IRQHandler
                0x00000000080047c4                SPI1_IRQHandler
                0x00000000080047c4                TIM6_DAC_IRQHandler
                0x00000000080047c4                TIM1_BRK_TIM9_IRQHandler
                0x00000000080047c4                DCMI_IRQHandler
                0x00000000080047c4                CAN2_RX0_IRQHandler
                0x00000000080047c4                DMA2_Stream3_IRQHandler
                0x00000000080047c4                USART6_IRQHandler
                0x00000000080047c4                USART3_IRQHandler
                0x00000000080047c4                CRYP_IRQHandler
                0x00000000080047c4                CAN1_RX1_IRQHandler
                0x00000000080047c4                UART5_IRQHandler
                0x00000000080047c4                DMA2_Stream0_IRQHandler
                0x00000000080047c4                TIM4_IRQHandler
                0x00000000080047c4                I2C1_EV_IRQHandler
                0x00000000080047c4                DMA1_Stream6_IRQHandler
                0x00000000080047c4                DMA1_Stream1_IRQHandler
                0x00000000080047c4                UART4_IRQHandler
                0x00000000080047c4                LCD_TFT_1_IRQHandler
                0x00000000080047c4                TIM3_IRQHandler
                0x00000000080047c4                RCC_IRQHandler
                0x00000000080047c4                TIM8_BRK_TIM12_IRQHandler
                0x00000000080047c4                Default_Handler
                0x00000000080047c4                EXTI15_10_IRQHandler
                0x00000000080047c4                ADC_IRQHandler
                0x00000000080047c4                DMA1_Stream7_IRQHandler
                0x00000000080047c4                TIM7_IRQHandler
                0x00000000080047c4                CAN2_TX_IRQHandler
                0x00000000080047c4                TIM5_IRQHandler
                0x00000000080047c4                DMA2_Stream7_IRQHandler
                0x00000000080047c4                I2C3_EV_IRQHandler
                0x00000000080047c4                EXTI9_5_IRQHandler
                0x00000000080047c4                RTC_WKUP_IRQHandler
                0x00000000080047c4                ETH_WKUP_IRQHandler
                0x00000000080047c4                SPI2_IRQHandler
                0x00000000080047c4                OTG_HS_EP1_IN_IRQHandler
                0x00000000080047c4                DMA1_Stream0_IRQHandler
                0x00000000080047c4                CAN1_TX_IRQHandler
                0x00000000080047c4                EXTI4_IRQHandler
                0x00000000080047c4                FSMC_IRQHandler
                0x00000000080047c4                ETH_IRQHandler
                0x00000000080047c4                OTG_HS_EP1_OUT_IRQHandler
                0x00000000080047c4                WWDG_IRQHandler
                0x00000000080047c4                TIM2_IRQHandler
                0x00000000080047c4                OTG_FS_WKUP_IRQHandler
                0x00000000080047c4                TIM1_TRG_COM_TIM11_IRQHandler
                0x00000000080047c4                OTG_HS_IRQHandler
                0x00000000080047c4                EXTI1_IRQHandler
                0x00000000080047c4                I2C2_ER_IRQHandler
                0x00000000080047c4                DMA2_Stream1_IRQHandler
                0x00000000080047c4                CAN1_SCE_IRQHandler
                0x00000000080047c4                DMA2_Stream4_IRQHandler
                0x00000000080047c4                USART1_IRQHandler
                0x00000000080047c4                OTG_FS_IRQHandler
                0x00000000080047c4                SPI3_IRQHandler
                0x00000000080047c4                DMA1_Stream4_IRQHandler
                0x00000000080047c4                I2C1_ER_IRQHandler
                0x00000000080047c4                DMA2_Stream6_IRQHandler
                0x00000000080047c4                DMA1_Stream3_IRQHandler
 .text.prv_out_fn_print
                0x00000000080047c6       0x56 ./lib/lwprintf/lwprintf/src/lwprintf/lwprintf.o
 .text.prv_parse_num
                0x000000000800481c       0x54 ./lib/lwprintf/lwprintf/src/lwprintf/lwprintf.o
 .text.prv_out_str_before
                0x0000000008004870      0x25c ./lib/lwprintf/lwprintf/src/lwprintf/lwprintf.o
 .text.prv_out_str_after
                0x0000000008004acc       0x44 ./lib/lwprintf/lwprintf/src/lwprintf/lwprintf.o
 .text.prv_out_str_raw
                0x0000000008004b10       0x3c ./lib/lwprintf/lwprintf/src/lwprintf/lwprintf.o
 .text.prv_out_str
                0x0000000008004b4c       0x30 ./lib/lwprintf/lwprintf/src/lwprintf/lwprintf.o
 .text.prv_unsigned_int_to_str
                0x0000000008004b7c      0x114 ./lib/lwprintf/lwprintf/src/lwprintf/lwprintf.o
 .text.prv_unsigned_long_int_to_str
                0x0000000008004c90      0x114 ./lib/lwprintf/lwprintf/src/lwprintf/lwprintf.o
 .text.prv_unsigned_longlong_int_to_str
                0x0000000008004da4      0x1a2 ./lib/lwprintf/lwprintf/src/lwprintf/lwprintf.o
 .text.prv_uintptr_to_str
                0x0000000008004f46      0x114 ./lib/lwprintf/lwprintf/src/lwprintf/lwprintf.o
 .text.prv_sizet_to_str
                0x000000000800505a      0x114 ./lib/lwprintf/lwprintf/src/lwprintf/lwprintf.o
 .text.prv_umaxt_to_str
                0x000000000800516e      0x1a2 ./lib/lwprintf/lwprintf/src/lwprintf/lwprintf.o
 .text.prv_signed_int_to_str
                0x0000000008005310       0x34 ./lib/lwprintf/lwprintf/src/lwprintf/lwprintf.o
 .text.prv_signed_long_int_to_str
                0x0000000008005344       0x34 ./lib/lwprintf/lwprintf/src/lwprintf/lwprintf.o
 .text.prv_signed_longlong_int_to_str
                0x0000000008005378       0x42 ./lib/lwprintf/lwprintf/src/lwprintf/lwprintf.o
 *fill*         0x00000000080053ba        0x6 
 .text.prv_calculate_dbl_num_data
                0x00000000080053c0      0x2c0 ./lib/lwprintf/lwprintf/src/lwprintf/lwprintf.o
 .text.prv_double_to_str
                0x0000000008005680      0x6d4 ./lib/lwprintf/lwprintf/src/lwprintf/lwprintf.o
 .text.prv_format
                0x0000000008005d54      0x90c ./lib/lwprintf/lwprintf/src/lwprintf/lwprintf.o
 .text.lwprintf_init_ex
                0x0000000008006660       0x2c ./lib/lwprintf/lwprintf/src/lwprintf/lwprintf.o
                0x0000000008006660                lwprintf_init_ex
 .text.lwprintf_vprintf_ex
                0x000000000800668c       0x5c ./lib/lwprintf/lwprintf/src/lwprintf/lwprintf.o
                0x000000000800668c                lwprintf_vprintf_ex
 .text.__errno  0x00000000080066e8        0xc c:/st/stm32cubeide_1.10.1/stm32cubeide/plugins/com.st.stm32cube.ide.mcu.externaltools.gnu-tools-for-stm32.10.3-2021.10.win32_1.0.100.202210260954/tools/bin/../lib/gcc/arm-none-eabi/10.3.1/../../../../arm-none-eabi/lib/thumb/v7e-m+fp/hard\libc_nano.a(lib_a-errno.o)
                0x00000000080066e8                __errno
 .text.__libc_init_array
                0x00000000080066f4       0x48 c:/st/stm32cubeide_1.10.1/stm32cubeide/plugins/com.st.stm32cube.ide.mcu.externaltools.gnu-tools-for-stm32.10.3-2021.10.win32_1.0.100.202210260954/tools/bin/../lib/gcc/arm-none-eabi/10.3.1/../../../../arm-none-eabi/lib/thumb/v7e-m+fp/hard\libc_nano.a(lib_a-init.o)
                0x00000000080066f4                __libc_init_array
 .text.memset   0x000000000800673c       0x10 c:/st/stm32cubeide_1.10.1/stm32cubeide/plugins/com.st.stm32cube.ide.mcu.externaltools.gnu-tools-for-stm32.10.3-2021.10.win32_1.0.100.202210260954/tools/bin/../lib/gcc/arm-none-eabi/10.3.1/../../../../arm-none-eabi/lib/thumb/v7e-m+fp/hard\libc_nano.a(lib_a-memset.o)
                0x000000000800673c                memset
 .text._puts_r  0x000000000800674c       0xdc c:/st/stm32cubeide_1.10.1/stm32cubeide/plugins/com.st.stm32cube.ide.mcu.externaltools.gnu-tools-for-stm32.10.3-2021.10.win32_1.0.100.202210260954/tools/bin/../lib/gcc/arm-none-eabi/10.3.1/../../../../arm-none-eabi/lib/thumb/v7e-m+fp/hard\libc_nano.a(lib_a-puts.o)
                0x000000000800674c                _puts_r
 .text.puts     0x0000000008006828       0x10 c:/st/stm32cubeide_1.10.1/stm32cubeide/plugins/com.st.stm32cube.ide.mcu.externaltools.gnu-tools-for-stm32.10.3-2021.10.win32_1.0.100.202210260954/tools/bin/../lib/gcc/arm-none-eabi/10.3.1/../../../../arm-none-eabi/lib/thumb/v7e-m+fp/hard\libc_nano.a(lib_a-puts.o)
                0x0000000008006828                puts
 .text.strcpy   0x0000000008006838       0x10 c:/st/stm32cubeide_1.10.1/stm32cubeide/plugins/com.st.stm32cube.ide.mcu.externaltools.gnu-tools-for-stm32.10.3-2021.10.win32_1.0.100.202210260954/tools/bin/../lib/gcc/arm-none-eabi/10.3.1/../../../../arm-none-eabi/lib/thumb/v7e-m+fp/hard\libc_nano.a(lib_a-strcpy.o)
                0x0000000008006838                strcpy
 .text.strnlen  0x0000000008006848       0x18 c:/st/stm32cubeide_1.10.1/stm32cubeide/plugins/com.st.stm32cube.ide.mcu.externaltools.gnu-tools-for-stm32.10.3-2021.10.win32_1.0.100.202210260954/tools/bin/../lib/gcc/arm-none-eabi/10.3.1/../../../../arm-none-eabi/lib/thumb/v7e-m+fp/hard\libc_nano.a(lib_a-strnlen.o)
                0x0000000008006848                strnlen
 .text.__swbuf_r
                0x0000000008006860       0xa4 c:/st/stm32cubeide_1.10.1/stm32cubeide/plugins/com.st.stm32cube.ide.mcu.externaltools.gnu-tools-for-stm32.10.3-2021.10.win32_1.0.100.202210260954/tools/bin/../lib/gcc/arm-none-eabi/10.3.1/../../../../arm-none-eabi/lib/thumb/v7e-m+fp/hard\libc_nano.a(lib_a-wbuf.o)
                0x0000000008006860                __swbuf_r
 .text.__swsetup_r
                0x0000000008006904       0xdc c:/st/stm32cubeide_1.10.1/stm32cubeide/plugins/com.st.stm32cube.ide.mcu.externaltools.gnu-tools-for-stm32.10.3-2021.10.win32_1.0.100.202210260954/tools/bin/../lib/gcc/arm-none-eabi/10.3.1/../../../../arm-none-eabi/lib/thumb/v7e-m+fp/hard\libc_nano.a(lib_a-wsetup.o)
                0x0000000008006904                __swsetup_r
 .text.__sflush_r
                0x00000000080069e0      0x10c c:/st/stm32cubeide_1.10.1/stm32cubeide/plugins/com.st.stm32cube.ide.mcu.externaltools.gnu-tools-for-stm32.10.3-2021.10.win32_1.0.100.202210260954/tools/bin/../lib/gcc/arm-none-eabi/10.3.1/../../../../arm-none-eabi/lib/thumb/v7e-m+fp/hard\libc_nano.a(lib_a-fflush.o)
                0x00000000080069e0                __sflush_r
 .text._fflush_r
                0x0000000008006aec       0x78 c:/st/stm32cubeide_1.10.1/stm32cubeide/plugins/com.st.stm32cube.ide.mcu.externaltools.gnu-tools-for-stm32.10.3-2021.10.win32_1.0.100.202210260954/tools/bin/../lib/gcc/arm-none-eabi/10.3.1/../../../../arm-none-eabi/lib/thumb/v7e-m+fp/hard\libc_nano.a(lib_a-fflush.o)
                0x0000000008006aec                _fflush_r
 .text.std      0x0000000008006b64       0x48 c:/st/stm32cubeide_1.10.1/stm32cubeide/plugins/com.st.stm32cube.ide.mcu.externaltools.gnu-tools-for-stm32.10.3-2021.10.win32_1.0.100.202210260954/tools/bin/../lib/gcc/arm-none-eabi/10.3.1/../../../../arm-none-eabi/lib/thumb/v7e-m+fp/hard\libc_nano.a(lib_a-findfp.o)
 .text._cleanup_r
                0x0000000008006bac        0xc c:/st/stm32cubeide_1.10.1/stm32cubeide/plugins/com.st.stm32cube.ide.mcu.externaltools.gnu-tools-for-stm32.10.3-2021.10.win32_1.0.100.202210260954/tools/bin/../lib/gcc/arm-none-eabi/10.3.1/../../../../arm-none-eabi/lib/thumb/v7e-m+fp/hard\libc_nano.a(lib_a-findfp.o)
                0x0000000008006bac                _cleanup_r
 .text.__sfmoreglue
                0x0000000008006bb8       0x2c c:/st/stm32cubeide_1.10.1/stm32cubeide/plugins/com.st.stm32cube.ide.mcu.externaltools.gnu-tools-for-stm32.10.3-2021.10.win32_1.0.100.202210260954/tools/bin/../lib/gcc/arm-none-eabi/10.3.1/../../../../arm-none-eabi/lib/thumb/v7e-m+fp/hard\libc_nano.a(lib_a-findfp.o)
                0x0000000008006bb8                __sfmoreglue
 .text.__sfp_lock_acquire
                0x0000000008006be4        0xc c:/st/stm32cubeide_1.10.1/stm32cubeide/plugins/com.st.stm32cube.ide.mcu.externaltools.gnu-tools-for-stm32.10.3-2021.10.win32_1.0.100.202210260954/tools/bin/../lib/gcc/arm-none-eabi/10.3.1/../../../../arm-none-eabi/lib/thumb/v7e-m+fp/hard\libc_nano.a(lib_a-findfp.o)
                0x0000000008006be4                __sfp_lock_acquire
 .text.__sfp_lock_release
                0x0000000008006bf0        0xc c:/st/stm32cubeide_1.10.1/stm32cubeide/plugins/com.st.stm32cube.ide.mcu.externaltools.gnu-tools-for-stm32.10.3-2021.10.win32_1.0.100.202210260954/tools/bin/../lib/gcc/arm-none-eabi/10.3.1/../../../../arm-none-eabi/lib/thumb/v7e-m+fp/hard\libc_nano.a(lib_a-findfp.o)
                0x0000000008006bf0                __sfp_lock_release
 .text.__sinit_lock_acquire
                0x0000000008006bfc        0xc c:/st/stm32cubeide_1.10.1/stm32cubeide/plugins/com.st.stm32cube.ide.mcu.externaltools.gnu-tools-for-stm32.10.3-2021.10.win32_1.0.100.202210260954/tools/bin/../lib/gcc/arm-none-eabi/10.3.1/../../../../arm-none-eabi/lib/thumb/v7e-m+fp/hard\libc_nano.a(lib_a-findfp.o)
                0x0000000008006bfc                __sinit_lock_acquire
 .text.__sinit_lock_release
                0x0000000008006c08        0xc c:/st/stm32cubeide_1.10.1/stm32cubeide/plugins/com.st.stm32cube.ide.mcu.externaltools.gnu-tools-for-stm32.10.3-2021.10.win32_1.0.100.202210260954/tools/bin/../lib/gcc/arm-none-eabi/10.3.1/../../../../arm-none-eabi/lib/thumb/v7e-m+fp/hard\libc_nano.a(lib_a-findfp.o)
                0x0000000008006c08                __sinit_lock_release
 .text.__sinit  0x0000000008006c14       0x70 c:/st/stm32cubeide_1.10.1/stm32cubeide/plugins/com.st.stm32cube.ide.mcu.externaltools.gnu-tools-for-stm32.10.3-2021.10.win32_1.0.100.202210260954/tools/bin/../lib/gcc/arm-none-eabi/10.3.1/../../../../arm-none-eabi/lib/thumb/v7e-m+fp/hard\libc_nano.a(lib_a-findfp.o)
                0x0000000008006c14                __sinit
 .text.__sfp    0x0000000008006c84       0x8c c:/st/stm32cubeide_1.10.1/stm32cubeide/plugins/com.st.stm32cube.ide.mcu.externaltools.gnu-tools-for-stm32.10.3-2021.10.win32_1.0.100.202210260954/tools/bin/../lib/gcc/arm-none-eabi/10.3.1/../../../../arm-none-eabi/lib/thumb/v7e-m+fp/hard\libc_nano.a(lib_a-findfp.o)
                0x0000000008006c84                __sfp
 .text._fwalk_reent
                0x0000000008006d10       0x3e c:/st/stm32cubeide_1.10.1/stm32cubeide/plugins/com.st.stm32cube.ide.mcu.externaltools.gnu-tools-for-stm32.10.3-2021.10.win32_1.0.100.202210260954/tools/bin/../lib/gcc/arm-none-eabi/10.3.1/../../../../arm-none-eabi/lib/thumb/v7e-m+fp/hard\libc_nano.a(lib_a-fwalk.o)
                0x0000000008006d10                _fwalk_reent
 .text.__retarget_lock_init_recursive
                0x0000000008006d4e        0x2 c:/st/stm32cubeide_1.10.1/stm32cubeide/plugins/com.st.stm32cube.ide.mcu.externaltools.gnu-tools-for-stm32.10.3-2021.10.win32_1.0.100.202210260954/tools/bin/../lib/gcc/arm-none-eabi/10.3.1/../../../../arm-none-eabi/lib/thumb/v7e-m+fp/hard\libc_nano.a(lib_a-lock.o)
                0x0000000008006d4e                __retarget_lock_init_recursive
 .text.__retarget_lock_acquire_recursive
                0x0000000008006d50        0x2 c:/st/stm32cubeide_1.10.1/stm32cubeide/plugins/com.st.stm32cube.ide.mcu.externaltools.gnu-tools-for-stm32.10.3-2021.10.win32_1.0.100.202210260954/tools/bin/../lib/gcc/arm-none-eabi/10.3.1/../../../../arm-none-eabi/lib/thumb/v7e-m+fp/hard\libc_nano.a(lib_a-lock.o)
                0x0000000008006d50                __retarget_lock_acquire_recursive
 .text.__retarget_lock_release_recursive
                0x0000000008006d52        0x2 c:/st/stm32cubeide_1.10.1/stm32cubeide/plugins/com.st.stm32cube.ide.mcu.externaltools.gnu-tools-for-stm32.10.3-2021.10.win32_1.0.100.202210260954/tools/bin/../lib/gcc/arm-none-eabi/10.3.1/../../../../arm-none-eabi/lib/thumb/v7e-m+fp/hard\libc_nano.a(lib_a-lock.o)
                0x0000000008006d52                __retarget_lock_release_recursive
 .text.__swhatbuf_r
                0x0000000008006d54       0x4a c:/st/stm32cubeide_1.10.1/stm32cubeide/plugins/com.st.stm32cube.ide.mcu.externaltools.gnu-tools-for-stm32.10.3-2021.10.win32_1.0.100.202210260954/tools/bin/../lib/gcc/arm-none-eabi/10.3.1/../../../../arm-none-eabi/lib/thumb/v7e-m+fp/hard\libc_nano.a(lib_a-makebuf.o)
                0x0000000008006d54                __swhatbuf_r
 *fill*         0x0000000008006d9e        0x2 
 .text.__smakebuf_r
                0x0000000008006da0       0x80 c:/st/stm32cubeide_1.10.1/stm32cubeide/plugins/com.st.stm32cube.ide.mcu.externaltools.gnu-tools-for-stm32.10.3-2021.10.win32_1.0.100.202210260954/tools/bin/../lib/gcc/arm-none-eabi/10.3.1/../../../../arm-none-eabi/lib/thumb/v7e-m+fp/hard\libc_nano.a(lib_a-makebuf.o)
                0x0000000008006da0                __smakebuf_r
 .text._free_r  0x0000000008006e20       0x98 c:/st/stm32cubeide_1.10.1/stm32cubeide/plugins/com.st.stm32cube.ide.mcu.externaltools.gnu-tools-for-stm32.10.3-2021.10.win32_1.0.100.202210260954/tools/bin/../lib/gcc/arm-none-eabi/10.3.1/../../../../arm-none-eabi/lib/thumb/v7e-m+fp/hard\libc_nano.a(lib_a-nano-freer.o)
                0x0000000008006e20                _free_r
 .text.sbrk_aligned
                0x0000000008006eb8       0x40 c:/st/stm32cubeide_1.10.1/stm32cubeide/plugins/com.st.stm32cube.ide.mcu.externaltools.gnu-tools-for-stm32.10.3-2021.10.win32_1.0.100.202210260954/tools/bin/../lib/gcc/arm-none-eabi/10.3.1/../../../../arm-none-eabi/lib/thumb/v7e-m+fp/hard\libc_nano.a(lib_a-nano-mallocr.o)
 .text._malloc_r
                0x0000000008006ef8       0xe8 c:/st/stm32cubeide_1.10.1/stm32cubeide/plugins/com.st.stm32cube.ide.mcu.externaltools.gnu-tools-for-stm32.10.3-2021.10.win32_1.0.100.202210260954/tools/bin/../lib/gcc/arm-none-eabi/10.3.1/../../../../arm-none-eabi/lib/thumb/v7e-m+fp/hard\libc_nano.a(lib_a-nano-mallocr.o)
                0x0000000008006ef8                _malloc_r
 .text._sbrk_r  0x0000000008006fe0       0x20 c:/st/stm32cubeide_1.10.1/stm32cubeide/plugins/com.st.stm32cube.ide.mcu.externaltools.gnu-tools-for-stm32.10.3-2021.10.win32_1.0.100.202210260954/tools/bin/../lib/gcc/arm-none-eabi/10.3.1/../../../../arm-none-eabi/lib/thumb/v7e-m+fp/hard\libc_nano.a(lib_a-sbrkr.o)
                0x0000000008006fe0                _sbrk_r
 .text.__sread  0x0000000008007000       0x22 c:/st/stm32cubeide_1.10.1/stm32cubeide/plugins/com.st.stm32cube.ide.mcu.externaltools.gnu-tools-for-stm32.10.3-2021.10.win32_1.0.100.202210260954/tools/bin/../lib/gcc/arm-none-eabi/10.3.1/../../../../arm-none-eabi/lib/thumb/v7e-m+fp/hard\libc_nano.a(lib_a-stdio.o)
                0x0000000008007000                __sread
 .text.__swrite
                0x0000000008007022       0x38 c:/st/stm32cubeide_1.10.1/stm32cubeide/plugins/com.st.stm32cube.ide.mcu.externaltools.gnu-tools-for-stm32.10.3-2021.10.win32_1.0.100.202210260954/tools/bin/../lib/gcc/arm-none-eabi/10.3.1/../../../../arm-none-eabi/lib/thumb/v7e-m+fp/hard\libc_nano.a(lib_a-stdio.o)
                0x0000000008007022                __swrite
 .text.__sseek  0x000000000800705a       0x24 c:/st/stm32cubeide_1.10.1/stm32cubeide/plugins/com.st.stm32cube.ide.mcu.externaltools.gnu-tools-for-stm32.10.3-2021.10.win32_1.0.100.202210260954/tools/bin/../lib/gcc/arm-none-eabi/10.3.1/../../../../arm-none-eabi/lib/thumb/v7e-m+fp/hard\libc_nano.a(lib_a-stdio.o)
                0x000000000800705a                __sseek
 .text.__sclose
                0x000000000800707e        0x8 c:/st/stm32cubeide_1.10.1/stm32cubeide/plugins/com.st.stm32cube.ide.mcu.externaltools.gnu-tools-for-stm32.10.3-2021.10.win32_1.0.100.202210260954/tools/bin/../lib/gcc/arm-none-eabi/10.3.1/../../../../arm-none-eabi/lib/thumb/v7e-m+fp/hard\libc_nano.a(lib_a-stdio.o)
                0x000000000800707e                __sclose
 *fill*         0x0000000008007086        0x2 
 .text._write_r
                0x0000000008007088       0x24 c:/st/stm32cubeide_1.10.1/stm32cubeide/plugins/com.st.stm32cube.ide.mcu.externaltools.gnu-tools-for-stm32.10.3-2021.10.win32_1.0.100.202210260954/tools/bin/../lib/gcc/arm-none-eabi/10.3.1/../../../../arm-none-eabi/lib/thumb/v7e-m+fp/hard\libc_nano.a(lib_a-writer.o)
                0x0000000008007088                _write_r
 .text._close_r
                0x00000000080070ac       0x20 c:/st/stm32cubeide_1.10.1/stm32cubeide/plugins/com.st.stm32cube.ide.mcu.externaltools.gnu-tools-for-stm32.10.3-2021.10.win32_1.0.100.202210260954/tools/bin/../lib/gcc/arm-none-eabi/10.3.1/../../../../arm-none-eabi/lib/thumb/v7e-m+fp/hard\libc_nano.a(lib_a-closer.o)
                0x00000000080070ac                _close_r
 .text._fstat_r
                0x00000000080070cc       0x24 c:/st/stm32cubeide_1.10.1/stm32cubeide/plugins/com.st.stm32cube.ide.mcu.externaltools.gnu-tools-for-stm32.10.3-2021.10.win32_1.0.100.202210260954/tools/bin/../lib/gcc/arm-none-eabi/10.3.1/../../../../arm-none-eabi/lib/thumb/v7e-m+fp/hard\libc_nano.a(lib_a-fstatr.o)
                0x00000000080070cc                _fstat_r
 .text._isatty_r
                0x00000000080070f0       0x20 c:/st/stm32cubeide_1.10.1/stm32cubeide/plugins/com.st.stm32cube.ide.mcu.externaltools.gnu-tools-for-stm32.10.3-2021.10.win32_1.0.100.202210260954/tools/bin/../lib/gcc/arm-none-eabi/10.3.1/../../../../arm-none-eabi/lib/thumb/v7e-m+fp/hard\libc_nano.a(lib_a-isattyr.o)
                0x00000000080070f0                _isatty_r
 .text._lseek_r
                0x0000000008007110       0x24 c:/st/stm32cubeide_1.10.1/stm32cubeide/plugins/com.st.stm32cube.ide.mcu.externaltools.gnu-tools-for-stm32.10.3-2021.10.win32_1.0.100.202210260954/tools/bin/../lib/gcc/arm-none-eabi/10.3.1/../../../../arm-none-eabi/lib/thumb/v7e-m+fp/hard\libc_nano.a(lib_a-lseekr.o)
                0x0000000008007110                _lseek_r
 .text.__malloc_lock
                0x0000000008007134        0xc c:/st/stm32cubeide_1.10.1/stm32cubeide/plugins/com.st.stm32cube.ide.mcu.externaltools.gnu-tools-for-stm32.10.3-2021.10.win32_1.0.100.202210260954/tools/bin/../lib/gcc/arm-none-eabi/10.3.1/../../../../arm-none-eabi/lib/thumb/v7e-m+fp/hard\libc_nano.a(lib_a-mlock.o)
                0x0000000008007134                __malloc_lock
 .text.__malloc_unlock
                0x0000000008007140        0xc c:/st/stm32cubeide_1.10.1/stm32cubeide/plugins/com.st.stm32cube.ide.mcu.externaltools.gnu-tools-for-stm32.10.3-2021.10.win32_1.0.100.202210260954/tools/bin/../lib/gcc/arm-none-eabi/10.3.1/../../../../arm-none-eabi/lib/thumb/v7e-m+fp/hard\libc_nano.a(lib_a-mlock.o)
                0x0000000008007140                __malloc_unlock
 .text._read_r  0x000000000800714c       0x24 c:/st/stm32cubeide_1.10.1/stm32cubeide/plugins/com.st.stm32cube.ide.mcu.externaltools.gnu-tools-for-stm32.10.3-2021.10.win32_1.0.100.202210260954/tools/bin/../lib/gcc/arm-none-eabi/10.3.1/../../../../arm-none-eabi/lib/thumb/v7e-m+fp/hard\libc_nano.a(lib_a-readr.o)
                0x000000000800714c                _read_r
 *(.glue_7)
 .glue_7        0x0000000008007170        0x0 linker stubs
 *(.glue_7t)
 .glue_7t       0x0000000008007170        0x0 linker stubs
 *(.eh_frame)
 .eh_frame      0x0000000008007170        0x0 c:/st/stm32cubeide_1.10.1/stm32cubeide/plugins/com.st.stm32cube.ide.mcu.externaltools.gnu-tools-for-stm32.10.3-2021.10.win32_1.0.100.202210260954/tools/bin/../lib/gcc/arm-none-eabi/10.3.1/thumb/v7e-m+fp/hard/crtbegin.o
 *(.init)
 .init          0x0000000008007170        0x4 c:/st/stm32cubeide_1.10.1/stm32cubeide/plugins/com.st.stm32cube.ide.mcu.externaltools.gnu-tools-for-stm32.10.3-2021.10.win32_1.0.100.202210260954/tools/bin/../lib/gcc/arm-none-eabi/10.3.1/thumb/v7e-m+fp/hard/crti.o
                0x0000000008007170                _init
 .init          0x0000000008007174        0x8 c:/st/stm32cubeide_1.10.1/stm32cubeide/plugins/com.st.stm32cube.ide.mcu.externaltools.gnu-tools-for-stm32.10.3-2021.10.win32_1.0.100.202210260954/tools/bin/../lib/gcc/arm-none-eabi/10.3.1/thumb/v7e-m+fp/hard/crtn.o
 *(.fini)
 .fini          0x000000000800717c        0x4 c:/st/stm32cubeide_1.10.1/stm32cubeide/plugins/com.st.stm32cube.ide.mcu.externaltools.gnu-tools-for-stm32.10.3-2021.10.win32_1.0.100.202210260954/tools/bin/../lib/gcc/arm-none-eabi/10.3.1/thumb/v7e-m+fp/hard/crti.o
                0x000000000800717c                _fini
 .fini          0x0000000008007180        0x8 c:/st/stm32cubeide_1.10.1/stm32cubeide/plugins/com.st.stm32cube.ide.mcu.externaltools.gnu-tools-for-stm32.10.3-2021.10.win32_1.0.100.202210260954/tools/bin/../lib/gcc/arm-none-eabi/10.3.1/thumb/v7e-m+fp/hard/crtn.o
                0x0000000008007188                . = ALIGN (0x4)
                0x0000000008007188                _etext = .

.vfp11_veneer   0x0000000008007188        0x0
 .vfp11_veneer  0x0000000008007188        0x0 linker stubs

.v4_bx          0x0000000008007188        0x0
 .v4_bx         0x0000000008007188        0x0 linker stubs

.iplt           0x0000000008007188        0x0
 .iplt          0x0000000008007188        0x0 c:/st/stm32cubeide_1.10.1/stm32cubeide/plugins/com.st.stm32cube.ide.mcu.externaltools.gnu-tools-for-stm32.10.3-2021.10.win32_1.0.100.202210260954/tools/bin/../lib/gcc/arm-none-eabi/10.3.1/thumb/v7e-m+fp/hard/crtbegin.o

.rodata         0x0000000008007188      0x234
                0x0000000008007188                . = ALIGN (0x4)
 *(.rodata)
 .rodata        0x0000000008007188       0x31 ./Src/Drivers/indication.o
 *fill*         0x00000000080071b9        0x3 
 .rodata        0x00000000080071bc       0x7f ./Src/Drivers/uart/uart.o
 *fill*         0x000000000800723b        0x1 
 .rodata        0x000000000800723c       0x47 ./Src/main.o
 *fill*         0x0000000008007283        0x1 
 .rodata        0x0000000008007284       0x24 ./lib/lwprintf/lwprintf/src/lwprintf/lwprintf.o
 *(.rodata*)
 .rodata.AHBPrescTable
                0x00000000080072a8       0x10 ./Src/system_stm32f4xx.o
                0x00000000080072a8                AHBPrescTable
 .rodata.APBPrescTable
                0x00000000080072b8        0x8 ./Src/system_stm32f4xx.o
                0x00000000080072b8                APBPrescTable
 .rodata.powers_of_10
                0x00000000080072c0       0x98 ./lib/lwprintf/lwprintf/src/lwprintf/lwprintf.o
 .rodata._global_impure_ptr
                0x0000000008007358        0x4 c:/st/stm32cubeide_1.10.1/stm32cubeide/plugins/com.st.stm32cube.ide.mcu.externaltools.gnu-tools-for-stm32.10.3-2021.10.win32_1.0.100.202210260954/tools/bin/../lib/gcc/arm-none-eabi/10.3.1/../../../../arm-none-eabi/lib/thumb/v7e-m+fp/hard\libc_nano.a(lib_a-impure.o)
                0x0000000008007358                _global_impure_ptr
 .rodata.__sf_fake_stderr
                0x000000000800735c       0x20 c:/st/stm32cubeide_1.10.1/stm32cubeide/plugins/com.st.stm32cube.ide.mcu.externaltools.gnu-tools-for-stm32.10.3-2021.10.win32_1.0.100.202210260954/tools/bin/../lib/gcc/arm-none-eabi/10.3.1/../../../../arm-none-eabi/lib/thumb/v7e-m+fp/hard\libc_nano.a(lib_a-findfp.o)
                0x000000000800735c                __sf_fake_stderr
 .rodata.__sf_fake_stdin
                0x000000000800737c       0x20 c:/st/stm32cubeide_1.10.1/stm32cubeide/plugins/com.st.stm32cube.ide.mcu.externaltools.gnu-tools-for-stm32.10.3-2021.10.win32_1.0.100.202210260954/tools/bin/../lib/gcc/arm-none-eabi/10.3.1/../../../../arm-none-eabi/lib/thumb/v7e-m+fp/hard\libc_nano.a(lib_a-findfp.o)
                0x000000000800737c                __sf_fake_stdin
 .rodata.__sf_fake_stdout
                0x000000000800739c       0x20 c:/st/stm32cubeide_1.10.1/stm32cubeide/plugins/com.st.stm32cube.ide.mcu.externaltools.gnu-tools-for-stm32.10.3-2021.10.win32_1.0.100.202210260954/tools/bin/../lib/gcc/arm-none-eabi/10.3.1/../../../../arm-none-eabi/lib/thumb/v7e-m+fp/hard\libc_nano.a(lib_a-findfp.o)
                0x000000000800739c                __sf_fake_stdout
                0x00000000080073bc                . = ALIGN (0x4)

.ARM.extab      0x00000000080073bc        0x0
                0x00000000080073bc                . = ALIGN (0x4)
 *(.ARM.extab* .gnu.linkonce.armextab.*)
                0x00000000080073bc                . = ALIGN (0x4)

.ARM            0x00000000080073bc        0x8
                0x00000000080073bc                . = ALIGN (0x4)
                0x00000000080073bc                __exidx_start = .
 *(.ARM.exidx*)
 .ARM.exidx     0x00000000080073bc        0x8 c:/st/stm32cubeide_1.10.1/stm32cubeide/plugins/com.st.stm32cube.ide.mcu.externaltools.gnu-tools-for-stm32.10.3-2021.10.win32_1.0.100.202210260954/tools/bin/../lib/gcc/arm-none-eabi/10.3.1/thumb/v7e-m+fp/hard\libgcc.a(_udivmoddi4.o)
                0x00000000080073c4                __exidx_end = .
                0x00000000080073c4                . = ALIGN (0x4)

.rel.dyn        0x00000000080073c4        0x0
 .rel.iplt      0x00000000080073c4        0x0 c:/st/stm32cubeide_1.10.1/stm32cubeide/plugins/com.st.stm32cube.ide.mcu.externaltools.gnu-tools-for-stm32.10.3-2021.10.win32_1.0.100.202210260954/tools/bin/../lib/gcc/arm-none-eabi/10.3.1/thumb/v7e-m+fp/hard/crtbegin.o

.preinit_array  0x00000000080073c4        0x0
                0x00000000080073c4                . = ALIGN (0x4)
                0x00000000080073c4                PROVIDE (__preinit_array_start = .)
 *(.preinit_array*)
                0x00000000080073c4                PROVIDE (__preinit_array_end = .)
                0x00000000080073c4                . = ALIGN (0x4)

.init_array     0x00000000080073c4        0x4
                0x00000000080073c4                . = ALIGN (0x4)
                0x00000000080073c4                PROVIDE (__init_array_start = .)
 *(SORT_BY_NAME(.init_array.*))
 *(.init_array*)
 .init_array    0x00000000080073c4        0x4 c:/st/stm32cubeide_1.10.1/stm32cubeide/plugins/com.st.stm32cube.ide.mcu.externaltools.gnu-tools-for-stm32.10.3-2021.10.win32_1.0.100.202210260954/tools/bin/../lib/gcc/arm-none-eabi/10.3.1/thumb/v7e-m+fp/hard/crtbegin.o
                0x00000000080073c8                PROVIDE (__init_array_end = .)
                0x00000000080073c8                . = ALIGN (0x4)

.fini_array     0x00000000080073c8        0x4
                0x00000000080073c8                . = ALIGN (0x4)
                [!provide]                        PROVIDE (__fini_array_start = .)
 *(SORT_BY_NAME(.fini_array.*))
 *(.fini_array*)
 .fini_array    0x00000000080073c8        0x4 c:/st/stm32cubeide_1.10.1/stm32cubeide/plugins/com.st.stm32cube.ide.mcu.externaltools.gnu-tools-for-stm32.10.3-2021.10.win32_1.0.100.202210260954/tools/bin/../lib/gcc/arm-none-eabi/10.3.1/thumb/v7e-m+fp/hard/crtbegin.o
                [!provide]                        PROVIDE (__fini_array_end = .)
                0x00000000080073cc                . = ALIGN (0x4)
                0x00000000080073cc                _sidata = LOADADDR (.data)

.data           0x0000000020000000       0x70 load address 0x00000000080073cc
                0x0000000020000000                . = ALIGN (0x4)
                0x0000000020000000                _sdata = .
 *(.data)
 *(.data*)
 .data.SystemCoreClock
                0x0000000020000000        0x4 ./Src/system_stm32f4xx.o
                0x0000000020000000                SystemCoreClock
 .data.uwTickPrio
                0x0000000020000004        0x4 ./Src/st/STM32F4xx_HAL_Driver/Src/stm32f4xx_hal.o
                0x0000000020000004                uwTickPrio
 .data.uwTickFreq
                0x0000000020000008        0x1 ./Src/st/STM32F4xx_HAL_Driver/Src/stm32f4xx_hal.o
                0x0000000020000008                uwTickFreq
 *fill*         0x0000000020000009        0x3 
 .data._impure_ptr
                0x000000002000000c        0x4 c:/st/stm32cubeide_1.10.1/stm32cubeide/plugins/com.st.stm32cube.ide.mcu.externaltools.gnu-tools-for-stm32.10.3-2021.10.win32_1.0.100.202210260954/tools/bin/../lib/gcc/arm-none-eabi/10.3.1/../../../../arm-none-eabi/lib/thumb/v7e-m+fp/hard\libc_nano.a(lib_a-impure.o)
                0x000000002000000c                _impure_ptr
 .data.impure_data
                0x0000000020000010       0x60 c:/st/stm32cubeide_1.10.1/stm32cubeide/plugins/com.st.stm32cube.ide.mcu.externaltools.gnu-tools-for-stm32.10.3-2021.10.win32_1.0.100.202210260954/tools/bin/../lib/gcc/arm-none-eabi/10.3.1/../../../../arm-none-eabi/lib/thumb/v7e-m+fp/hard\libc_nano.a(lib_a-impure.o)
 *(.RamFunc)
 *(.RamFunc*)
                0x0000000020000070                . = ALIGN (0x4)
                0x0000000020000070                _edata = .
                0x000000000800743c                _siccmram = LOADADDR (.ccmram)

.igot.plt       0x0000000020000070        0x0 load address 0x000000000800743c
 .igot.plt      0x0000000020000070        0x0 c:/st/stm32cubeide_1.10.1/stm32cubeide/plugins/com.st.stm32cube.ide.mcu.externaltools.gnu-tools-for-stm32.10.3-2021.10.win32_1.0.100.202210260954/tools/bin/../lib/gcc/arm-none-eabi/10.3.1/thumb/v7e-m+fp/hard/crtbegin.o

.ccmram         0x0000000010000000        0x0 load address 0x000000000800743c
                0x0000000010000000                . = ALIGN (0x4)
                0x0000000010000000                _sccmram = .
 *(.ccmram)
 *(.ccmram*)
                0x0000000010000000                . = ALIGN (0x4)
                0x0000000010000000                _eccmram = .
                0x0000000010000000                . = ALIGN (0x4)

.bss            0x0000000020000070      0x178
                0x0000000020000070                _sbss = .
                0x0000000020000070                __bss_start__ = _sbss
 *(.bss)
 .bss           0x0000000020000070       0x1c c:/st/stm32cubeide_1.10.1/stm32cubeide/plugins/com.st.stm32cube.ide.mcu.externaltools.gnu-tools-for-stm32.10.3-2021.10.win32_1.0.100.202210260954/tools/bin/../lib/gcc/arm-none-eabi/10.3.1/thumb/v7e-m+fp/hard/crtbegin.o
 *(.bss*)
 .bss.user_button
                0x000000002000008c       0x10 ./Src/Drivers/button.o
                0x000000002000008c                user_button
 .bss.mculed    0x000000002000009c       0xa0 ./Src/Drivers/indication.o
                0x000000002000009c                mculed
 .bss.htim1     0x000000002000013c       0x48 ./Src/Drivers/tim.o
                0x000000002000013c                htim1
 .bss.huart2    0x0000000020000184       0x44 ./Src/Drivers/uart/debug_uart.o
                0x0000000020000184                huart2
 .bss.debug_uart
                0x00000000200001c8        0x4 ./Src/Drivers/uart/uart.o
                0x00000000200001c8                debug_uart
 .bss.__sbrk_heap_end
                0x00000000200001cc        0x4 ./Src/sysmem.o
 .bss.uwTick    0x00000000200001d0        0x4 ./Src/st/STM32F4xx_HAL_Driver/Src/stm32f4xx_hal.o
                0x00000000200001d0                uwTick
 .bss.lwprintf_default
                0x00000000200001d4        0x4 ./lib/lwprintf/lwprintf/src/lwprintf/lwprintf.o
 .bss.__lock___malloc_recursive_mutex
                0x00000000200001d8        0x1 c:/st/stm32cubeide_1.10.1/stm32cubeide/plugins/com.st.stm32cube.ide.mcu.externaltools.gnu-tools-for-stm32.10.3-2021.10.win32_1.0.100.202210260954/tools/bin/../lib/gcc/arm-none-eabi/10.3.1/../../../../arm-none-eabi/lib/thumb/v7e-m+fp/hard\libc_nano.a(lib_a-lock.o)
                0x00000000200001d8                __lock___malloc_recursive_mutex
 .bss.__lock___sfp_recursive_mutex
                0x00000000200001d9        0x1 c:/st/stm32cubeide_1.10.1/stm32cubeide/plugins/com.st.stm32cube.ide.mcu.externaltools.gnu-tools-for-stm32.10.3-2021.10.win32_1.0.100.202210260954/tools/bin/../lib/gcc/arm-none-eabi/10.3.1/../../../../arm-none-eabi/lib/thumb/v7e-m+fp/hard\libc_nano.a(lib_a-lock.o)
                0x00000000200001d9                __lock___sfp_recursive_mutex
 .bss.__lock___sinit_recursive_mutex
                0x00000000200001da        0x1 c:/st/stm32cubeide_1.10.1/stm32cubeide/plugins/com.st.stm32cube.ide.mcu.externaltools.gnu-tools-for-stm32.10.3-2021.10.win32_1.0.100.202210260954/tools/bin/../lib/gcc/arm-none-eabi/10.3.1/../../../../arm-none-eabi/lib/thumb/v7e-m+fp/hard\libc_nano.a(lib_a-lock.o)
                0x00000000200001da                __lock___sinit_recursive_mutex
 *fill*         0x00000000200001db        0x1 
 .bss.__malloc_free_list
                0x00000000200001dc        0x4 c:/st/stm32cubeide_1.10.1/stm32cubeide/plugins/com.st.stm32cube.ide.mcu.externaltools.gnu-tools-for-stm32.10.3-2021.10.win32_1.0.100.202210260954/tools/bin/../lib/gcc/arm-none-eabi/10.3.1/../../../../arm-none-eabi/lib/thumb/v7e-m+fp/hard\libc_nano.a(lib_a-nano-mallocr.o)
                0x00000000200001dc                __malloc_free_list
 .bss.__malloc_sbrk_start
                0x00000000200001e0        0x4 c:/st/stm32cubeide_1.10.1/stm32cubeide/plugins/com.st.stm32cube.ide.mcu.externaltools.gnu-tools-for-stm32.10.3-2021.10.win32_1.0.100.202210260954/tools/bin/../lib/gcc/arm-none-eabi/10.3.1/../../../../arm-none-eabi/lib/thumb/v7e-m+fp/hard\libc_nano.a(lib_a-nano-mallocr.o)
                0x00000000200001e0                __malloc_sbrk_start
 .bss.errno     0x00000000200001e4        0x4 c:/st/stm32cubeide_1.10.1/stm32cubeide/plugins/com.st.stm32cube.ide.mcu.externaltools.gnu-tools-for-stm32.10.3-2021.10.win32_1.0.100.202210260954/tools/bin/../lib/gcc/arm-none-eabi/10.3.1/../../../../arm-none-eabi/lib/thumb/v7e-m+fp/hard\libc_nano.a(lib_a-reent.o)
                0x00000000200001e4                errno
 *(COMMON)
                0x00000000200001e8                . = ALIGN (0x4)
                0x00000000200001e8                _ebss = .
                0x00000000200001e8                __bss_end__ = _ebss

._user_heap_stack
                0x00000000200001e8      0x600
                0x00000000200001e8                . = ALIGN (0x8)
                [!provide]                        PROVIDE (end = .)
                0x00000000200001e8                PROVIDE (_end = .)
                0x00000000200003e8                . = (. + _Min_Heap_Size)
 *fill*         0x00000000200001e8      0x200 
                0x00000000200007e8                . = (. + _Min_Stack_Size)
 *fill*         0x00000000200003e8      0x400 
                0x00000000200007e8                . = ALIGN (0x8)

/DISCARD/
 libc.a(*)
 libm.a(*)
 libgcc.a(*)

.ARM.attributes
                0x0000000000000000       0x30
 *(.ARM.attributes)
 .ARM.attributes
                0x0000000000000000       0x1e c:/st/stm32cubeide_1.10.1/stm32cubeide/plugins/com.st.stm32cube.ide.mcu.externaltools.gnu-tools-for-stm32.10.3-2021.10.win32_1.0.100.202210260954/tools/bin/../lib/gcc/arm-none-eabi/10.3.1/thumb/v7e-m+fp/hard/crti.o
 .ARM.attributes
                0x000000000000001e       0x34 c:/st/stm32cubeide_1.10.1/stm32cubeide/plugins/com.st.stm32cube.ide.mcu.externaltools.gnu-tools-for-stm32.10.3-2021.10.win32_1.0.100.202210260954/tools/bin/../lib/gcc/arm-none-eabi/10.3.1/thumb/v7e-m+fp/hard/crtbegin.o
 .ARM.attributes
                0x0000000000000052       0x34 ./Src/Drivers/button.o
 .ARM.attributes
                0x0000000000000086       0x34 ./Src/Drivers/indication.o
 .ARM.attributes
                0x00000000000000ba       0x34 ./Src/Drivers/led.o
 .ARM.attributes
                0x00000000000000ee       0x34 ./Src/Drivers/tim.o
 .ARM.attributes
                0x0000000000000122       0x34 ./Src/Drivers/io/logging/log.o
 .ARM.attributes
                0x0000000000000156       0x34 ./Src/Drivers/uart/debug_uart.o
 .ARM.attributes
                0x000000000000018a       0x34 ./Src/Drivers/uart/uart.o
 .ARM.attributes
                0x00000000000001be       0x34 ./Src/main.o
 .ARM.attributes
                0x00000000000001f2       0x34 ./Src/stm32f4xx_hal_msp.o
 .ARM.attributes
                0x0000000000000226       0x34 ./Src/stm32f4xx_it.o
 .ARM.attributes
                0x000000000000025a       0x34 ./Src/syscalls.o
 .ARM.attributes
                0x000000000000028e       0x34 ./Src/sysmem.o
 .ARM.attributes
                0x00000000000002c2       0x34 ./Src/system_stm32f4xx.o
 .ARM.attributes
                0x00000000000002f6       0x34 ./Src/st/STM32F4xx_HAL_Driver/Src/stm32f4xx_hal.o
 .ARM.attributes
                0x000000000000032a       0x34 ./Src/st/STM32F4xx_HAL_Driver/Src/stm32f4xx_hal_cortex.o
 .ARM.attributes
                0x000000000000035e       0x34 ./Src/st/STM32F4xx_HAL_Driver/Src/stm32f4xx_hal_dma.o
 .ARM.attributes
                0x0000000000000392       0x34 ./Src/st/STM32F4xx_HAL_Driver/Src/stm32f4xx_hal_gpio.o
 .ARM.attributes
                0x00000000000003c6       0x34 ./Src/st/STM32F4xx_HAL_Driver/Src/stm32f4xx_hal_rcc.o
 .ARM.attributes
                0x00000000000003fa       0x34 ./Src/st/STM32F4xx_HAL_Driver/Src/stm32f4xx_hal_tim.o
 .ARM.attributes
                0x000000000000042e       0x34 ./Src/st/STM32F4xx_HAL_Driver/Src/stm32f4xx_hal_tim_ex.o
 .ARM.attributes
                0x0000000000000462       0x34 ./Src/st/STM32F4xx_HAL_Driver/Src/stm32f4xx_hal_uart.o
 .ARM.attributes
                0x0000000000000496       0x21 ./Startup/startup_stm32f407vetx.o
 .ARM.attributes
                0x00000000000004b7       0x34 ./lib/lwprintf/lwprintf/src/lwprintf/lwprintf.o
 .ARM.attributes
                0x00000000000004eb       0x34 c:/st/stm32cubeide_1.10.1/stm32cubeide/plugins/com.st.stm32cube.ide.mcu.externaltools.gnu-tools-for-stm32.10.3-2021.10.win32_1.0.100.202210260954/tools/bin/../lib/gcc/arm-none-eabi/10.3.1/../../../../arm-none-eabi/lib/thumb/v7e-m+fp/hard\libc_nano.a(lib_a-errno.o)
 .ARM.attributes
                0x000000000000051f       0x34 c:/st/stm32cubeide_1.10.1/stm32cubeide/plugins/com.st.stm32cube.ide.mcu.externaltools.gnu-tools-for-stm32.10.3-2021.10.win32_1.0.100.202210260954/tools/bin/../lib/gcc/arm-none-eabi/10.3.1/../../../../arm-none-eabi/lib/thumb/v7e-m+fp/hard\libc_nano.a(lib_a-impure.o)
 .ARM.attributes
                0x0000000000000553       0x34 c:/st/stm32cubeide_1.10.1/stm32cubeide/plugins/com.st.stm32cube.ide.mcu.externaltools.gnu-tools-for-stm32.10.3-2021.10.win32_1.0.100.202210260954/tools/bin/../lib/gcc/arm-none-eabi/10.3.1/../../../../arm-none-eabi/lib/thumb/v7e-m+fp/hard\libc_nano.a(lib_a-init.o)
 .ARM.attributes
                0x0000000000000587       0x34 c:/st/stm32cubeide_1.10.1/stm32cubeide/plugins/com.st.stm32cube.ide.mcu.externaltools.gnu-tools-for-stm32.10.3-2021.10.win32_1.0.100.202210260954/tools/bin/../lib/gcc/arm-none-eabi/10.3.1/../../../../arm-none-eabi/lib/thumb/v7e-m+fp/hard\libc_nano.a(lib_a-memset.o)
 .ARM.attributes
                0x00000000000005bb       0x34 c:/st/stm32cubeide_1.10.1/stm32cubeide/plugins/com.st.stm32cube.ide.mcu.externaltools.gnu-tools-for-stm32.10.3-2021.10.win32_1.0.100.202210260954/tools/bin/../lib/gcc/arm-none-eabi/10.3.1/../../../../arm-none-eabi/lib/thumb/v7e-m+fp/hard\libc_nano.a(lib_a-puts.o)
 .ARM.attributes
                0x00000000000005ef       0x34 c:/st/stm32cubeide_1.10.1/stm32cubeide/plugins/com.st.stm32cube.ide.mcu.externaltools.gnu-tools-for-stm32.10.3-2021.10.win32_1.0.100.202210260954/tools/bin/../lib/gcc/arm-none-eabi/10.3.1/../../../../arm-none-eabi/lib/thumb/v7e-m+fp/hard\libc_nano.a(lib_a-strcpy.o)
 .ARM.attributes
                0x0000000000000623       0x34 c:/st/stm32cubeide_1.10.1/stm32cubeide/plugins/com.st.stm32cube.ide.mcu.externaltools.gnu-tools-for-stm32.10.3-2021.10.win32_1.0.100.202210260954/tools/bin/../lib/gcc/arm-none-eabi/10.3.1/../../../../arm-none-eabi/lib/thumb/v7e-m+fp/hard\libc_nano.a(lib_a-strnlen.o)
 .ARM.attributes
                0x0000000000000657       0x34 c:/st/stm32cubeide_1.10.1/stm32cubeide/plugins/com.st.stm32cube.ide.mcu.externaltools.gnu-tools-for-stm32.10.3-2021.10.win32_1.0.100.202210260954/tools/bin/../lib/gcc/arm-none-eabi/10.3.1/../../../../arm-none-eabi/lib/thumb/v7e-m+fp/hard\libc_nano.a(lib_a-wbuf.o)
 .ARM.attributes
                0x000000000000068b       0x34 c:/st/stm32cubeide_1.10.1/stm32cubeide/plugins/com.st.stm32cube.ide.mcu.externaltools.gnu-tools-for-stm32.10.3-2021.10.win32_1.0.100.202210260954/tools/bin/../lib/gcc/arm-none-eabi/10.3.1/../../../../arm-none-eabi/lib/thumb/v7e-m+fp/hard\libc_nano.a(lib_a-wsetup.o)
 .ARM.attributes
                0x00000000000006bf       0x34 c:/st/stm32cubeide_1.10.1/stm32cubeide/plugins/com.st.stm32cube.ide.mcu.externaltools.gnu-tools-for-stm32.10.3-2021.10.win32_1.0.100.202210260954/tools/bin/../lib/gcc/arm-none-eabi/10.3.1/../../../../arm-none-eabi/lib/thumb/v7e-m+fp/hard\libc_nano.a(lib_a-fflush.o)
 .ARM.attributes
                0x00000000000006f3       0x34 c:/st/stm32cubeide_1.10.1/stm32cubeide/plugins/com.st.stm32cube.ide.mcu.externaltools.gnu-tools-for-stm32.10.3-2021.10.win32_1.0.100.202210260954/tools/bin/../lib/gcc/arm-none-eabi/10.3.1/../../../../arm-none-eabi/lib/thumb/v7e-m+fp/hard\libc_nano.a(lib_a-findfp.o)
 .ARM.attributes
                0x0000000000000727       0x34 c:/st/stm32cubeide_1.10.1/stm32cubeide/plugins/com.st.stm32cube.ide.mcu.externaltools.gnu-tools-for-stm32.10.3-2021.10.win32_1.0.100.202210260954/tools/bin/../lib/gcc/arm-none-eabi/10.3.1/../../../../arm-none-eabi/lib/thumb/v7e-m+fp/hard\libc_nano.a(lib_a-fwalk.o)
 .ARM.attributes
                0x000000000000075b       0x34 c:/st/stm32cubeide_1.10.1/stm32cubeide/plugins/com.st.stm32cube.ide.mcu.externaltools.gnu-tools-for-stm32.10.3-2021.10.win32_1.0.100.202210260954/tools/bin/../lib/gcc/arm-none-eabi/10.3.1/../../../../arm-none-eabi/lib/thumb/v7e-m+fp/hard\libc_nano.a(lib_a-lock.o)
 .ARM.attributes
                0x000000000000078f       0x34 c:/st/stm32cubeide_1.10.1/stm32cubeide/plugins/com.st.stm32cube.ide.mcu.externaltools.gnu-tools-for-stm32.10.3-2021.10.win32_1.0.100.202210260954/tools/bin/../lib/gcc/arm-none-eabi/10.3.1/../../../../arm-none-eabi/lib/thumb/v7e-m+fp/hard\libc_nano.a(lib_a-makebuf.o)
 .ARM.attributes
                0x00000000000007c3       0x34 c:/st/stm32cubeide_1.10.1/stm32cubeide/plugins/com.st.stm32cube.ide.mcu.externaltools.gnu-tools-for-stm32.10.3-2021.10.win32_1.0.100.202210260954/tools/bin/../lib/gcc/arm-none-eabi/10.3.1/../../../../arm-none-eabi/lib/thumb/v7e-m+fp/hard\libc_nano.a(lib_a-nano-freer.o)
 .ARM.attributes
                0x00000000000007f7       0x34 c:/st/stm32cubeide_1.10.1/stm32cubeide/plugins/com.st.stm32cube.ide.mcu.externaltools.gnu-tools-for-stm32.10.3-2021.10.win32_1.0.100.202210260954/tools/bin/../lib/gcc/arm-none-eabi/10.3.1/../../../../arm-none-eabi/lib/thumb/v7e-m+fp/hard\libc_nano.a(lib_a-nano-mallocr.o)
 .ARM.attributes
                0x000000000000082b       0x34 c:/st/stm32cubeide_1.10.1/stm32cubeide/plugins/com.st.stm32cube.ide.mcu.externaltools.gnu-tools-for-stm32.10.3-2021.10.win32_1.0.100.202210260954/tools/bin/../lib/gcc/arm-none-eabi/10.3.1/../../../../arm-none-eabi/lib/thumb/v7e-m+fp/hard\libc_nano.a(lib_a-sbrkr.o)
 .ARM.attributes
                0x000000000000085f       0x34 c:/st/stm32cubeide_1.10.1/stm32cubeide/plugins/com.st.stm32cube.ide.mcu.externaltools.gnu-tools-for-stm32.10.3-2021.10.win32_1.0.100.202210260954/tools/bin/../lib/gcc/arm-none-eabi/10.3.1/../../../../arm-none-eabi/lib/thumb/v7e-m+fp/hard\libc_nano.a(lib_a-stdio.o)
 .ARM.attributes
                0x0000000000000893       0x34 c:/st/stm32cubeide_1.10.1/stm32cubeide/plugins/com.st.stm32cube.ide.mcu.externaltools.gnu-tools-for-stm32.10.3-2021.10.win32_1.0.100.202210260954/tools/bin/../lib/gcc/arm-none-eabi/10.3.1/../../../../arm-none-eabi/lib/thumb/v7e-m+fp/hard\libc_nano.a(lib_a-writer.o)
 .ARM.attributes
                0x00000000000008c7       0x34 c:/st/stm32cubeide_1.10.1/stm32cubeide/plugins/com.st.stm32cube.ide.mcu.externaltools.gnu-tools-for-stm32.10.3-2021.10.win32_1.0.100.202210260954/tools/bin/../lib/gcc/arm-none-eabi/10.3.1/../../../../arm-none-eabi/lib/thumb/v7e-m+fp/hard\libc_nano.a(lib_a-closer.o)
 .ARM.attributes
                0x00000000000008fb       0x34 c:/st/stm32cubeide_1.10.1/stm32cubeide/plugins/com.st.stm32cube.ide.mcu.externaltools.gnu-tools-for-stm32.10.3-2021.10.win32_1.0.100.202210260954/tools/bin/../lib/gcc/arm-none-eabi/10.3.1/../../../../arm-none-eabi/lib/thumb/v7e-m+fp/hard\libc_nano.a(lib_a-fstatr.o)
 .ARM.attributes
                0x000000000000092f       0x34 c:/st/stm32cubeide_1.10.1/stm32cubeide/plugins/com.st.stm32cube.ide.mcu.externaltools.gnu-tools-for-stm32.10.3-2021.10.win32_1.0.100.202210260954/tools/bin/../lib/gcc/arm-none-eabi/10.3.1/../../../../arm-none-eabi/lib/thumb/v7e-m+fp/hard\libc_nano.a(lib_a-isattyr.o)
 .ARM.attributes
                0x0000000000000963       0x34 c:/st/stm32cubeide_1.10.1/stm32cubeide/plugins/com.st.stm32cube.ide.mcu.externaltools.gnu-tools-for-stm32.10.3-2021.10.win32_1.0.100.202210260954/tools/bin/../lib/gcc/arm-none-eabi/10.3.1/../../../../arm-none-eabi/lib/thumb/v7e-m+fp/hard\libc_nano.a(lib_a-lseekr.o)
 .ARM.attributes
                0x0000000000000997       0x34 c:/st/stm32cubeide_1.10.1/stm32cubeide/plugins/com.st.stm32cube.ide.mcu.externaltools.gnu-tools-for-stm32.10.3-2021.10.win32_1.0.100.202210260954/tools/bin/../lib/gcc/arm-none-eabi/10.3.1/../../../../arm-none-eabi/lib/thumb/v7e-m+fp/hard\libc_nano.a(lib_a-mlock.o)
 .ARM.attributes
                0x00000000000009cb       0x34 c:/st/stm32cubeide_1.10.1/stm32cubeide/plugins/com.st.stm32cube.ide.mcu.externaltools.gnu-tools-for-stm32.10.3-2021.10.win32_1.0.100.202210260954/tools/bin/../lib/gcc/arm-none-eabi/10.3.1/../../../../arm-none-eabi/lib/thumb/v7e-m+fp/hard\libc_nano.a(lib_a-readr.o)
 .ARM.attributes
                0x00000000000009ff       0x34 c:/st/stm32cubeide_1.10.1/stm32cubeide/plugins/com.st.stm32cube.ide.mcu.externaltools.gnu-tools-for-stm32.10.3-2021.10.win32_1.0.100.202210260954/tools/bin/../lib/gcc/arm-none-eabi/10.3.1/../../../../arm-none-eabi/lib/thumb/v7e-m+fp/hard\libc_nano.a(lib_a-reent.o)
 .ARM.attributes
                0x0000000000000a33       0x1e c:/st/stm32cubeide_1.10.1/stm32cubeide/plugins/com.st.stm32cube.ide.mcu.externaltools.gnu-tools-for-stm32.10.3-2021.10.win32_1.0.100.202210260954/tools/bin/../lib/gcc/arm-none-eabi/10.3.1/thumb/v7e-m+fp/hard\libgcc.a(_arm_addsubdf3.o)
 .ARM.attributes
                0x0000000000000a51       0x1e c:/st/stm32cubeide_1.10.1/stm32cubeide/plugins/com.st.stm32cube.ide.mcu.externaltools.gnu-tools-for-stm32.10.3-2021.10.win32_1.0.100.202210260954/tools/bin/../lib/gcc/arm-none-eabi/10.3.1/thumb/v7e-m+fp/hard\libgcc.a(_arm_muldivdf3.o)
 .ARM.attributes
                0x0000000000000a6f       0x1e c:/st/stm32cubeide_1.10.1/stm32cubeide/plugins/com.st.stm32cube.ide.mcu.externaltools.gnu-tools-for-stm32.10.3-2021.10.win32_1.0.100.202210260954/tools/bin/../lib/gcc/arm-none-eabi/10.3.1/thumb/v7e-m+fp/hard\libgcc.a(_arm_cmpdf2.o)
 .ARM.attributes
                0x0000000000000a8d       0x1e c:/st/stm32cubeide_1.10.1/stm32cubeide/plugins/com.st.stm32cube.ide.mcu.externaltools.gnu-tools-for-stm32.10.3-2021.10.win32_1.0.100.202210260954/tools/bin/../lib/gcc/arm-none-eabi/10.3.1/thumb/v7e-m+fp/hard\libgcc.a(_aeabi_ldivmod.o)
 .ARM.attributes
                0x0000000000000aab       0x1e c:/st/stm32cubeide_1.10.1/stm32cubeide/plugins/com.st.stm32cube.ide.mcu.externaltools.gnu-tools-for-stm32.10.3-2021.10.win32_1.0.100.202210260954/tools/bin/../lib/gcc/arm-none-eabi/10.3.1/thumb/v7e-m+fp/hard\libgcc.a(_aeabi_uldivmod.o)
 .ARM.attributes
                0x0000000000000ac9       0x34 c:/st/stm32cubeide_1.10.1/stm32cubeide/plugins/com.st.stm32cube.ide.mcu.externaltools.gnu-tools-for-stm32.10.3-2021.10.win32_1.0.100.202210260954/tools/bin/../lib/gcc/arm-none-eabi/10.3.1/thumb/v7e-m+fp/hard\libgcc.a(_fixdfdi.o)
 .ARM.attributes
                0x0000000000000afd       0x34 c:/st/stm32cubeide_1.10.1/stm32cubeide/plugins/com.st.stm32cube.ide.mcu.externaltools.gnu-tools-for-stm32.10.3-2021.10.win32_1.0.100.202210260954/tools/bin/../lib/gcc/arm-none-eabi/10.3.1/thumb/v7e-m+fp/hard\libgcc.a(_fixunsdfdi.o)
 .ARM.attributes
                0x0000000000000b31       0x34 c:/st/stm32cubeide_1.10.1/stm32cubeide/plugins/com.st.stm32cube.ide.mcu.externaltools.gnu-tools-for-stm32.10.3-2021.10.win32_1.0.100.202210260954/tools/bin/../lib/gcc/arm-none-eabi/10.3.1/thumb/v7e-m+fp/hard\libgcc.a(_udivmoddi4.o)
 .ARM.attributes
                0x0000000000000b65       0x1e c:/st/stm32cubeide_1.10.1/stm32cubeide/plugins/com.st.stm32cube.ide.mcu.externaltools.gnu-tools-for-stm32.10.3-2021.10.win32_1.0.100.202210260954/tools/bin/../lib/gcc/arm-none-eabi/10.3.1/thumb/v7e-m+fp/hard\libgcc.a(_dvmd_tls.o)
 .ARM.attributes
                0x0000000000000b83       0x1e c:/st/stm32cubeide_1.10.1/stm32cubeide/plugins/com.st.stm32cube.ide.mcu.externaltools.gnu-tools-for-stm32.10.3-2021.10.win32_1.0.100.202210260954/tools/bin/../lib/gcc/arm-none-eabi/10.3.1/thumb/v7e-m+fp/hard\libgcc.a(_arm_fixunsdfsi.o)
 .ARM.attributes
                0x0000000000000ba1       0x1e c:/st/stm32cubeide_1.10.1/stm32cubeide/plugins/com.st.stm32cube.ide.mcu.externaltools.gnu-tools-for-stm32.10.3-2021.10.win32_1.0.100.202210260954/tools/bin/../lib/gcc/arm-none-eabi/10.3.1/thumb/v7e-m+fp/hard/crtn.o
OUTPUT(log_lwprintf_stm32.elf elf32-littlearm)
LOAD linker stubs
LOAD c:/st/stm32cubeide_1.10.1/stm32cubeide/plugins/com.st.stm32cube.ide.mcu.externaltools.gnu-tools-for-stm32.10.3-2021.10.win32_1.0.100.202210260954/tools/bin/../lib/gcc/arm-none-eabi/10.3.1/../../../../arm-none-eabi/lib/thumb/v7e-m+fp/hard\libc.a
LOAD c:/st/stm32cubeide_1.10.1/stm32cubeide/plugins/com.st.stm32cube.ide.mcu.externaltools.gnu-tools-for-stm32.10.3-2021.10.win32_1.0.100.202210260954/tools/bin/../lib/gcc/arm-none-eabi/10.3.1/../../../../arm-none-eabi/lib/thumb/v7e-m+fp/hard\libm.a
LOAD c:/st/stm32cubeide_1.10.1/stm32cubeide/plugins/com.st.stm32cube.ide.mcu.externaltools.gnu-tools-for-stm32.10.3-2021.10.win32_1.0.100.202210260954/tools/bin/../lib/gcc/arm-none-eabi/10.3.1/thumb/v7e-m+fp/hard\libgcc.a

.debug_info     0x0000000000000000    0x1123a
 .debug_info    0x0000000000000000      0x947 ./Src/Drivers/button.o
 .debug_info    0x0000000000000947      0xa58 ./Src/Drivers/indication.o
 .debug_info    0x000000000000139f      0x314 ./Src/Drivers/led.o
 .debug_info    0x00000000000016b3      0xda0 ./Src/Drivers/tim.o
 .debug_info    0x0000000000002453      0x72c ./Src/Drivers/io/logging/log.o
 .debug_info    0x0000000000002b7f      0xc0e ./Src/Drivers/uart/debug_uart.o
 .debug_info    0x000000000000378d      0xa0d ./Src/Drivers/uart/uart.o
 .debug_info    0x000000000000419a      0x591 ./Src/main.o
 .debug_info    0x000000000000472b      0x2b2 ./Src/stm32f4xx_hal_msp.o
 .debug_info    0x00000000000049dd      0x688 ./Src/stm32f4xx_it.o
 .debug_info    0x0000000000005065      0x6dc ./Src/syscalls.o
 .debug_info    0x0000000000005741      0x16d ./Src/sysmem.o
 .debug_info    0x00000000000058ae      0x51f ./Src/system_stm32f4xx.o
 .debug_info    0x0000000000005dcd      0x978 ./Src/st/STM32F4xx_HAL_Driver/Src/stm32f4xx_hal.o
 .debug_info    0x0000000000006745      0xe17 ./Src/st/STM32F4xx_HAL_Driver/Src/stm32f4xx_hal_cortex.o
 .debug_info    0x000000000000755c      0x94b ./Src/st/STM32F4xx_HAL_Driver/Src/stm32f4xx_hal_dma.o
 .debug_info    0x0000000000007ea7      0x766 ./Src/st/STM32F4xx_HAL_Driver/Src/stm32f4xx_hal_gpio.o
 .debug_info    0x000000000000860d      0x962 ./Src/st/STM32F4xx_HAL_Driver/Src/stm32f4xx_hal_rcc.o
 .debug_info    0x0000000000008f6f     0x2bba ./Src/st/STM32F4xx_HAL_Driver/Src/stm32f4xx_hal_tim.o
 .debug_info    0x000000000000bb29     0x15dc ./Src/st/STM32F4xx_HAL_Driver/Src/stm32f4xx_hal_tim_ex.o
 .debug_info    0x000000000000d105     0x31b8 ./Src/st/STM32F4xx_HAL_Driver/Src/stm32f4xx_hal_uart.o
 .debug_info    0x00000000000102bd       0x22 ./Startup/startup_stm32f407vetx.o
 .debug_info    0x00000000000102df      0xf5b ./lib/lwprintf/lwprintf/src/lwprintf/lwprintf.o

.debug_abbrev   0x0000000000000000     0x2c52
 .debug_abbrev  0x0000000000000000      0x28e ./Src/Drivers/button.o
 .debug_abbrev  0x000000000000028e      0x267 ./Src/Drivers/indication.o
 .debug_abbrev  0x00000000000004f5      0x10e ./Src/Drivers/led.o
 .debug_abbrev  0x0000000000000603      0x210 ./Src/Drivers/tim.o
 .debug_abbrev  0x0000000000000813      0x1d1 ./Src/Drivers/io/logging/log.o
 .debug_abbrev  0x00000000000009e4      0x215 ./Src/Drivers/uart/debug_uart.o
 .debug_abbrev  0x0000000000000bf9      0x268 ./Src/Drivers/uart/uart.o
 .debug_abbrev  0x0000000000000e61      0x233 ./Src/main.o
 .debug_abbrev  0x0000000000001094       0xd1 ./Src/stm32f4xx_hal_msp.o
 .debug_abbrev  0x0000000000001165      0x176 ./Src/stm32f4xx_it.o
 .debug_abbrev  0x00000000000012db      0x1b0 ./Src/syscalls.o
 .debug_abbrev  0x000000000000148b       0xb8 ./Src/sysmem.o
 .debug_abbrev  0x0000000000001543      0x113 ./Src/system_stm32f4xx.o
 .debug_abbrev  0x0000000000001656      0x20a ./Src/st/STM32F4xx_HAL_Driver/Src/stm32f4xx_hal.o
 .debug_abbrev  0x0000000000001860      0x313 ./Src/st/STM32F4xx_HAL_Driver/Src/stm32f4xx_hal_cortex.o
 .debug_abbrev  0x0000000000001b73      0x258 ./Src/st/STM32F4xx_HAL_Driver/Src/stm32f4xx_hal_dma.o
 .debug_abbrev  0x0000000000001dcb      0x1c1 ./Src/st/STM32F4xx_HAL_Driver/Src/stm32f4xx_hal_gpio.o
 .debug_abbrev  0x0000000000001f8c      0x2a7 ./Src/st/STM32F4xx_HAL_Driver/Src/stm32f4xx_hal_rcc.o
 .debug_abbrev  0x0000000000002233      0x25a ./Src/st/STM32F4xx_HAL_Driver/Src/stm32f4xx_hal_tim.o
 .debug_abbrev  0x000000000000248d      0x262 ./Src/st/STM32F4xx_HAL_Driver/Src/stm32f4xx_hal_tim_ex.o
 .debug_abbrev  0x00000000000026ef      0x2f1 ./Src/st/STM32F4xx_HAL_Driver/Src/stm32f4xx_hal_uart.o
 .debug_abbrev  0x00000000000029e0       0x12 ./Startup/startup_stm32f407vetx.o
 .debug_abbrev  0x00000000000029f2      0x260 ./lib/lwprintf/lwprintf/src/lwprintf/lwprintf.o

.debug_aranges  0x0000000000000000      0xfa0
 .debug_aranges
                0x0000000000000000       0x50 ./Src/Drivers/button.o
 .debug_aranges
                0x0000000000000050       0xa0 ./Src/Drivers/indication.o
 .debug_aranges
                0x00000000000000f0       0x30 ./Src/Drivers/led.o
 .debug_aranges
                0x0000000000000120       0x58 ./Src/Drivers/tim.o
 .debug_aranges
                0x0000000000000178       0x30 ./Src/Drivers/io/logging/log.o
 .debug_aranges
                0x00000000000001a8       0x28 ./Src/Drivers/uart/debug_uart.o
 .debug_aranges
                0x00000000000001d0       0x68 ./Src/Drivers/uart/uart.o
 .debug_aranges
                0x0000000000000238       0x40 ./Src/main.o
 .debug_aranges
                0x0000000000000278       0x20 ./Src/stm32f4xx_hal_msp.o
 .debug_aranges
                0x0000000000000298       0x68 ./Src/stm32f4xx_it.o
 .debug_aranges
                0x0000000000000300       0xa8 ./Src/syscalls.o
 .debug_aranges
                0x00000000000003a8       0x20 ./Src/sysmem.o
 .debug_aranges
                0x00000000000003c8       0x28 ./Src/system_stm32f4xx.o
 .debug_aranges
                0x00000000000003f0       0xf0 ./Src/st/STM32F4xx_HAL_Driver/Src/stm32f4xx_hal.o
 .debug_aranges
                0x00000000000004e0      0x118 ./Src/st/STM32F4xx_HAL_Driver/Src/stm32f4xx_hal_cortex.o
 .debug_aranges