Archive member included to satisfy reference by file (symbol)

c:/st/stm32cubeide_1.10.1/stm32cubeide/plugins/com.st.stm32cube.ide.mcu.externaltools.gnu-tools-for-stm32.10.3-2021.10.win32_1.0.0.202111181127/tools/bin/../lib/gcc/arm-none-eabi/10.3.1/../../../../arm-none-eabi/lib/thumb/v7e-m+fp/hard\libc_nano.a(lib_a-errno.o)
                              ./Src/syscalls.o (__errno)
c:/st/stm32cubeide_1.10.1/stm32cubeide/plugins/com.st.stm32cube.ide.mcu.externaltools.gnu-tools-for-stm32.10.3-2021.10.win32_1.0.0.202111181127/tools/bin/../lib/gcc/arm-none-eabi/10.3.1/../../../../arm-none-eabi/lib/thumb/v7e-m+fp/hard\libc_nano.a(lib_a-exit.o)
                              c:/st/stm32cubeide_1.10.1/stm32cubeide/plugins/com.st.stm32cube.ide.mcu.externaltools.gnu-tools-for-stm32.10.3-2021.10.win32_1.0.0.202111181127/tools/bin/../lib/gcc/arm-none-eabi/10.3.1/../../../../arm-none-eabi/lib/thumb/v7e-m+fp/hard/crt0.o (exit)
c:/st/stm32cubeide_1.10.1/stm32cubeide/plugins/com.st.stm32cube.ide.mcu.externaltools.gnu-tools-for-stm32.10.3-2021.10.win32_1.0.0.202111181127/tools/bin/../lib/gcc/arm-none-eabi/10.3.1/../../../../arm-none-eabi/lib/thumb/v7e-m+fp/hard\libc_nano.a(lib_a-impure.o)
                              c:/st/stm32cubeide_1.10.1/stm32cubeide/plugins/com.st.stm32cube.ide.mcu.externaltools.gnu-tools-for-stm32.10.3-2021.10.win32_1.0.0.202111181127/tools/bin/../lib/gcc/arm-none-eabi/10.3.1/../../../../arm-none-eabi/lib/thumb/v7e-m+fp/hard\libc_nano.a(lib_a-exit.o) (_global_impure_ptr)
c:/st/stm32cubeide_1.10.1/stm32cubeide/plugins/com.st.stm32cube.ide.mcu.externaltools.gnu-tools-for-stm32.10.3-2021.10.win32_1.0.0.202111181127/tools/bin/../lib/gcc/arm-none-eabi/10.3.1/../../../../arm-none-eabi/lib/thumb/v7e-m+fp/hard\libc_nano.a(lib_a-init.o)
                              c:/st/stm32cubeide_1.10.1/stm32cubeide/plugins/com.st.stm32cube.ide.mcu.externaltools.gnu-tools-for-stm32.10.3-2021.10.win32_1.0.0.202111181127/tools/bin/../lib/gcc/arm-none-eabi/10.3.1/../../../../arm-none-eabi/lib/thumb/v7e-m+fp/hard/crt0.o (__libc_init_array)
c:/st/stm32cubeide_1.10.1/stm32cubeide/plugins/com.st.stm32cube.ide.mcu.externaltools.gnu-tools-for-stm32.10.3-2021.10.win32_1.0.0.202111181127/tools/bin/../lib/gcc/arm-none-eabi/10.3.1/../../../../arm-none-eabi/lib/thumb/v7e-m+fp/hard\libc_nano.a(lib_a-memset.o)
                              c:/st/stm32cubeide_1.10.1/stm32cubeide/plugins/com.st.stm32cube.ide.mcu.externaltools.gnu-tools-for-stm32.10.3-2021.10.win32_1.0.0.202111181127/tools/bin/../lib/gcc/arm-none-eabi/10.3.1/../../../../arm-none-eabi/lib/thumb/v7e-m+fp/hard/crt0.o (memset)
c:/st/stm32cubeide_1.10.1/stm32cubeide/plugins/com.st.stm32cube.ide.mcu.externaltools.gnu-tools-for-stm32.10.3-2021.10.win32_1.0.0.202111181127/tools/bin/../lib/gcc/arm-none-eabi/10.3.1/thumb/v7e-m+fp/hard\libgcc.a(_aeabi_ldivmod.o)
                              ./st/STM32F4xx_HAL_Driver/Src/stm32f4xx_hal_rcc.o (__aeabi_ldivmod)
c:/st/stm32cubeide_1.10.1/stm32cubeide/plugins/com.st.stm32cube.ide.mcu.externaltools.gnu-tools-for-stm32.10.3-2021.10.win32_1.0.0.202111181127/tools/bin/../lib/gcc/arm-none-eabi/10.3.1/thumb/v7e-m+fp/hard\libgcc.a(_aeabi_uldivmod.o)
                              ./st/STM32F4xx_HAL_Driver/Src/stm32f4xx_hal_rcc.o (__aeabi_uldivmod)
c:/st/stm32cubeide_1.10.1/stm32cubeide/plugins/com.st.stm32cube.ide.mcu.externaltools.gnu-tools-for-stm32.10.3-2021.10.win32_1.0.0.202111181127/tools/bin/../lib/gcc/arm-none-eabi/10.3.1/thumb/v7e-m+fp/hard\libgcc.a(_udivmoddi4.o)
                              c:/st/stm32cubeide_1.10.1/stm32cubeide/plugins/com.st.stm32cube.ide.mcu.externaltools.gnu-tools-for-stm32.10.3-2021.10.win32_1.0.0.202111181127/tools/bin/../lib/gcc/arm-none-eabi/10.3.1/thumb/v7e-m+fp/hard\libgcc.a(_aeabi_ldivmod.o) (__udivmoddi4)
c:/st/stm32cubeide_1.10.1/stm32cubeide/plugins/com.st.stm32cube.ide.mcu.externaltools.gnu-tools-for-stm32.10.3-2021.10.win32_1.0.0.202111181127/tools/bin/../lib/gcc/arm-none-eabi/10.3.1/thumb/v7e-m+fp/hard\libgcc.a(_dvmd_tls.o)
                              c:/st/stm32cubeide_1.10.1/stm32cubeide/plugins/com.st.stm32cube.ide.mcu.externaltools.gnu-tools-for-stm32.10.3-2021.10.win32_1.0.0.202111181127/tools/bin/../lib/gcc/arm-none-eabi/10.3.1/thumb/v7e-m+fp/hard\libgcc.a(_aeabi_ldivmod.o) (__aeabi_ldiv0)

Discarded input sections

 .text          0x0000000000000000        0x0 c:/st/stm32cubeide_1.10.1/stm32cubeide/plugins/com.st.stm32cube.ide.mcu.externaltools.gnu-tools-for-stm32.10.3-2021.10.win32_1.0.0.202111181127/tools/bin/../lib/gcc/arm-none-eabi/10.3.1/thumb/v7e-m+fp/hard/crti.o
 .data          0x0000000000000000        0x0 c:/st/stm32cubeide_1.10.1/stm32cubeide/plugins/com.st.stm32cube.ide.mcu.externaltools.gnu-tools-for-stm32.10.3-2021.10.win32_1.0.0.202111181127/tools/bin/../lib/gcc/arm-none-eabi/10.3.1/thumb/v7e-m+fp/hard/crti.o
[...]
Memory Configuration

Name             Origin             Length             Attributes
CCMRAM           0x0000000010000000 0x0000000000010000 xrw
RAM              0x0000000020000000 0x0000000000020000 xrw
FLASH            0x0000000008000000 0x0000000000100000 xr
*default*        0x0000000000000000 0xffffffffffffffff

Linker script and memory map

LOAD c:/st/stm32cubeide_1.10.1/stm32cubeide/plugins/com.st.stm32cube.ide.mcu.externaltools.gnu-tools-for-stm32.10.3-2021.10.win32_1.0.0.202111181127/tools/bin/../lib/gcc/arm-none-eabi/10.3.1/thumb/v7e-m+fp/hard/crti.o
LOAD c:/st/stm32cubeide_1.10.1/stm32cubeide/plugins/com.st.stm32cube.ide.mcu.externaltools.gnu-tools-for-stm32.10.3-2021.10.win32_1.0.0.202111181127/tools/bin/../lib/gcc/arm-none-eabi/10.3.1/thumb/v7e-m+fp/hard/crtbegin.o
LOAD c:/st/stm32cubeide_1.10.1/stm32cubeide/plugins/com.st.stm32cube.ide.mcu.externaltools.gnu-tools-for-stm32.10.3-2021.10.win32_1.0.0.202111181127/tools/bin/../lib/gcc/arm-none-eabi/10.3.1/../../../../arm-none-eabi/lib/thumb/v7e-m+fp/hard/crt0.o
LOAD ./Src/gpio.o
LOAD ./Src/main.o
LOAD ./Src/stm32f4xx_hal_msp.o
LOAD ./Src/stm32f4xx_it.o
LOAD ./Src/syscalls.o
LOAD ./Src/sysmem.o
LOAD ./Src/system_stm32f4xx.o
LOAD ./Src/tim.o
LOAD ./Startup/startup_stm32f407vgtx.o
LOAD ./st/STM32F4xx_HAL_Driver/Src/stm32f4xx_hal.o
LOAD ./st/STM32F4xx_HAL_Driver/Src/stm32f4xx_hal_cortex.o
LOAD ./st/STM32F4xx_HAL_Driver/Src/stm32f4xx_hal_dma.o
LOAD ./st/STM32F4xx_HAL_Driver/Src/stm32f4xx_hal_dma_ex.o
LOAD ./st/STM32F4xx_HAL_Driver/Src/stm32f4xx_hal_exti.o
LOAD ./st/STM32F4xx_HAL_Driver/Src/stm32f4xx_hal_flash.o
LOAD ./st/STM32F4xx_HAL_Driver/Src/stm32f4xx_hal_flash_ex.o
LOAD ./st/STM32F4xx_HAL_Driver/Src/stm32f4xx_hal_flash_ramfunc.o
LOAD ./st/STM32F4xx_HAL_Driver/Src/stm32f4xx_hal_gpio.o
LOAD ./st/STM32F4xx_HAL_Driver/Src/stm32f4xx_hal_pwr.o
LOAD ./st/STM32F4xx_HAL_Driver/Src/stm32f4xx_hal_pwr_ex.o
LOAD ./st/STM32F4xx_HAL_Driver/Src/stm32f4xx_hal_rcc.o
LOAD ./st/STM32F4xx_HAL_Driver/Src/stm32f4xx_hal_rcc_ex.o
LOAD ./st/STM32F4xx_HAL_Driver/Src/stm32f4xx_hal_tim.o
LOAD ./st/STM32F4xx_HAL_Driver/Src/stm32f4xx_hal_tim_ex.o
LOAD ./st/STM32F4xx_HAL_Driver/Src/stm32f4xx_ll_adc.o
LOAD ./st/STM32F4xx_HAL_Driver/Src/stm32f4xx_ll_crc.o
LOAD ./st/STM32F4xx_HAL_Driver/Src/stm32f4xx_ll_dac.o
LOAD ./st/STM32F4xx_HAL_Driver/Src/stm32f4xx_ll_dma.o
LOAD ./st/STM32F4xx_HAL_Driver/Src/stm32f4xx_ll_dma2d.o
LOAD ./st/STM32F4xx_HAL_Driver/Src/stm32f4xx_ll_exti.o
LOAD ./st/STM32F4xx_HAL_Driver/Src/stm32f4xx_ll_fmpi2c.o
LOAD ./st/STM32F4xx_HAL_Driver/Src/stm32f4xx_ll_gpio.o
LOAD ./st/STM32F4xx_HAL_Driver/Src/stm32f4xx_ll_i2c.o
LOAD ./st/STM32F4xx_HAL_Driver/Src/stm32f4xx_ll_lptim.o
LOAD ./st/STM32F4xx_HAL_Driver/Src/stm32f4xx_ll_pwr.o
LOAD ./st/STM32F4xx_HAL_Driver/Src/stm32f4xx_ll_rcc.o
LOAD ./st/STM32F4xx_HAL_Driver/Src/stm32f4xx_ll_rng.o
LOAD ./st/STM32F4xx_HAL_Driver/Src/stm32f4xx_ll_rtc.o
LOAD ./st/STM32F4xx_HAL_Driver/Src/stm32f4xx_ll_spi.o
LOAD ./st/STM32F4xx_HAL_Driver/Src/stm32f4xx_ll_tim.o
LOAD ./st/STM32F4xx_HAL_Driver/Src/stm32f4xx_ll_usart.o
LOAD ./st/STM32F4xx_HAL_Driver/Src/stm32f4xx_ll_utils.o
LOAD ./state/state.o
START GROUP
LOAD c:/st/stm32cubeide_1.10.1/stm32cubeide/plugins/com.st.stm32cube.ide.mcu.externaltools.gnu-tools-for-stm32.10.3-2021.10.win32_1.0.0.202111181127/tools/bin/../lib/gcc/arm-none-eabi/10.3.1/../../../../arm-none-eabi/lib/thumb/v7e-m+fp/hard\libc_nano.a
LOAD c:/st/stm32cubeide_1.10.1/stm32cubeide/plugins/com.st.stm32cube.ide.mcu.externaltools.gnu-tools-for-stm32.10.3-2021.10.win32_1.0.0.202111181127/tools/bin/../lib/gcc/arm-none-eabi/10.3.1/../../../../arm-none-eabi/lib/thumb/v7e-m+fp/hard\libm.a
END GROUP
START GROUP
LOAD c:/st/stm32cubeide_1.10.1/stm32cubeide/plugins/com.st.stm32cube.ide.mcu.externaltools.gnu-tools-for-stm32.10.3-2021.10.win32_1.0.0.202111181127/tools/bin/../lib/gcc/arm-none-eabi/10.3.1/thumb/v7e-m+fp/hard\libgcc.a
LOAD c:/st/stm32cubeide_1.10.1/stm32cubeide/plugins/com.st.stm32cube.ide.mcu.externaltools.gnu-tools-for-stm32.10.3-2021.10.win32_1.0.0.202111181127/tools/bin/../lib/gcc/arm-none-eabi/10.3.1/../../../../arm-none-eabi/lib/thumb/v7e-m+fp/hard\libc_nano.a
END GROUP
START GROUP
LOAD c:/st/stm32cubeide_1.10.1/stm32cubeide/plugins/com.st.stm32cube.ide.mcu.externaltools.gnu-tools-for-stm32.10.3-2021.10.win32_1.0.0.202111181127/tools/bin/../lib/gcc/arm-none-eabi/10.3.1/thumb/v7e-m+fp/hard\libgcc.a
LOAD c:/st/stm32cubeide_1.10.1/stm32cubeide/plugins/com.st.stm32cube.ide.mcu.externaltools.gnu-tools-for-stm32.10.3-2021.10.win32_1.0.0.202111181127/tools/bin/../lib/gcc/arm-none-eabi/10.3.1/../../../../arm-none-eabi/lib/thumb/v7e-m+fp/hard\libc_nano.a
LOAD c:/st/stm32cubeide_1.10.1/stm32cubeide/plugins/com.st.stm32cube.ide.mcu.externaltools.gnu-tools-for-stm32.10.3-2021.10.win32_1.0.0.202111181127/tools/bin/../lib/gcc/arm-none-eabi/10.3.1/../../../../arm-none-eabi/lib/thumb/v7e-m+fp/hard\libnosys.a
END GROUP
START GROUP
LOAD c:/st/stm32cubeide_1.10.1/stm32cubeide/plugins/com.st.stm32cube.ide.mcu.externaltools.gnu-tools-for-stm32.10.3-2021.10.win32_1.0.0.202111181127/tools/bin/../lib/gcc/arm-none-eabi/10.3.1/thumb/v7e-m+fp/hard\libgcc.a
LOAD c:/st/stm32cubeide_1.10.1/stm32cubeide/plugins/com.st.stm32cube.ide.mcu.externaltools.gnu-tools-for-stm32.10.3-2021.10.win32_1.0.0.202111181127/tools/bin/../lib/gcc/arm-none-eabi/10.3.1/../../../../arm-none-eabi/lib/thumb/v7e-m+fp/hard\libc_nano.a
LOAD c:/st/stm32cubeide_1.10.1/stm32cubeide/plugins/com.st.stm32cube.ide.mcu.externaltools.gnu-tools-for-stm32.10.3-2021.10.win32_1.0.0.202111181127/tools/bin/../lib/gcc/arm-none-eabi/10.3.1/../../../../arm-none-eabi/lib/thumb/v7e-m+fp/hard\libnosys.a
END GROUP
LOAD c:/st/stm32cubeide_1.10.1/stm32cubeide/plugins/com.st.stm32cube.ide.mcu.externaltools.gnu-tools-for-stm32.10.3-2021.10.win32_1.0.0.202111181127/tools/bin/../lib/gcc/arm-none-eabi/10.3.1/thumb/v7e-m+fp/hard/crtend.o
LOAD c:/st/stm32cubeide_1.10.1/stm32cubeide/plugins/com.st.stm32cube.ide.mcu.externaltools.gnu-tools-for-stm32.10.3-2021.10.win32_1.0.0.202111181127/tools/bin/../lib/gcc/arm-none-eabi/10.3.1/thumb/v7e-m+fp/hard/crtn.o
                0x0000000020020000                _estack = (ORIGIN (RAM) + LENGTH (RAM))
                0x0000000000000200                _Min_Heap_Size = 0x200
                0x0000000000000400                _Min_Stack_Size = 0x400

.isr_vector     0x0000000008000000      0x1a8
                0x0000000008000000                . = ALIGN (0x4)
 *(.isr_vector)
 .isr_vector    0x0000000008000000      0x1a8 ./Startup/startup_stm32f407vgtx.o
                0x0000000008000000                g_pfnVectors
                0x00000000080001a8                . = ALIGN (0x4)

.text           0x00000000080001a8      0xd4c
                0x00000000080001a8                . = ALIGN (0x4)
 *(.text)
 .text          0x00000000080001a8       0x40 c:/st/stm32cubeide_1.10.1/stm32cubeide/plugins/com.st.stm32cube.ide.mcu.externaltools.gnu-tools-for-stm32.10.3-2021.10.win32_1.0.0.202111181127/tools/bin/../lib/gcc/arm-none-eabi/10.3.1/thumb/v7e-m+fp/hard/crtbegin.o
 *(.text*)
 .text.LL_AHB1_GRP1_EnableClock
                0x00000000080001e8       0x1c ./Src/gpio.o
 .text.MX_GPIO_Init
                0x0000000008000204       0x5c ./Src/gpio.o
                0x0000000008000204                MX_GPIO_Init
 .text.SystemClock_Config
                0x0000000008000260       0xb4 ./Src/main.o
                0x0000000008000260                SystemClock_Config
 .text.Initialize_MCU
                0x0000000008000314       0x88 ./Src/main.o
                0x0000000008000314                Initialize_MCU
 .text.startup.main
                0x000000000800039c       0xf8 ./Src/main.o
                0x000000000800039c                main
 .text.Error_Handler
                0x0000000008000494        0x4 ./Src/main.o
                0x0000000008000494                Error_Handler
 .text.HAL_MspInit
                0x0000000008000498       0x38 ./Src/stm32f4xx_hal_msp.o
                0x0000000008000498                HAL_MspInit
 .text.NMI_Handler
                0x00000000080004d0        0x2 ./Src/stm32f4xx_it.o
                0x00000000080004d0                NMI_Handler
 .text.HardFault_Handler
                0x00000000080004d2        0x2 ./Src/stm32f4xx_it.o
                0x00000000080004d2                HardFault_Handler
 .text.MemManage_Handler
                0x00000000080004d4        0x2 ./Src/stm32f4xx_it.o
                0x00000000080004d4                MemManage_Handler
 .text.BusFault_Handler
                0x00000000080004d6        0x2 ./Src/stm32f4xx_it.o
                0x00000000080004d6                BusFault_Handler
 .text.UsageFault_Handler
                0x00000000080004d8        0x2 ./Src/stm32f4xx_it.o
                0x00000000080004d8                UsageFault_Handler
 .text.SVC_Handler
                0x00000000080004da        0x2 ./Src/stm32f4xx_it.o
                0x00000000080004da                SVC_Handler
 .text.DebugMon_Handler
                0x00000000080004dc        0x2 ./Src/stm32f4xx_it.o
                0x00000000080004dc                DebugMon_Handler
 .text.PendSV_Handler
                0x00000000080004de        0x2 ./Src/stm32f4xx_it.o
                0x00000000080004de                PendSV_Handler
 .text.SysTick_Handler
                0x00000000080004e0        0x4 ./Src/stm32f4xx_it.o
                0x00000000080004e0                SysTick_Handler
 .text.EXTI0_IRQHandler
                0x00000000080004e4       0x14 ./Src/stm32f4xx_it.o
                0x00000000080004e4                EXTI0_IRQHandler
 .text.TIM1_BRK_TIM9_IRQHandler
                0x00000000080004f8        0xc ./Src/stm32f4xx_it.o
                0x00000000080004f8                TIM1_BRK_TIM9_IRQHandler
 .text.TIM1_UP_TIM10_IRQHandler
                0x0000000008000504        0x4 ./Src/stm32f4xx_it.o
                0x0000000008000504                TIM1_UP_TIM10_IRQHandler
 .text.TIM1_TRG_COM_TIM11_IRQHandler
                0x0000000008000508        0x4 ./Src/stm32f4xx_it.o
                0x0000000008000508                TIM1_TRG_COM_TIM11_IRQHandler
 .text.TIM1_CC_IRQHandler
                0x000000000800050c        0x4 ./Src/stm32f4xx_it.o
                0x000000000800050c                TIM1_CC_IRQHandler
 .text.SystemInit
                0x0000000008000510       0x14 ./Src/system_stm32f4xx.o
                0x0000000008000510                SystemInit
 .text.MX_TIM1_Init
                0x0000000008000524       0x6c ./Src/tim.o
                0x0000000008000524                MX_TIM1_Init
 .text.HAL_TIM_Base_MspInit
                0x0000000008000590       0x74 ./Src/tim.o
                0x0000000008000590                HAL_TIM_Base_MspInit
 .text.Reset_Handler
                0x0000000008000604       0x50 ./Startup/startup_stm32f407vgtx.o
                0x0000000008000604                Reset_Handler
 .text.Default_Handler
                0x0000000008000654        0x2 ./Startup/startup_stm32f407vgtx.o
                0x0000000008000654                RTC_Alarm_IRQHandler
                0x0000000008000654                HASH_RNG_IRQHandler
                0x0000000008000654                EXTI2_IRQHandler
                0x0000000008000654                TIM8_CC_IRQHandler
                0x0000000008000654                DMA2_Stream5_IRQHandler
                0x0000000008000654                DMA1_Stream5_IRQHandler
                0x0000000008000654                PVD_IRQHandler
                0x0000000008000654                SDIO_IRQHandler
                0x0000000008000654                TAMP_STAMP_IRQHandler
                0x0000000008000654                CAN2_RX1_IRQHandler
                0x0000000008000654                EXTI3_IRQHandler
                0x0000000008000654                TIM8_TRG_COM_TIM14_IRQHandler
                0x0000000008000654                TIM8_UP_TIM13_IRQHandler
                0x0000000008000654                I2C3_ER_IRQHandler
                0x0000000008000654                LCD_TFT_IRQHandler
                0x0000000008000654                I2C2_EV_IRQHandler
                0x0000000008000654                DMA1_Stream2_IRQHandler
                0x0000000008000654                CAN1_RX0_IRQHandler
                0x0000000008000654                FPU_IRQHandler
                0x0000000008000654                OTG_HS_WKUP_IRQHandler
                0x0000000008000654                CAN2_SCE_IRQHandler
                0x0000000008000654                DMA2_Stream2_IRQHandler
                0x0000000008000654                SPI1_IRQHandler
                0x0000000008000654                TIM6_DAC_IRQHandler
                0x0000000008000654                DCMI_IRQHandler
                0x0000000008000654                CAN2_RX0_IRQHandler
                0x0000000008000654                DMA2_Stream3_IRQHandler
                0x0000000008000654                USART6_IRQHandler
                0x0000000008000654                USART3_IRQHandler
                0x0000000008000654                CRYP_IRQHandler
                0x0000000008000654                CAN1_RX1_IRQHandler
                0x0000000008000654                UART5_IRQHandler
                0x0000000008000654                DMA2_Stream0_IRQHandler
                0x0000000008000654                TIM4_IRQHandler
                0x0000000008000654                I2C1_EV_IRQHandler
                0x0000000008000654                DMA1_Stream6_IRQHandler
                0x0000000008000654                DMA1_Stream1_IRQHandler
                0x0000000008000654                UART4_IRQHandler
                0x0000000008000654                LCD_TFT_1_IRQHandler
                0x0000000008000654                TIM3_IRQHandler
                0x0000000008000654                RCC_IRQHandler
                0x0000000008000654                TIM8_BRK_TIM12_IRQHandler
                0x0000000008000654                Default_Handler
                0x0000000008000654                EXTI15_10_IRQHandler
                0x0000000008000654                ADC_IRQHandler
                0x0000000008000654                DMA1_Stream7_IRQHandler
                0x0000000008000654                TIM7_IRQHandler
                0x0000000008000654                CAN2_TX_IRQHandler
                0x0000000008000654                TIM5_IRQHandler
                0x0000000008000654                DMA2_Stream7_IRQHandler
                0x0000000008000654                I2C3_EV_IRQHandler
                0x0000000008000654                EXTI9_5_IRQHandler
                0x0000000008000654                RTC_WKUP_IRQHandler
                0x0000000008000654                ETH_WKUP_IRQHandler
                0x0000000008000654                SPI2_IRQHandler
                0x0000000008000654                OTG_HS_EP1_IN_IRQHandler
                0x0000000008000654                DMA1_Stream0_IRQHandler
                0x0000000008000654                CAN1_TX_IRQHandler
                0x0000000008000654                EXTI4_IRQHandler
                0x0000000008000654                FSMC_IRQHandler
                0x0000000008000654                ETH_IRQHandler
                0x0000000008000654                OTG_HS_EP1_OUT_IRQHandler
                0x0000000008000654                WWDG_IRQHandler
                0x0000000008000654                TIM2_IRQHandler
                0x0000000008000654                OTG_FS_WKUP_IRQHandler
                0x0000000008000654                OTG_HS_IRQHandler
                0x0000000008000654                EXTI1_IRQHandler
                0x0000000008000654                USART2_IRQHandler
                0x0000000008000654                I2C2_ER_IRQHandler
                0x0000000008000654                DMA2_Stream1_IRQHandler
                0x0000000008000654                CAN1_SCE_IRQHandler
                0x0000000008000654                DMA2_Stream4_IRQHandler
                0x0000000008000654                USART1_IRQHandler
                0x0000000008000654                OTG_FS_IRQHandler
                0x0000000008000654                SPI3_IRQHandler
                0x0000000008000654                DMA1_Stream4_IRQHandler
                0x0000000008000654                I2C1_ER_IRQHandler
                0x0000000008000654                DMA2_Stream6_IRQHandler
                0x0000000008000654                DMA1_Stream3_IRQHandler
 *fill*         0x0000000008000656        0x2 
 .text.HAL_InitTick
                0x0000000008000658       0x48 ./st/STM32F4xx_HAL_Driver/Src/stm32f4xx_hal.o
                0x0000000008000658                HAL_InitTick
 .text.HAL_Init
                0x00000000080006a0       0x34 ./st/STM32F4xx_HAL_Driver/Src/stm32f4xx_hal.o
                0x00000000080006a0                HAL_Init
 .text.HAL_IncTick
                0x00000000080006d4       0x18 ./st/STM32F4xx_HAL_Driver/Src/stm32f4xx_hal.o
                0x00000000080006d4                HAL_IncTick
 .text.HAL_NVIC_SetPriorityGrouping
                0x00000000080006ec       0x24 ./st/STM32F4xx_HAL_Driver/Src/stm32f4xx_hal_cortex.o
                0x00000000080006ec                HAL_NVIC_SetPriorityGrouping
 .text.HAL_NVIC_SetPriority
                0x0000000008000710       0x64 ./st/STM32F4xx_HAL_Driver/Src/stm32f4xx_hal_cortex.o
                0x0000000008000710                HAL_NVIC_SetPriority
 .text.HAL_NVIC_EnableIRQ
                0x0000000008000774       0x1c ./st/STM32F4xx_HAL_Driver/Src/stm32f4xx_hal_cortex.o
                0x0000000008000774                HAL_NVIC_EnableIRQ
 .text.HAL_SYSTICK_Config
                0x0000000008000790       0x28 ./st/STM32F4xx_HAL_Driver/Src/stm32f4xx_hal_cortex.o
                0x0000000008000790                HAL_SYSTICK_Config
 .text.HAL_TIM_PeriodElapsedCallback
                0x00000000080007b8        0x2 ./st/STM32F4xx_HAL_Driver/Src/stm32f4xx_hal_tim.o
                0x00000000080007b8                HAL_TIM_PeriodElapsedCallback
 .text.HAL_TIM_OC_DelayElapsedCallback
                0x00000000080007ba        0x2 ./st/STM32F4xx_HAL_Driver/Src/stm32f4xx_hal_tim.o
                0x00000000080007ba                HAL_TIM_OC_DelayElapsedCallback
 .text.HAL_TIM_IC_CaptureCallback
                0x00000000080007bc        0x2 ./st/STM32F4xx_HAL_Driver/Src/stm32f4xx_hal_tim.o
                0x00000000080007bc                HAL_TIM_IC_CaptureCallback
 .text.HAL_TIM_PWM_PulseFinishedCallback
                0x00000000080007be        0x2 ./st/STM32F4xx_HAL_Driver/Src/stm32f4xx_hal_tim.o
                0x00000000080007be                HAL_TIM_PWM_PulseFinishedCallback
 .text.HAL_TIM_TriggerCallback
                0x00000000080007c0        0x2 ./st/STM32F4xx_HAL_Driver/Src/stm32f4xx_hal_tim.o
                0x00000000080007c0                HAL_TIM_TriggerCallback
 .text.HAL_TIM_IRQHandler
                0x00000000080007c2      0x144 ./st/STM32F4xx_HAL_Driver/Src/stm32f4xx_hal_tim.o
                0x00000000080007c2                HAL_TIM_IRQHandler
 *fill*         0x0000000008000906        0x2 
 .text.TIM_Base_SetConfig
                0x0000000008000908       0xcc ./st/STM32F4xx_HAL_Driver/Src/stm32f4xx_hal_tim.o
                0x0000000008000908                TIM_Base_SetConfig
 .text.HAL_TIM_Base_Init
                0x00000000080009d4       0x58 ./st/STM32F4xx_HAL_Driver/Src/stm32f4xx_hal_tim.o
                0x00000000080009d4                HAL_TIM_Base_Init
 .text.TIM_ETR_SetConfig
                0x0000000008000a2c       0x14 ./st/STM32F4xx_HAL_Driver/Src/stm32f4xx_hal_tim.o
                0x0000000008000a2c                TIM_ETR_SetConfig
 .text.HAL_TIM_ConfigClockSource
                0x0000000008000a40      0x138 ./st/STM32F4xx_HAL_Driver/Src/stm32f4xx_hal_tim.o
                0x0000000008000a40                HAL_TIM_ConfigClockSource
 .text.HAL_TIMEx_MasterConfigSynchronization
                0x0000000008000b78       0x7c ./st/STM32F4xx_HAL_Driver/Src/stm32f4xx_hal_tim_ex.o
                0x0000000008000b78                HAL_TIMEx_MasterConfigSynchronization
 .text.HAL_TIMEx_CommutCallback
                0x0000000008000bf4        0x2 ./st/STM32F4xx_HAL_Driver/Src/stm32f4xx_hal_tim_ex.o
                0x0000000008000bf4                HAL_TIMEx_CommutCallback
 .text.HAL_TIMEx_BreakCallback
                0x0000000008000bf6        0x2 ./st/STM32F4xx_HAL_Driver/Src/stm32f4xx_hal_tim_ex.o
                0x0000000008000bf6                HAL_TIMEx_BreakCallback
 .text.LL_GPIO_Init
                0x0000000008000bf8      0x13c ./st/STM32F4xx_HAL_Driver/Src/stm32f4xx_ll_gpio.o
                0x0000000008000bf8                LL_GPIO_Init
 .text.LL_Init1msTick
                0x0000000008000d34       0x1a ./st/STM32F4xx_HAL_Driver/Src/stm32f4xx_ll_utils.o
                0x0000000008000d34                LL_Init1msTick
 .text.LL_mDelay
                0x0000000008000d4e       0x28 ./st/STM32F4xx_HAL_Driver/Src/stm32f4xx_ll_utils.o
                0x0000000008000d4e                LL_mDelay
 *fill*         0x0000000008000d76        0x2 
 .text.LL_SetSystemCoreClock
                0x0000000008000d78        0xc ./st/STM32F4xx_HAL_Driver/Src/stm32f4xx_ll_utils.o
                0x0000000008000d78                LL_SetSystemCoreClock
 .text.state_run
                0x0000000008000d84       0x14 ./state/state.o
                0x0000000008000d84                state_run
 .text.state_top_init
                0x0000000008000d98       0x10 ./state/state.o
                0x0000000008000d98                state_top_init
 .text.state_top_deinit
                0x0000000008000da8       0x10 ./state/state.o
                0x0000000008000da8                state_top_deinit
 .text.state_bottom_init
                0x0000000008000db8       0x10 ./state/state.o
                0x0000000008000db8                state_bottom_init
 .text.state_bottom_deinit
                0x0000000008000dc8       0x10 ./state/state.o
                0x0000000008000dc8                state_bottom_deinit
 .text.state_left_init
                0x0000000008000dd8       0x10 ./state/state.o
                0x0000000008000dd8                state_left_init
 .text.state_left_deinit
                0x0000000008000de8       0x10 ./state/state.o
                0x0000000008000de8                state_left_deinit
 .text.state_right_init
                0x0000000008000df8       0x10 ./state/state.o
                0x0000000008000df8                state_right_init
 .text.state_right_deinit
                0x0000000008000e08       0x10 ./state/state.o
                0x0000000008000e08                state_right_deinit
 .text.state_top_check
                0x0000000008000e18       0x1c ./state/state.o
                0x0000000008000e18                state_top_check
 .text.state_bottom_check
                0x0000000008000e34       0x1c ./state/state.o
                0x0000000008000e34                state_bottom_check
 .text.state_right_check
                0x0000000008000e50       0x18 ./state/state.o
                0x0000000008000e50                state_right_check
 .text.state_left_check
                0x0000000008000e68       0x1c ./state/state.o
                0x0000000008000e68                state_left_check
 .text.__libc_init_array
                0x0000000008000e84       0x48 c:/st/stm32cubeide_1.10.1/stm32cubeide/plugins/com.st.stm32cube.ide.mcu.externaltools.gnu-tools-for-stm32.10.3-2021.10.win32_1.0.0.202111181127/tools/bin/../lib/gcc/arm-none-eabi/10.3.1/../../../../arm-none-eabi/lib/thumb/v7e-m+fp/hard\libc_nano.a(lib_a-init.o)
                0x0000000008000e84                __libc_init_array
 .text.memset   0x0000000008000ecc       0x10 c:/st/stm32cubeide_1.10.1/stm32cubeide/plugins/com.st.stm32cube.ide.mcu.externaltools.gnu-tools-for-stm32.10.3-2021.10.win32_1.0.0.202111181127/tools/bin/../lib/gcc/arm-none-eabi/10.3.1/../../../../arm-none-eabi/lib/thumb/v7e-m+fp/hard\libc_nano.a(lib_a-memset.o)
                0x0000000008000ecc                memset
 *(.glue_7)
 .glue_7        0x0000000008000edc        0x0 linker stubs
 *(.glue_7t)
 .glue_7t       0x0000000008000edc        0x0 linker stubs
 *(.eh_frame)
 .eh_frame      0x0000000008000edc        0x0 c:/st/stm32cubeide_1.10.1/stm32cubeide/plugins/com.st.stm32cube.ide.mcu.externaltools.gnu-tools-for-stm32.10.3-2021.10.win32_1.0.0.202111181127/tools/bin/../lib/gcc/arm-none-eabi/10.3.1/thumb/v7e-m+fp/hard/crtbegin.o
 *(.init)
 .init          0x0000000008000edc        0x4 c:/st/stm32cubeide_1.10.1/stm32cubeide/plugins/com.st.stm32cube.ide.mcu.externaltools.gnu-tools-for-stm32.10.3-2021.10.win32_1.0.0.202111181127/tools/bin/../lib/gcc/arm-none-eabi/10.3.1/thumb/v7e-m+fp/hard/crti.o
                0x0000000008000edc                _init
 .init          0x0000000008000ee0        0x8 c:/st/stm32cubeide_1.10.1/stm32cubeide/plugins/com.st.stm32cube.ide.mcu.externaltools.gnu-tools-for-stm32.10.3-2021.10.win32_1.0.0.202111181127/tools/bin/../lib/gcc/arm-none-eabi/10.3.1/thumb/v7e-m+fp/hard/crtn.o
 *(.fini)
 .fini          0x0000000008000ee8        0x4 c:/st/stm32cubeide_1.10.1/stm32cubeide/plugins/com.st.stm32cube.ide.mcu.externaltools.gnu-tools-for-stm32.10.3-2021.10.win32_1.0.0.202111181127/tools/bin/../lib/gcc/arm-none-eabi/10.3.1/thumb/v7e-m+fp/hard/crti.o
                0x0000000008000ee8                _fini
 .fini          0x0000000008000eec        0x8 c:/st/stm32cubeide_1.10.1/stm32cubeide/plugins/com.st.stm32cube.ide.mcu.externaltools.gnu-tools-for-stm32.10.3-2021.10.win32_1.0.0.202111181127/tools/bin/../lib/gcc/arm-none-eabi/10.3.1/thumb/v7e-m+fp/hard/crtn.o
                0x0000000008000ef4                . = ALIGN (0x4)
                0x0000000008000ef4                _etext = .

.vfp11_veneer   0x0000000008000ef4        0x0
 .vfp11_veneer  0x0000000008000ef4        0x0 linker stubs

.v4_bx          0x0000000008000ef4        0x0
 .v4_bx         0x0000000008000ef4        0x0 linker stubs

.iplt           0x0000000008000ef4        0x0
 .iplt          0x0000000008000ef4        0x0 c:/st/stm32cubeide_1.10.1/stm32cubeide/plugins/com.st.stm32cube.ide.mcu.externaltools.gnu-tools-for-stm32.10.3-2021.10.win32_1.0.0.202111181127/tools/bin/../lib/gcc/arm-none-eabi/10.3.1/thumb/v7e-m+fp/hard/crtbegin.o

.rel.dyn        0x0000000008000ef4        0x0
 .rel.iplt      0x0000000008000ef4        0x0 c:/st/stm32cubeide_1.10.1/stm32cubeide/plugins/com.st.stm32cube.ide.mcu.externaltools.gnu-tools-for-stm32.10.3-2021.10.win32_1.0.0.202111181127/tools/bin/../lib/gcc/arm-none-eabi/10.3.1/thumb/v7e-m+fp/hard/crtbegin.o

.rodata         0x0000000008000ef4        0x0
                0x0000000008000ef4                . = ALIGN (0x4)
 *(.rodata)
 *(.rodata*)
                0x0000000008000ef4                . = ALIGN (0x4)

.ARM.extab      0x0000000008000ef4        0x0
                0x0000000008000ef4                . = ALIGN (0x4)
 *(.ARM.extab* .gnu.linkonce.armextab.*)
                0x0000000008000ef4                . = ALIGN (0x4)

.ARM            0x0000000008000ef4        0x0
                0x0000000008000ef4                . = ALIGN (0x4)
                0x0000000008000ef4                __exidx_start = .
 *(.ARM.exidx*)
                0x0000000008000ef4                __exidx_end = .
                0x0000000008000ef4                . = ALIGN (0x4)

.preinit_array  0x0000000008000ef4        0x0
                0x0000000008000ef4                . = ALIGN (0x4)
                0x0000000008000ef4                PROVIDE (__preinit_array_start = .)
 *(.preinit_array*)
                0x0000000008000ef4                PROVIDE (__preinit_array_end = .)
                0x0000000008000ef4                . = ALIGN (0x4)

.init_array     0x0000000008000ef4        0x4
                0x0000000008000ef4                . = ALIGN (0x4)
                0x0000000008000ef4                PROVIDE (__init_array_start = .)
 *(SORT_BY_NAME(.init_array.*))
 *(.init_array*)
 .init_array    0x0000000008000ef4        0x4 c:/st/stm32cubeide_1.10.1/stm32cubeide/plugins/com.st.stm32cube.ide.mcu.externaltools.gnu-tools-for-stm32.10.3-2021.10.win32_1.0.0.202111181127/tools/bin/../lib/gcc/arm-none-eabi/10.3.1/thumb/v7e-m+fp/hard/crtbegin.o
                0x0000000008000ef8                PROVIDE (__init_array_end = .)
                0x0000000008000ef8                . = ALIGN (0x4)

.fini_array     0x0000000008000ef8        0x4
                0x0000000008000ef8                . = ALIGN (0x4)
                [!provide]                        PROVIDE (__fini_array_start = .)
 *(SORT_BY_NAME(.fini_array.*))
 *(.fini_array*)
 .fini_array    0x0000000008000ef8        0x4 c:/st/stm32cubeide_1.10.1/stm32cubeide/plugins/com.st.stm32cube.ide.mcu.externaltools.gnu-tools-for-stm32.10.3-2021.10.win32_1.0.0.202111181127/tools/bin/../lib/gcc/arm-none-eabi/10.3.1/thumb/v7e-m+fp/hard/crtbegin.o
                [!provide]                        PROVIDE (__fini_array_end = .)
                0x0000000008000efc                . = ALIGN (0x4)
                0x0000000008000efc                _sidata = LOADADDR (.data)

.data           0x0000000020000000        0xc load address 0x0000000008000efc
                0x0000000020000000                . = ALIGN (0x4)
                0x0000000020000000                _sdata = .
 *(.data)
 *(.data*)
 .data.SystemCoreClock
                0x0000000020000000        0x4 ./Src/system_stm32f4xx.o
                0x0000000020000000                SystemCoreClock
 .data.uwTickFreq
                0x0000000020000004        0x1 ./st/STM32F4xx_HAL_Driver/Src/stm32f4xx_hal.o
                0x0000000020000004                uwTickFreq
 *fill*         0x0000000020000005        0x3 
 .data.uwTickPrio
                0x0000000020000008        0x4 ./st/STM32F4xx_HAL_Driver/Src/stm32f4xx_hal.o
                0x0000000020000008                uwTickPrio
 *(.RamFunc)
 *(.RamFunc*)
                0x000000002000000c                . = ALIGN (0x4)
                0x000000002000000c                _edata = .
                0x0000000008000f08                _siccmram = LOADADDR (.ccmram)

.igot.plt       0x000000002000000c        0x0 load address 0x0000000008000f08
 .igot.plt      0x000000002000000c        0x0 c:/st/stm32cubeide_1.10.1/stm32cubeide/plugins/com.st.stm32cube.ide.mcu.externaltools.gnu-tools-for-stm32.10.3-2021.10.win32_1.0.0.202111181127/tools/bin/../lib/gcc/arm-none-eabi/10.3.1/thumb/v7e-m+fp/hard/crtbegin.o

.ccmram         0x0000000010000000        0x0 load address 0x0000000008000f08
                0x0000000010000000                . = ALIGN (0x4)
                0x0000000010000000                _sccmram = .
 *(.ccmram)
 *(.ccmram*)
                0x0000000010000000                . = ALIGN (0x4)
                0x0000000010000000                _eccmram = .
                0x0000000010000000                . = ALIGN (0x4)

.bss            0x000000002000000c       0x6c
                0x000000002000000c                _sbss = .
                0x000000002000000c                __bss_start__ = _sbss
 *(.bss)
 .bss           0x000000002000000c       0x1c c:/st/stm32cubeide_1.10.1/stm32cubeide/plugins/com.st.stm32cube.ide.mcu.externaltools.gnu-tools-for-stm32.10.3-2021.10.win32_1.0.0.202111181127/tools/bin/../lib/gcc/arm-none-eabi/10.3.1/thumb/v7e-m+fp/hard/crtbegin.o
 *(.bss*)
 .bss.led_chain
                0x0000000020000028        0x3 ./Src/main.o
 *fill*         0x000000002000002b        0x1 
 .bss.htim1     0x000000002000002c       0x48 ./Src/tim.o
                0x000000002000002c                htim1
 .bss.uwTick    0x0000000020000074        0x4 ./st/STM32F4xx_HAL_Driver/Src/stm32f4xx_hal.o
                0x0000000020000074                uwTick
 *(COMMON)
                0x0000000020000078                . = ALIGN (0x4)
                0x0000000020000078                _ebss = .
                0x0000000020000078                __bss_end__ = _ebss

._user_heap_stack
                0x0000000020000078      0x600
                0x0000000020000078                . = ALIGN (0x8)
                [!provide]                        PROVIDE (end = .)
                0x0000000020000078                PROVIDE (_end = .)
                0x0000000020000278                . = (. + _Min_Heap_Size)
 *fill*         0x0000000020000078      0x200 
                0x0000000020000678                . = (. + _Min_Stack_Size)
 *fill*         0x0000000020000278      0x400 
                0x0000000020000678                . = ALIGN (0x8)

/DISCARD/
 libc.a(*)
 libm.a(*)
 libgcc.a(*)

.ARM.attributes
                0x0000000000000000       0x30
 *(.ARM.attributes)
 .ARM.attributes
                0x0000000000000000       0x1e c:/st/stm32cubeide_1.10.1/stm32cubeide/plugins/com.st.stm32cube.ide.mcu.externaltools.gnu-tools-for-stm32.10.3-2021.10.win32_1.0.0.202111181127/tools/bin/../lib/gcc/arm-none-eabi/10.3.1/thumb/v7e-m+fp/hard/crti.o
 .ARM.attributes
                0x000000000000001e       0x34 c:/st/stm32cubeide_1.10.1/stm32cubeide/plugins/com.st.stm32cube.ide.mcu.externaltools.gnu-tools-for-stm32.10.3-2021.10.win32_1.0.0.202111181127/tools/bin/../lib/gcc/arm-none-eabi/10.3.1/thumb/v7e-m+fp/hard/crtbegin.o
 .ARM.attributes
                0x0000000000000052       0x34 ./Src/gpio.o
 .ARM.attributes
                0x0000000000000086       0x34 ./Src/main.o
 .ARM.attributes
                0x00000000000000ba       0x34 ./Src/stm32f4xx_hal_msp.o
 .ARM.attributes
                0x00000000000000ee       0x34 ./Src/stm32f4xx_it.o
 .ARM.attributes
                0x0000000000000122       0x34 ./Src/system_stm32f4xx.o
 .ARM.attributes
                0x0000000000000156       0x34 ./Src/tim.o
 .ARM.attributes
                0x000000000000018a       0x21 ./Startup/startup_stm32f407vgtx.o
 .ARM.attributes
                0x00000000000001ab       0x34 ./st/STM32F4xx_HAL_Driver/Src/stm32f4xx_hal.o
 .ARM.attributes
                0x00000000000001df       0x34 ./st/STM32F4xx_HAL_Driver/Src/stm32f4xx_hal_cortex.o
 .ARM.attributes
                0x0000000000000213       0x34 ./st/STM32F4xx_HAL_Driver/Src/stm32f4xx_hal_tim.o
 .ARM.attributes
                0x0000000000000247       0x34 ./st/STM32F4xx_HAL_Driver/Src/stm32f4xx_hal_tim_ex.o
 .ARM.attributes
                0x000000000000027b       0x34 ./st/STM32F4xx_HAL_Driver/Src/stm32f4xx_ll_gpio.o
 .ARM.attributes
                0x00000000000002af       0x34 ./st/STM32F4xx_HAL_Driver/Src/stm32f4xx_ll_utils.o
 .ARM.attributes
                0x00000000000002e3       0x34 ./state/state.o
 .ARM.attributes
                0x0000000000000317       0x34 c:/st/stm32cubeide_1.10.1/stm32cubeide/plugins/com.st.stm32cube.ide.mcu.externaltools.gnu-tools-for-stm32.10.3-2021.10.win32_1.0.0.202111181127/tools/bin/../lib/gcc/arm-none-eabi/10.3.1/../../../../arm-none-eabi/lib/thumb/v7e-m+fp/hard\libc_nano.a(lib_a-init.o)
 .ARM.attributes
                0x000000000000034b       0x34 c:/st/stm32cubeide_1.10.1/stm32cubeide/plugins/com.st.stm32cube.ide.mcu.externaltools.gnu-tools-for-stm32.10.3-2021.10.win32_1.0.0.202111181127/tools/bin/../lib/gcc/arm-none-eabi/10.3.1/../../../../arm-none-eabi/lib/thumb/v7e-m+fp/hard\libc_nano.a(lib_a-memset.o)
 .ARM.attributes
                0x000000000000037f       0x1e c:/st/stm32cubeide_1.10.1/stm32cubeide/plugins/com.st.stm32cube.ide.mcu.externaltools.gnu-tools-for-stm32.10.3-2021.10.win32_1.0.0.202111181127/tools/bin/../lib/gcc/arm-none-eabi/10.3.1/thumb/v7e-m+fp/hard/crtn.o
OUTPUT(state_machine_timeout.elf elf32-littlearm)
LOAD linker stubs
LOAD c:/st/stm32cubeide_1.10.1/stm32cubeide/plugins/com.st.stm32cube.ide.mcu.externaltools.gnu-tools-for-stm32.10.3-2021.10.win32_1.0.0.202111181127/tools/bin/../lib/gcc/arm-none-eabi/10.3.1/../../../../arm-none-eabi/lib/thumb/v7e-m+fp/hard\libc.a
LOAD c:/st/stm32cubeide_1.10.1/stm32cubeide/plugins/com.st.stm32cube.ide.mcu.externaltools.gnu-tools-for-stm32.10.3-2021.10.win32_1.0.0.202111181127/tools/bin/../lib/gcc/arm-none-eabi/10.3.1/../../../../arm-none-eabi/lib/thumb/v7e-m+fp/hard\libm.a
LOAD c:/st/stm32cubeide_1.10.1/stm32cubeide/plugins/com.st.stm32cube.ide.mcu.externaltools.gnu-tools-for-stm32.10.3-2021.10.win32_1.0.0.202111181127/tools/bin/../lib/gcc/arm-none-eabi/10.3.1/thumb/v7e-m+fp/hard\libgcc.a

.comment        0x0000000000000000       0x50
 .comment       0x0000000000000000       0x50 ./Src/gpio.o
                                         0x51 (size before relaxing)
 .comment       0x0000000000000050       0x51 ./Src/main.o
 .comment       0x0000000000000050       0x51 ./Src/stm32f4xx_hal_msp.o
 .comment       0x0000000000000050       0x51 ./Src/stm32f4xx_it.o
 .comment       0x0000000000000050       0x51 ./Src/system_stm32f4xx.o
 .comment       0x0000000000000050       0x51 ./Src/tim.o
 .comment       0x0000000000000050       0x51 ./st/STM32F4xx_HAL_Driver/Src/stm32f4xx_hal.o
 .comment       0x0000000000000050       0x51 ./st/STM32F4xx_HAL_Driver/Src/stm32f4xx_hal_cortex.o
 .comment       0x0000000000000050       0x51 ./st/STM32F4xx_HAL_Driver/Src/stm32f4xx_hal_tim.o
 .comment       0x0000000000000050       0x51 ./st/STM32F4xx_HAL_Driver/Src/stm32f4xx_hal_tim_ex.o
 .comment       0x0000000000000050       0x51 ./st/STM32F4xx_HAL_Driver/Src/stm32f4xx_ll_gpio.o
 .comment       0x0000000000000050       0x51 ./st/STM32F4xx_HAL_Driver/Src/stm32f4xx_ll_utils.o
 .comment       0x0000000000000050       0x51 ./state/state.o

.debug_frame    0x0000000000000000       0x4c
 .debug_frame   0x0000000000000000       0x2c c:/st/stm32cubeide_1.10.1/stm32cubeide/plugins/com.st.stm32cube.ide.mcu.externaltools.gnu-tools-for-stm32.10.3-2021.10.win32_1.0.0.202111181127/tools/bin/../lib/gcc/arm-none-eabi/10.3.1/../../../../arm-none-eabi/lib/thumb/v7e-m+fp/hard\libc_nano.a(lib_a-init.o)
 .debug_frame   0x000000000000002c       0x20 c:/st/stm32cubeide_1.10.1/stm32cubeide/plugins/com.st.stm32cube.ide.mcu.externaltools.gnu-tools-for-stm32.10.3-2021.10.win32_1.0.0.202111181127/tools/bin/../lib/gcc/arm-none-eabi/10.3.1/../../../../arm-none-eabi/lib/thumb/v7e-m+fp/hard\libc_nano.a(lib_a-memset.o)
