Archive member included to satisfy reference by file (symbol)

c:/st/stm32cubeide_1.10.1/stm32cubeide/plugins/com.st.stm32cube.ide.mcu.externaltools.gnu-tools-for-stm32.10.3-2021.10.win32_1.0.0.202111181127/tools/bin/../lib/gcc/arm-none-eabi/10.3.1/../../../../arm-none-eabi/lib/thumb/v7e-m+fp/hard\libc_nano.a(lib_a-errno.o)
                              ./Src/syscalls.o (__errno)
c:/st/stm32cubeide_1.10.1/stm32cubeide/plugins/com.st.stm32cube.ide.mcu.externaltools.gnu-tools-for-stm32.10.3-2021.10.win32_1.0.0.202111181127/tools/bin/../lib/gcc/arm-none-eabi/10.3.1/../../../../arm-none-eabi/lib/thumb/v7e-m+fp/hard\libc_nano.a(lib_a-exit.o)
                              c:/st/stm32cubeide_1.10.1/stm32cubeide/plugins/com.st.stm32cube.ide.mcu.externaltools.gnu-tools-for-stm32.10.3-2021.10.win32_1.0.0.202111181127/tools/bin/../lib/gcc/arm-none-eabi/10.3.1/../../../../arm-none-eabi/lib/thumb/v7e-m+fp/hard/crt0.o (exit)
c:/st/stm32cubeide_1.10.1/stm32cubeide/plugins/com.st.stm32cube.ide.mcu.externaltools.gnu-tools-for-stm32.10.3-2021.10.win32_1.0.0.202111181127/tools/bin/../lib/gcc/arm-none-eabi/10.3.1/../../../../arm-none-eabi/lib/thumb/v7e-m+fp/hard\libc_nano.a(lib_a-impure.o)
                              c:/st/stm32cubeide_1.10.1/stm32cubeide/plugins/com.st.stm32cube.ide.mcu.externaltools.gnu-tools-for-stm32.10.3-2021.10.win32_1.0.0.202111181127/tools/bin/../lib/gcc/arm-none-eabi/10.3.1/../../../../arm-none-eabi/lib/thumb/v7e-m+fp/hard\libc_nano.a(lib_a-exit.o) (_global_impure_ptr)
c:/st/stm32cubeide_1.10.1/stm32cubeide/plugins/com.st.stm32cube.ide.mcu.externaltools.gnu-tools-for-stm32.10.3-2021.10.win32_1.0.0.202111181127/tools/bin/../lib/gcc/arm-none-eabi/10.3.1/../../../../arm-none-eabi/lib/thumb/v7e-m+fp/hard\libc_nano.a(lib_a-init.o)
                              c:/st/stm32cubeide_1.10.1/stm32cubeide/plugins/com.st.stm32cube.ide.mcu.externaltools.gnu-tools-for-stm32.10.3-2021.10.win32_1.0.0.202111181127/tools/bin/../lib/gcc/arm-none-eabi/10.3.1/../../../../arm-none-eabi/lib/thumb/v7e-m+fp/hard/crt0.o (__libc_init_array)
c:/st/stm32cubeide_1.10.1/stm32cubeide/plugins/com.st.stm32cube.ide.mcu.externaltools.gnu-tools-for-stm32.10.3-2021.10.win32_1.0.0.202111181127/tools/bin/../lib/gcc/arm-none-eabi/10.3.1/../../../../arm-none-eabi/lib/thumb/v7e-m+fp/hard\libc_nano.a(lib_a-memset.o)
                              c:/st/stm32cubeide_1.10.1/stm32cubeide/plugins/com.st.stm32cube.ide.mcu.externaltools.gnu-tools-for-stm32.10.3-2021.10.win32_1.0.0.202111181127/tools/bin/../lib/gcc/arm-none-eabi/10.3.1/../../../../arm-none-eabi/lib/thumb/v7e-m+fp/hard/crt0.o (memset)
c:/st/stm32cubeide_1.10.1/stm32cubeide/plugins/com.st.stm32cube.ide.mcu.externaltools.gnu-tools-for-stm32.10.3-2021.10.win32_1.0.0.202111181127/tools/bin/../lib/gcc/arm-none-eabi/10.3.1/thumb/v7e-m+fp/hard\libgcc.a(_aeabi_ldivmod.o)
                              ./st/STM32F4xx_HAL_Driver/Src/stm32f4xx_ll_usart.o (__aeabi_ldivmod)
c:/st/stm32cubeide_1.10.1/stm32cubeide/plugins/com.st.stm32cube.ide.mcu.externaltools.gnu-tools-for-stm32.10.3-2021.10.win32_1.0.0.202111181127/tools/bin/../lib/gcc/arm-none-eabi/10.3.1/thumb/v7e-m+fp/hard\libgcc.a(_aeabi_uldivmod.o)
                              ./st/STM32F4xx_HAL_Driver/Src/stm32f4xx_ll_usart.o (__aeabi_uldivmod)
c:/st/stm32cubeide_1.10.1/stm32cubeide/plugins/com.st.stm32cube.ide.mcu.externaltools.gnu-tools-for-stm32.10.3-2021.10.win32_1.0.0.202111181127/tools/bin/../lib/gcc/arm-none-eabi/10.3.1/thumb/v7e-m+fp/hard\libgcc.a(_udivmoddi4.o)
                              c:/st/stm32cubeide_1.10.1/stm32cubeide/plugins/com.st.stm32cube.ide.mcu.externaltools.gnu-tools-for-stm32.10.3-2021.10.win32_1.0.0.202111181127/tools/bin/../lib/gcc/arm-none-eabi/10.3.1/thumb/v7e-m+fp/hard\libgcc.a(_aeabi_ldivmod.o) (__udivmoddi4)
c:/st/stm32cubeide_1.10.1/stm32cubeide/plugins/com.st.stm32cube.ide.mcu.externaltools.gnu-tools-for-stm32.10.3-2021.10.win32_1.0.0.202111181127/tools/bin/../lib/gcc/arm-none-eabi/10.3.1/thumb/v7e-m+fp/hard\libgcc.a(_dvmd_tls.o)
                              c:/st/stm32cubeide_1.10.1/stm32cubeide/plugins/com.st.stm32cube.ide.mcu.externaltools.gnu-tools-for-stm32.10.3-2021.10.win32_1.0.0.202111181127/tools/bin/../lib/gcc/arm-none-eabi/10.3.1/thumb/v7e-m+fp/hard\libgcc.a(_aeabi_ldivmod.o) (__aeabi_ldiv0)

Discarded input sections

 .text          0x0000000000000000        0x0 c:/st/stm32cubeide_1.10.1/stm32cubeide/plugins/com.st.stm32cube.ide.mcu.externaltools.gnu-tools-for-stm32.10.3-2021.10.win32_1.0.0.202111181127/tools/bin/../lib/gcc/arm-none-eabi/10.3.1/thumb/v7e-m+fp/hard/crti.o
 .data          0x0000000000000000        0x0 c:/st/stm32cubeide_1.10.1/stm32cubeide/plugins/com.st.stm32cube.ide.mcu.externaltools.gnu-tools-for-stm32.10.3-2021.10.win32_1.0.0.202111181127/tools/bin/../lib/gcc/arm-none-eabi/10.3.1/thumb/v7e-m+fp/hard/crti.o
 .bss           0x0000000000000000        0x0 c:/st/stm32cubeide_1.10.1/stm32cubeide/plugins/com.st.stm32cube.ide.mcu.externaltools.gnu-tools-for-stm32.10.3-2021.10.win32_1.0.0.202111181127/tools/bin/../lib/gcc/arm-none-eabi/10.3.1/thumb/v7e-m+fp/hard/crti.o
 .data          0x0000000000000000        0x4 c:/st/stm32cubeide_1.10.1/stm32cubeide/plugins/com.st.stm32cube.ide.mcu.externaltools.gnu-tools-for-stm32.10.3-2021.10.win32_1.0.0.202111181127/tools/bin/../lib/gcc/arm-none-eabi/10.3.1/thumb/v7e-m+fp/hard/crtbegin.o
 .rodata        0x0000000000000000       0x24 c:/st/stm32cubeide_1.10.1/stm32cubeide/plugins/com.st.stm32cube.ide.mcu.externaltools.gnu-tools-for-stm32.10.3-2021.10.win32_1.0.0.202111181127/tools/bin/../lib/gcc/arm-none-eabi/10.3.1/thumb/v7e-m+fp/hard/crtbegin.o
 .text          0x0000000000000000       0x7c c:/st/stm32cubeide_1.10.1/stm32cubeide/plugins/com.st.stm32cube.ide.mcu.externaltools.gnu-tools-for-stm32.10.3-2021.10.win32_1.0.0.202111181127/tools/bin/../lib/gcc/arm-none-eabi/10.3.1/../../../../arm-none-eabi/lib/thumb/v7e-m+fp/hard/crt0.o
 .data          0x0000000000000000        0x0 c:/st/stm32cubeide_1.10.1/stm32cubeide/plugins/com.st.stm32cube.ide.mcu.externaltools.gnu-tools-for-stm32.10.3-2021.10.win32_1.0.0.202111181127/tools/bin/../lib/gcc/arm-none-eabi/10.3.1/../../../../arm-none-eabi/lib/thumb/v7e-m+fp/hard/crt0.o
 .bss           0x0000000000000000        0x0 c:/st/stm32cubeide_1.10.1/stm32cubeide/plugins/com.st.stm32cube.ide.mcu.externaltools.gnu-tools-for-stm32.10.3-2021.10.win32_1.0.0.202111181127/tools/bin/../lib/gcc/arm-none-eabi/10.3.1/../../../../arm-none-eabi/lib/thumb/v7e-m+fp/hard/crt0.o
 .ARM.extab     0x0000000000000000        0x0 c:/st/stm32cubeide_1.10.1/stm32cubeide/plugins/com.st.stm32cube.ide.mcu.externaltools.gnu-tools-for-stm32.10.3-2021.10.win32_1.0.0.202111181127/tools/bin/../lib/gcc/arm-none-eabi/10.3.1/../../../../arm-none-eabi/lib/thumb/v7e-m+fp/hard/crt0.o
 .ARM.exidx     0x0000000000000000       0x10 c:/st/stm32cubeide_1.10.1/stm32cubeide/plugins/com.st.stm32cube.ide.mcu.externaltools.gnu-tools-for-stm32.10.3-2021.10.win32_1.0.0.202111181127/tools/bin/../lib/gcc/arm-none-eabi/10.3.1/../../../../arm-none-eabi/lib/thumb/v7e-m+fp/hard/crt0.o
 .ARM.attributes
                0x0000000000000000       0x1c c:/st/stm32cubeide_1.10.1/stm32cubeide/plugins/com.st.stm32cube.ide.mcu.externaltools.gnu-tools-for-stm32.10.3-2021.10.win32_1.0.0.202111181127/tools/bin/../lib/gcc/arm-none-eabi/10.3.1/../../../../arm-none-eabi/lib/thumb/v7e-m+fp/hard/crt0.o
 .text          0x0000000000000000        0x0 ./Src/gpio.o
 .data          0x0000000000000000        0x0 ./Src/gpio.o
 .bss           0x0000000000000000        0x0 ./Src/gpio.o
 .text          0x0000000000000000        0x0 ./Src/main.o
 .data          0x0000000000000000        0x0 ./Src/main.o
 .bss           0x0000000000000000        0x0 ./Src/main.o
 .text.Error_Handler
                0x0000000000000000        0x4 ./Src/main.o
 .text          0x0000000000000000        0x0 ./Src/syscalls.o
 .data          0x0000000000000000        0x0 ./Src/syscalls.o
 .bss           0x0000000000000000        0x0 ./Src/syscalls.o
 .text.initialise_monitor_handles
                0x0000000000000000        0x2 ./Src/syscalls.o
 .text._getpid  0x0000000000000000        0x4 ./Src/syscalls.o
 .text._kill    0x0000000000000000       0x10 ./Src/syscalls.o
 .text._exit    0x0000000000000000        0xc ./Src/syscalls.o
 .text._read    0x0000000000000000       0x1c ./Src/syscalls.o
 .text._write   0x0000000000000000       0x1c ./Src/syscalls.o
 .text._close   0x0000000000000000        0x6 ./Src/syscalls.o
 .text._fstat   0x0000000000000000        0xa ./Src/syscalls.o
 .text._isatty  0x0000000000000000        0x4 ./Src/syscalls.o
 .text._lseek   0x0000000000000000        0x4 ./Src/syscalls.o
 .text._open    0x0000000000000000        0xa ./Src/syscalls.o
 .text._wait    0x0000000000000000       0x10 ./Src/syscalls.o
 .text._unlink  0x0000000000000000       0x10 ./Src/syscalls.o
 .text._times   0x0000000000000000        0x6 ./Src/syscalls.o
 .text._stat    0x0000000000000000        0xa ./Src/syscalls.o
 .text._link    0x0000000000000000       0x10 ./Src/syscalls.o
 .text._fork    0x0000000000000000       0x10 ./Src/syscalls.o
 .text._execve  0x0000000000000000       0x10 ./Src/syscalls.o
 .bss.__env     0x0000000000000000        0x4 ./Src/syscalls.o
 .data.environ  0x0000000000000000        0x4 ./Src/syscalls.o
 .comment       0x0000000000000000       0x51 ./Src/syscalls.o
 .ARM.attributes
                0x0000000000000000       0x34 ./Src/syscalls.o
 .text          0x0000000000000000        0x0 ./Src/sysmem.o
 .data          0x0000000000000000        0x0 ./Src/sysmem.o
 .bss           0x0000000000000000        0x0 ./Src/sysmem.o
 .text._sbrk    0x0000000000000000       0x40 ./Src/sysmem.o
 .bss.__sbrk_heap_end
                0x0000000000000000        0x4 ./Src/sysmem.o
 .comment       0x0000000000000000       0x51 ./Src/sysmem.o
 .ARM.attributes
                0x0000000000000000       0x34 ./Src/sysmem.o
 .text          0x0000000000000000        0x0 ./Src/system_stm32f4xx.o
 .data          0x0000000000000000        0x0 ./Src/system_stm32f4xx.o
 .bss           0x0000000000000000        0x0 ./Src/system_stm32f4xx.o
 .text.SystemCoreClockUpdate
                0x0000000000000000       0x74 ./Src/system_stm32f4xx.o
 .rodata.AHBPrescTable
                0x0000000000000000       0x10 ./Src/system_stm32f4xx.o
 .rodata.APBPrescTable
                0x0000000000000000        0x8 ./Src/system_stm32f4xx.o
 .text          0x0000000000000000       0x14 ./Startup/startup_stm32f407vgtx.o
 .data          0x0000000000000000        0x0 ./Startup/startup_stm32f407vgtx.o
 .bss           0x0000000000000000        0x0 ./Startup/startup_stm32f407vgtx.o
 .text          0x0000000000000000        0x0 ./st/STM32F4xx_HAL_Driver/Src/stm32f4xx_ll_adc.o
 .data          0x0000000000000000        0x0 ./st/STM32F4xx_HAL_Driver/Src/stm32f4xx_ll_adc.o
 .bss           0x0000000000000000        0x0 ./st/STM32F4xx_HAL_Driver/Src/stm32f4xx_ll_adc.o
 .text.LL_ADC_CommonDeInit
                0x0000000000000000       0x1c ./st/STM32F4xx_HAL_Driver/Src/stm32f4xx_ll_adc.o
 .text.LL_ADC_CommonInit
                0x0000000000000000       0x54 ./st/STM32F4xx_HAL_Driver/Src/stm32f4xx_ll_adc.o
 .text.LL_ADC_CommonStructInit
                0x0000000000000000        0xc ./st/STM32F4xx_HAL_Driver/Src/stm32f4xx_ll_adc.o
 .text.LL_ADC_DeInit
                0x0000000000000000       0xb8 ./st/STM32F4xx_HAL_Driver/Src/stm32f4xx_ll_adc.o
 .text.LL_ADC_Init
                0x0000000000000000       0x32 ./st/STM32F4xx_HAL_Driver/Src/stm32f4xx_ll_adc.o
 .text.LL_ADC_StructInit
                0x0000000000000000        0xe ./st/STM32F4xx_HAL_Driver/Src/stm32f4xx_ll_adc.o
 .text.LL_ADC_REG_Init
                0x0000000000000000       0x50 ./st/STM32F4xx_HAL_Driver/Src/stm32f4xx_ll_adc.o
 .text.LL_ADC_REG_StructInit
                0x0000000000000000        0xe ./st/STM32F4xx_HAL_Driver/Src/stm32f4xx_ll_adc.o
 .text.LL_ADC_INJ_Init
                0x0000000000000000       0x3e ./st/STM32F4xx_HAL_Driver/Src/stm32f4xx_ll_adc.o
 .text.LL_ADC_INJ_StructInit
                0x0000000000000000        0xc ./st/STM32F4xx_HAL_Driver/Src/stm32f4xx_ll_adc.o
 .comment       0x0000000000000000       0x51 ./st/STM32F4xx_HAL_Driver/Src/stm32f4xx_ll_adc.o
 .ARM.attributes
                0x0000000000000000       0x34 ./st/STM32F4xx_HAL_Driver/Src/stm32f4xx_ll_adc.o
 .text          0x0000000000000000        0x0 ./st/STM32F4xx_HAL_Driver/Src/stm32f4xx_ll_crc.o
 .data          0x0000000000000000        0x0 ./st/STM32F4xx_HAL_Driver/Src/stm32f4xx_ll_crc.o
 .bss           0x0000000000000000        0x0 ./st/STM32F4xx_HAL_Driver/Src/stm32f4xx_ll_crc.o
 .text.LL_CRC_DeInit
                0x0000000000000000       0x2c ./st/STM32F4xx_HAL_Driver/Src/stm32f4xx_ll_crc.o
 .comment       0x0000000000000000       0x51 ./st/STM32F4xx_HAL_Driver/Src/stm32f4xx_ll_crc.o
 .ARM.attributes
                0x0000000000000000       0x34 ./st/STM32F4xx_HAL_Driver/Src/stm32f4xx_ll_crc.o
 .text          0x0000000000000000        0x0 ./st/STM32F4xx_HAL_Driver/Src/stm32f4xx_ll_dac.o
 .data          0x0000000000000000        0x0 ./st/STM32F4xx_HAL_Driver/Src/stm32f4xx_ll_dac.o
 .bss           0x0000000000000000        0x0 ./st/STM32F4xx_HAL_Driver/Src/stm32f4xx_ll_dac.o
 .text.LL_DAC_DeInit
                0x0000000000000000       0x1c ./st/STM32F4xx_HAL_Driver/Src/stm32f4xx_ll_dac.o
 .text.LL_DAC_Init
                0x0000000000000000       0x4c ./st/STM32F4xx_HAL_Driver/Src/stm32f4xx_ll_dac.o
 .text.LL_DAC_StructInit
                0x0000000000000000        0xe ./st/STM32F4xx_HAL_Driver/Src/stm32f4xx_ll_dac.o
 .comment       0x0000000000000000       0x51 ./st/STM32F4xx_HAL_Driver/Src/stm32f4xx_ll_dac.o
 .ARM.attributes
                0x0000000000000000       0x34 ./st/STM32F4xx_HAL_Driver/Src/stm32f4xx_ll_dac.o
 .text          0x0000000000000000        0x0 ./st/STM32F4xx_HAL_Driver/Src/stm32f4xx_ll_dma.o
 .data          0x0000000000000000        0x0 ./st/STM32F4xx_HAL_Driver/Src/stm32f4xx_ll_dma.o
 .bss           0x0000000000000000        0x0 ./st/STM32F4xx_HAL_Driver/Src/stm32f4xx_ll_dma.o
 .text.LL_DMA_DeInit
                0x0000000000000000      0x190 ./st/STM32F4xx_HAL_Driver/Src/stm32f4xx_ll_dma.o
 .text.LL_DMA_Init
                0x0000000000000000       0x84 ./st/STM32F4xx_HAL_Driver/Src/stm32f4xx_ll_dma.o
 .text.LL_DMA_StructInit
                0x0000000000000000       0x22 ./st/STM32F4xx_HAL_Driver/Src/stm32f4xx_ll_dma.o
 .rodata.STREAM_OFFSET_TAB
                0x0000000000000000        0x8 ./st/STM32F4xx_HAL_Driver/Src/stm32f4xx_ll_dma.o
 .comment       0x0000000000000000       0x51 ./st/STM32F4xx_HAL_Driver/Src/stm32f4xx_ll_dma.o
 .ARM.attributes
                0x0000000000000000       0x34 ./st/STM32F4xx_HAL_Driver/Src/stm32f4xx_ll_dma.o
 .text          0x0000000000000000        0x0 ./st/STM32F4xx_HAL_Driver/Src/stm32f4xx_ll_dma2d.o
 .data          0x0000000000000000        0x0 ./st/STM32F4xx_HAL_Driver/Src/stm32f4xx_ll_dma2d.o
 .bss           0x0000000000000000        0x0 ./st/STM32F4xx_HAL_Driver/Src/stm32f4xx_ll_dma2d.o
 .comment       0x0000000000000000       0x51 ./st/STM32F4xx_HAL_Driver/Src/stm32f4xx_ll_dma2d.o
 .ARM.attributes
                0x0000000000000000       0x34 ./st/STM32F4xx_HAL_Driver/Src/stm32f4xx_ll_dma2d.o
 .text          0x0000000000000000        0x0 ./st/STM32F4xx_HAL_Driver/Src/stm32f4xx_ll_exti.o
 .data          0x0000000000000000        0x0 ./st/STM32F4xx_HAL_Driver/Src/stm32f4xx_ll_exti.o
 .bss           0x0000000000000000        0x0 ./st/STM32F4xx_HAL_Driver/Src/stm32f4xx_ll_exti.o
 .text.LL_EXTI_DeInit
                0x0000000000000000       0x1c ./st/STM32F4xx_HAL_Driver/Src/stm32f4xx_ll_exti.o
 .text.LL_EXTI_Init
                0x0000000000000000       0xa8 ./st/STM32F4xx_HAL_Driver/Src/stm32f4xx_ll_exti.o
 .text.LL_EXTI_StructInit
                0x0000000000000000        0xc ./st/STM32F4xx_HAL_Driver/Src/stm32f4xx_ll_exti.o
 .comment       0x0000000000000000       0x51 ./st/STM32F4xx_HAL_Driver/Src/stm32f4xx_ll_exti.o
 .ARM.attributes
                0x0000000000000000       0x34 ./st/STM32F4xx_HAL_Driver/Src/stm32f4xx_ll_exti.o
 .text          0x0000000000000000        0x0 ./st/STM32F4xx_HAL_Driver/Src/stm32f4xx_ll_fmpi2c.o
 .data          0x0000000000000000        0x0 ./st/STM32F4xx_HAL_Driver/Src/stm32f4xx_ll_fmpi2c.o
 .bss           0x0000000000000000        0x0 ./st/STM32F4xx_HAL_Driver/Src/stm32f4xx_ll_fmpi2c.o
 .comment       0x0000000000000000       0x51 ./st/STM32F4xx_HAL_Driver/Src/stm32f4xx_ll_fmpi2c.o
 .ARM.attributes
                0x0000000000000000       0x34 ./st/STM32F4xx_HAL_Driver/Src/stm32f4xx_ll_fmpi2c.o
 .text          0x0000000000000000        0x0 ./st/STM32F4xx_HAL_Driver/Src/stm32f4xx_ll_gpio.o
 .data          0x0000000000000000        0x0 ./st/STM32F4xx_HAL_Driver/Src/stm32f4xx_ll_gpio.o
 .bss           0x0000000000000000        0x0 ./st/STM32F4xx_HAL_Driver/Src/stm32f4xx_ll_gpio.o
 .text.LL_AHB1_GRP1_ForceReset
                0x0000000000000000       0x10 ./st/STM32F4xx_HAL_Driver/Src/stm32f4xx_ll_gpio.o
 .text.LL_AHB1_GRP1_ReleaseReset
                0x0000000000000000       0x10 ./st/STM32F4xx_HAL_Driver/Src/stm32f4xx_ll_gpio.o
 .text.LL_GPIO_DeInit
                0x0000000000000000       0xc4 ./st/STM32F4xx_HAL_Driver/Src/stm32f4xx_ll_gpio.o
 .text.LL_GPIO_StructInit
                0x0000000000000000       0x16 ./st/STM32F4xx_HAL_Driver/Src/stm32f4xx_ll_gpio.o
 .text          0x0000000000000000        0x0 ./st/STM32F4xx_HAL_Driver/Src/stm32f4xx_ll_i2c.o
 .data          0x0000000000000000        0x0 ./st/STM32F4xx_HAL_Driver/Src/stm32f4xx_ll_i2c.o
 .bss           0x0000000000000000        0x0 ./st/STM32F4xx_HAL_Driver/Src/stm32f4xx_ll_i2c.o
 .text.LL_I2C_DeInit
                0x0000000000000000       0x64 ./st/STM32F4xx_HAL_Driver/Src/stm32f4xx_ll_i2c.o
 .text.LL_I2C_Init
                0x0000000000000000       0xdc ./st/STM32F4xx_HAL_Driver/Src/stm32f4xx_ll_i2c.o
 .text.LL_I2C_StructInit
                0x0000000000000000       0x18 ./st/STM32F4xx_HAL_Driver/Src/stm32f4xx_ll_i2c.o
 .comment       0x0000000000000000       0x51 ./st/STM32F4xx_HAL_Driver/Src/stm32f4xx_ll_i2c.o
 .ARM.attributes
                0x0000000000000000       0x34 ./st/STM32F4xx_HAL_Driver/Src/stm32f4xx_ll_i2c.o
 .text          0x0000000000000000        0x0 ./st/STM32F4xx_HAL_Driver/Src/stm32f4xx_ll_lptim.o
 .data          0x0000000000000000        0x0 ./st/STM32F4xx_HAL_Driver/Src/stm32f4xx_ll_lptim.o
 .bss           0x0000000000000000        0x0 ./st/STM32F4xx_HAL_Driver/Src/stm32f4xx_ll_lptim.o
 .comment       0x0000000000000000       0x51 ./st/STM32F4xx_HAL_Driver/Src/stm32f4xx_ll_lptim.o
 .ARM.attributes
                0x0000000000000000       0x34 ./st/STM32F4xx_HAL_Driver/Src/stm32f4xx_ll_lptim.o
 .text          0x0000000000000000        0x0 ./st/STM32F4xx_HAL_Driver/Src/stm32f4xx_ll_pwr.o
 .data          0x0000000000000000        0x0 ./st/STM32F4xx_HAL_Driver/Src/stm32f4xx_ll_pwr.o
 .bss           0x0000000000000000        0x0 ./st/STM32F4xx_HAL_Driver/Src/stm32f4xx_ll_pwr.o
 .text.LL_PWR_DeInit
                0x0000000000000000       0x1c ./st/STM32F4xx_HAL_Driver/Src/stm32f4xx_ll_pwr.o
 .comment       0x0000000000000000       0x51 ./st/STM32F4xx_HAL_Driver/Src/stm32f4xx_ll_pwr.o
 .ARM.attributes
                0x0000000000000000       0x34 ./st/STM32F4xx_HAL_Driver/Src/stm32f4xx_ll_pwr.o
 .text          0x0000000000000000        0x0 ./st/STM32F4xx_HAL_Driver/Src/stm32f4xx_ll_rcc.o
 .data          0x0000000000000000        0x0 ./st/STM32F4xx_HAL_Driver/Src/stm32f4xx_ll_rcc.o
 .bss           0x0000000000000000        0x0 ./st/STM32F4xx_HAL_Driver/Src/stm32f4xx_ll_rcc.o
 .text.LL_RCC_DeInit
                0x0000000000000000       0x94 ./st/STM32F4xx_HAL_Driver/Src/stm32f4xx_ll_rcc.o
 .text.RCC_GetHCLKClockFreq
                0x0000000000000000       0x18 ./st/STM32F4xx_HAL_Driver/Src/stm32f4xx_ll_rcc.o
 .text.RCC_GetPCLK1ClockFreq
                0x0000000000000000       0x18 ./st/STM32F4xx_HAL_Driver/Src/stm32f4xx_ll_rcc.o
 .text.RCC_GetPCLK2ClockFreq
                0x0000000000000000       0x18 ./st/STM32F4xx_HAL_Driver/Src/stm32f4xx_ll_rcc.o
 .text.RCC_PLL_GetFreqDomain_SYS
                0x0000000000000000       0x48 ./st/STM32F4xx_HAL_Driver/Src/stm32f4xx_ll_rcc.o
 .text.RCC_GetSystemClockFreq
                0x0000000000000000       0x28 ./st/STM32F4xx_HAL_Driver/Src/stm32f4xx_ll_rcc.o
 .text.LL_RCC_GetSystemClocksFreq
                0x0000000000000000       0x20 ./st/STM32F4xx_HAL_Driver/Src/stm32f4xx_ll_rcc.o
 .text.RCC_PLL_GetFreqDomain_48M
                0x0000000000000000       0x3c ./st/STM32F4xx_HAL_Driver/Src/stm32f4xx_ll_rcc.o
 .text.LL_RCC_GetSDIOClockFreq
                0x0000000000000000       0x1c ./st/STM32F4xx_HAL_Driver/Src/stm32f4xx_ll_rcc.o
 .text.LL_RCC_GetRNGClockFreq
                0x0000000000000000       0x14 ./st/STM32F4xx_HAL_Driver/Src/stm32f4xx_ll_rcc.o
 .text.LL_RCC_GetUSBClockFreq
                0x0000000000000000        0x4 ./st/STM32F4xx_HAL_Driver/Src/stm32f4xx_ll_rcc.o
 .text.RCC_PLLI2S_GetFreqDomain_I2S
                0x0000000000000000       0x40 ./st/STM32F4xx_HAL_Driver/Src/stm32f4xx_ll_rcc.o
 .text.LL_RCC_GetI2SClockFreq
                0x0000000000000000       0x2c ./st/STM32F4xx_HAL_Driver/Src/stm32f4xx_ll_rcc.o
 .comment       0x0000000000000000       0x51 ./st/STM32F4xx_HAL_Driver/Src/stm32f4xx_ll_rcc.o
 .ARM.attributes
                0x0000000000000000       0x34 ./st/STM32F4xx_HAL_Driver/Src/stm32f4xx_ll_rcc.o
 .text          0x0000000000000000        0x0 ./st/STM32F4xx_HAL_Driver/Src/stm32f4xx_ll_rng.o
 .data          0x0000000000000000        0x0 ./st/STM32F4xx_HAL_Driver/Src/stm32f4xx_ll_rng.o
 .bss           0x0000000000000000        0x0 ./st/STM32F4xx_HAL_Driver/Src/stm32f4xx_ll_rng.o
 .text.LL_RNG_DeInit
                0x0000000000000000       0x28 ./st/STM32F4xx_HAL_Driver/Src/stm32f4xx_ll_rng.o
 .comment       0x0000000000000000       0x51 ./st/STM32F4xx_HAL_Driver/Src/stm32f4xx_ll_rng.o
 .ARM.attributes
                0x0000000000000000       0x34 ./st/STM32F4xx_HAL_Driver/Src/stm32f4xx_ll_rng.o
 .text          0x0000000000000000        0x0 ./st/STM32F4xx_HAL_Driver/Src/stm32f4xx_ll_rtc.o
 .data          0x0000000000000000        0x0 ./st/STM32F4xx_HAL_Driver/Src/stm32f4xx_ll_rtc.o
 .bss           0x0000000000000000        0x0 ./st/STM32F4xx_HAL_Driver/Src/stm32f4xx_ll_rtc.o
 .text.LL_RTC_StructInit
                0x0000000000000000        0xe ./st/STM32F4xx_HAL_Driver/Src/stm32f4xx_ll_rtc.o
 .text.LL_RTC_TIME_StructInit
                0x0000000000000000        0xa ./st/STM32F4xx_HAL_Driver/Src/stm32f4xx_ll_rtc.o
 .text.LL_RTC_DATE_StructInit
                0x0000000000000000        0xe ./st/STM32F4xx_HAL_Driver/Src/stm32f4xx_ll_rtc.o
 .text.LL_RTC_ALMA_Init
                0x0000000000000000       0xe4 ./st/STM32F4xx_HAL_Driver/Src/stm32f4xx_ll_rtc.o
 .text.LL_RTC_ALMB_Init
                0x0000000000000000       0xe4 ./st/STM32F4xx_HAL_Driver/Src/stm32f4xx_ll_rtc.o
 .text.LL_RTC_ALMA_StructInit
                0x0000000000000000       0x12 ./st/STM32F4xx_HAL_Driver/Src/stm32f4xx_ll_rtc.o
 .text.LL_RTC_ALMB_StructInit
                0x0000000000000000        0x4 ./st/STM32F4xx_HAL_Driver/Src/stm32f4xx_ll_rtc.o
 .text.LL_RTC_EnterInitMode
                0x0000000000000000       0x50 ./st/STM32F4xx_HAL_Driver/Src/stm32f4xx_ll_rtc.o
 .text.LL_RTC_Init
                0x0000000000000000       0x4e ./st/STM32F4xx_HAL_Driver/Src/stm32f4xx_ll_rtc.o
 .text.LL_RTC_ExitInitMode
                0x0000000000000000        0xa ./st/STM32F4xx_HAL_Driver/Src/stm32f4xx_ll_rtc.o
 .text.LL_RTC_WaitForSynchro
                0x0000000000000000       0x4a ./st/STM32F4xx_HAL_Driver/Src/stm32f4xx_ll_rtc.o
 .text.LL_RTC_DeInit
                0x0000000000000000       0x50 ./st/STM32F4xx_HAL_Driver/Src/stm32f4xx_ll_rtc.o
 .text.LL_RTC_TIME_Init
                0x0000000000000000       0xa8 ./st/STM32F4xx_HAL_Driver/Src/stm32f4xx_ll_rtc.o
 .text.LL_RTC_DATE_Init
                0x0000000000000000       0xac ./st/STM32F4xx_HAL_Driver/Src/stm32f4xx_ll_rtc.o
 .comment       0x0000000000000000       0x51 ./st/STM32F4xx_HAL_Driver/Src/stm32f4xx_ll_rtc.o
 .ARM.attributes
                0x0000000000000000       0x34 ./st/STM32F4xx_HAL_Driver/Src/stm32f4xx_ll_rtc.o
 .text          0x0000000000000000        0x0 ./st/STM32F4xx_HAL_Driver/Src/stm32f4xx_ll_spi.o
 .data          0x0000000000000000        0x0 ./st/STM32F4xx_HAL_Driver/Src/stm32f4xx_ll_spi.o
 .bss           0x0000000000000000        0x0 ./st/STM32F4xx_HAL_Driver/Src/stm32f4xx_ll_spi.o
 .text.LL_SPI_DeInit
                0x0000000000000000       0x64 ./st/STM32F4xx_HAL_Driver/Src/stm32f4xx_ll_spi.o
 .text.LL_SPI_Init
                0x0000000000000000       0x60 ./st/STM32F4xx_HAL_Driver/Src/stm32f4xx_ll_spi.o
 .text.LL_SPI_StructInit
                0x0000000000000000       0x1a ./st/STM32F4xx_HAL_Driver/Src/stm32f4xx_ll_spi.o
 .text.LL_I2S_DeInit
                0x0000000000000000        0x4 ./st/STM32F4xx_HAL_Driver/Src/stm32f4xx_ll_spi.o
 .text.LL_I2S_Init
                0x0000000000000000       0x90 ./st/STM32F4xx_HAL_Driver/Src/stm32f4xx_ll_spi.o
 .text.LL_I2S_StructInit
                0x0000000000000000       0x12 ./st/STM32F4xx_HAL_Driver/Src/stm32f4xx_ll_spi.o
 .text.LL_I2S_ConfigPrescaler
                0x0000000000000000       0x14 ./st/STM32F4xx_HAL_Driver/Src/stm32f4xx_ll_spi.o
 .text.LL_I2S_InitFullDuplex
                0x0000000000000000       0x40 ./st/STM32F4xx_HAL_Driver/Src/stm32f4xx_ll_spi.o
 .comment       0x0000000000000000       0x51 ./st/STM32F4xx_HAL_Driver/Src/stm32f4xx_ll_spi.o
 .ARM.attributes
                0x0000000000000000       0x34 ./st/STM32F4xx_HAL_Driver/Src/stm32f4xx_ll_spi.o
 .text          0x0000000000000000        0x0 ./st/STM32F4xx_HAL_Driver/Src/stm32f4xx_ll_tim.o
 .data          0x0000000000000000        0x0 ./st/STM32F4xx_HAL_Driver/Src/stm32f4xx_ll_tim.o
 .bss           0x0000000000000000        0x0 ./st/STM32F4xx_HAL_Driver/Src/stm32f4xx_ll_tim.o
 .text.LL_APB1_GRP1_ForceReset
                0x0000000000000000       0x10 ./st/STM32F4xx_HAL_Driver/Src/stm32f4xx_ll_tim.o
 .text.LL_APB1_GRP1_ReleaseReset
                0x0000000000000000       0x10 ./st/STM32F4xx_HAL_Driver/Src/stm32f4xx_ll_tim.o
 .text.LL_TIM_DeInit
                0x0000000000000000      0x158 ./st/STM32F4xx_HAL_Driver/Src/stm32f4xx_ll_tim.o
 .text.LL_TIM_StructInit
                0x0000000000000000       0x12 ./st/STM32F4xx_HAL_Driver/Src/stm32f4xx_ll_tim.o
 .text.LL_TIM_Init
                0x0000000000000000       0xc8 ./st/STM32F4xx_HAL_Driver/Src/stm32f4xx_ll_tim.o
 .text.LL_TIM_OC_StructInit
                0x0000000000000000       0x14 ./st/STM32F4xx_HAL_Driver/Src/stm32f4xx_ll_tim.o
 .text.LL_TIM_OC_Init
                0x0000000000000000      0x1b0 ./st/STM32F4xx_HAL_Driver/Src/stm32f4xx_ll_tim.o
 .text.LL_TIM_IC_StructInit
                0x0000000000000000       0x10 ./st/STM32F4xx_HAL_Driver/Src/stm32f4xx_ll_tim.o
 .text.LL_TIM_IC_Init
                0x0000000000000000       0xde ./st/STM32F4xx_HAL_Driver/Src/stm32f4xx_ll_tim.o
 .text.LL_TIM_ENCODER_StructInit
                0x0000000000000000       0x1c ./st/STM32F4xx_HAL_Driver/Src/stm32f4xx_ll_tim.o
 .text.LL_TIM_ENCODER_Init
                0x0000000000000000       0x5a ./st/STM32F4xx_HAL_Driver/Src/stm32f4xx_ll_tim.o
 .text.LL_TIM_HALLSENSOR_StructInit
                0x0000000000000000        0xc ./st/STM32F4xx_HAL_Driver/Src/stm32f4xx_ll_tim.o
 .text.LL_TIM_HALLSENSOR_Init
                0x0000000000000000       0x52 ./st/STM32F4xx_HAL_Driver/Src/stm32f4xx_ll_tim.o
 .text.LL_TIM_BDTR_StructInit
                0x0000000000000000       0x12 ./st/STM32F4xx_HAL_Driver/Src/stm32f4xx_ll_tim.o
 .text.LL_TIM_BDTR_Init
                0x0000000000000000       0x34 ./st/STM32F4xx_HAL_Driver/Src/stm32f4xx_ll_tim.o
 .comment       0x0000000000000000       0x51 ./st/STM32F4xx_HAL_Driver/Src/stm32f4xx_ll_tim.o
 .ARM.attributes
                0x0000000000000000       0x34 ./st/STM32F4xx_HAL_Driver/Src/stm32f4xx_ll_tim.o
 .text          0x0000000000000000        0x0 ./st/STM32F4xx_HAL_Driver/Src/stm32f4xx_ll_usart.o
 .data          0x0000000000000000        0x0 ./st/STM32F4xx_HAL_Driver/Src/stm32f4xx_ll_usart.o
 .bss           0x0000000000000000        0x0 ./st/STM32F4xx_HAL_Driver/Src/stm32f4xx_ll_usart.o
 .text.LL_USART_DeInit
                0x0000000000000000       0xc0 ./st/STM32F4xx_HAL_Driver/Src/stm32f4xx_ll_usart.o
 .text.LL_USART_Init
                0x0000000000000000       0xfc ./st/STM32F4xx_HAL_Driver/Src/stm32f4xx_ll_usart.o
 .text.LL_USART_StructInit
                0x0000000000000000       0x18 ./st/STM32F4xx_HAL_Driver/Src/stm32f4xx_ll_usart.o
 .text.LL_USART_ClockInit
                0x0000000000000000       0x3a ./st/STM32F4xx_HAL_Driver/Src/stm32f4xx_ll_usart.o
 .text.LL_USART_ClockStructInit
                0x0000000000000000        0xc ./st/STM32F4xx_HAL_Driver/Src/stm32f4xx_ll_usart.o
 .comment       0x0000000000000000       0x51 ./st/STM32F4xx_HAL_Driver/Src/stm32f4xx_ll_usart.o
 .ARM.attributes
                0x0000000000000000       0x34 ./st/STM32F4xx_HAL_Driver/Src/stm32f4xx_ll_usart.o
 .text          0x0000000000000000        0x0 ./st/STM32F4xx_HAL_Driver/Src/stm32f4xx_ll_utils.o
 .data          0x0000000000000000        0x0 ./st/STM32F4xx_HAL_Driver/Src/stm32f4xx_ll_utils.o
 .bss           0x0000000000000000        0x0 ./st/STM32F4xx_HAL_Driver/Src/stm32f4xx_ll_utils.o
 .text.UTILS_PLL_IsBusy
                0x0000000000000000       0x1c ./st/STM32F4xx_HAL_Driver/Src/stm32f4xx_ll_utils.o
 .text.LL_SetFlashLatency
                0x0000000000000000       0xd0 ./st/STM32F4xx_HAL_Driver/Src/stm32f4xx_ll_utils.o
 .text.UTILS_EnablePLLAndSwitchSystem
                0x0000000000000000       0x94 ./st/STM32F4xx_HAL_Driver/Src/stm32f4xx_ll_utils.o
 .text.LL_PLL_ConfigSystemClock_HSI
                0x0000000000000000       0x74 ./st/STM32F4xx_HAL_Driver/Src/stm32f4xx_ll_utils.o
 .text.LL_PLL_ConfigSystemClock_HSE
                0x0000000000000000       0x8c ./st/STM32F4xx_HAL_Driver/Src/stm32f4xx_ll_utils.o
 .text          0x0000000000000000        0x0 ./state/state.o
 .data          0x0000000000000000        0x0 ./state/state.o
 .bss           0x0000000000000000        0x0 ./state/state.o
 .text          0x0000000000000000        0x0 c:/st/stm32cubeide_1.10.1/stm32cubeide/plugins/com.st.stm32cube.ide.mcu.externaltools.gnu-tools-for-stm32.10.3-2021.10.win32_1.0.0.202111181127/tools/bin/../lib/gcc/arm-none-eabi/10.3.1/../../../../arm-none-eabi/lib/thumb/v7e-m+fp/hard\libc_nano.a(lib_a-errno.o)
 .data          0x0000000000000000        0x0 c:/st/stm32cubeide_1.10.1/stm32cubeide/plugins/com.st.stm32cube.ide.mcu.externaltools.gnu-tools-for-stm32.10.3-2021.10.win32_1.0.0.202111181127/tools/bin/../lib/gcc/arm-none-eabi/10.3.1/../../../../arm-none-eabi/lib/thumb/v7e-m+fp/hard\libc_nano.a(lib_a-errno.o)
 .bss           0x0000000000000000        0x0 c:/st/stm32cubeide_1.10.1/stm32cubeide/plugins/com.st.stm32cube.ide.mcu.externaltools.gnu-tools-for-stm32.10.3-2021.10.win32_1.0.0.202111181127/tools/bin/../lib/gcc/arm-none-eabi/10.3.1/../../../../arm-none-eabi/lib/thumb/v7e-m+fp/hard\libc_nano.a(lib_a-errno.o)
 .text.__errno  0x0000000000000000        0xc c:/st/stm32cubeide_1.10.1/stm32cubeide/plugins/com.st.stm32cube.ide.mcu.externaltools.gnu-tools-for-stm32.10.3-2021.10.win32_1.0.0.202111181127/tools/bin/../lib/gcc/arm-none-eabi/10.3.1/../../../../arm-none-eabi/lib/thumb/v7e-m+fp/hard\libc_nano.a(lib_a-errno.o)
 .debug_frame   0x0000000000000000       0x20 c:/st/stm32cubeide_1.10.1/stm32cubeide/plugins/com.st.stm32cube.ide.mcu.externaltools.gnu-tools-for-stm32.10.3-2021.10.win32_1.0.0.202111181127/tools/bin/../lib/gcc/arm-none-eabi/10.3.1/../../../../arm-none-eabi/lib/thumb/v7e-m+fp/hard\libc_nano.a(lib_a-errno.o)
 .ARM.attributes
                0x0000000000000000       0x34 c:/st/stm32cubeide_1.10.1/stm32cubeide/plugins/com.st.stm32cube.ide.mcu.externaltools.gnu-tools-for-stm32.10.3-2021.10.win32_1.0.0.202111181127/tools/bin/../lib/gcc/arm-none-eabi/10.3.1/../../../../arm-none-eabi/lib/thumb/v7e-m+fp/hard\libc_nano.a(lib_a-errno.o)
 .text          0x0000000000000000        0x0 c:/st/stm32cubeide_1.10.1/stm32cubeide/plugins/com.st.stm32cube.ide.mcu.externaltools.gnu-tools-for-stm32.10.3-2021.10.win32_1.0.0.202111181127/tools/bin/../lib/gcc/arm-none-eabi/10.3.1/../../../../arm-none-eabi/lib/thumb/v7e-m+fp/hard\libc_nano.a(lib_a-exit.o)
 .data          0x0000000000000000        0x0 c:/st/stm32cubeide_1.10.1/stm32cubeide/plugins/com.st.stm32cube.ide.mcu.externaltools.gnu-tools-for-stm32.10.3-2021.10.win32_1.0.0.202111181127/tools/bin/../lib/gcc/arm-none-eabi/10.3.1/../../../../arm-none-eabi/lib/thumb/v7e-m+fp/hard\libc_nano.a(lib_a-exit.o)
 .bss           0x0000000000000000        0x0 c:/st/stm32cubeide_1.10.1/stm32cubeide/plugins/com.st.stm32cube.ide.mcu.externaltools.gnu-tools-for-stm32.10.3-2021.10.win32_1.0.0.202111181127/tools/bin/../lib/gcc/arm-none-eabi/10.3.1/../../../../arm-none-eabi/lib/thumb/v7e-m+fp/hard\libc_nano.a(lib_a-exit.o)
 .text.exit     0x0000000000000000       0x28 c:/st/stm32cubeide_1.10.1/stm32cubeide/plugins/com.st.stm32cube.ide.mcu.externaltools.gnu-tools-for-stm32.10.3-2021.10.win32_1.0.0.202111181127/tools/bin/../lib/gcc/arm-none-eabi/10.3.1/../../../../arm-none-eabi/lib/thumb/v7e-m+fp/hard\libc_nano.a(lib_a-exit.o)
 .debug_frame   0x0000000000000000       0x28 c:/st/stm32cubeide_1.10.1/stm32cubeide/plugins/com.st.stm32cube.ide.mcu.externaltools.gnu-tools-for-stm32.10.3-2021.10.win32_1.0.0.202111181127/tools/bin/../lib/gcc/arm-none-eabi/10.3.1/../../../../arm-none-eabi/lib/thumb/v7e-m+fp/hard\libc_nano.a(lib_a-exit.o)
 .ARM.attributes
                0x0000000000000000       0x34 c:/st/stm32cubeide_1.10.1/stm32cubeide/plugins/com.st.stm32cube.ide.mcu.externaltools.gnu-tools-for-stm32.10.3-2021.10.win32_1.0.0.202111181127/tools/bin/../lib/gcc/arm-none-eabi/10.3.1/../../../../arm-none-eabi/lib/thumb/v7e-m+fp/hard\libc_nano.a(lib_a-exit.o)
 .text          0x0000000000000000        0x0 c:/st/stm32cubeide_1.10.1/stm32cubeide/plugins/com.st.stm32cube.ide.mcu.externaltools.gnu-tools-for-stm32.10.3-2021.10.win32_1.0.0.202111181127/tools/bin/../lib/gcc/arm-none-eabi/10.3.1/../../../../arm-none-eabi/lib/thumb/v7e-m+fp/hard\libc_nano.a(lib_a-impure.o)
 .data          0x0000000000000000        0x0 c:/st/stm32cubeide_1.10.1/stm32cubeide/plugins/com.st.stm32cube.ide.mcu.externaltools.gnu-tools-for-stm32.10.3-2021.10.win32_1.0.0.202111181127/tools/bin/../lib/gcc/arm-none-eabi/10.3.1/../../../../arm-none-eabi/lib/thumb/v7e-m+fp/hard\libc_nano.a(lib_a-impure.o)
 .bss           0x0000000000000000        0x0 c:/st/stm32cubeide_1.10.1/stm32cubeide/plugins/com.st.stm32cube.ide.mcu.externaltools.gnu-tools-for-stm32.10.3-2021.10.win32_1.0.0.202111181127/tools/bin/../lib/gcc/arm-none-eabi/10.3.1/../../../../arm-none-eabi/lib/thumb/v7e-m+fp/hard\libc_nano.a(lib_a-impure.o)
 .data._impure_ptr
                0x0000000000000000        0x4 c:/st/stm32cubeide_1.10.1/stm32cubeide/plugins/com.st.stm32cube.ide.mcu.externaltools.gnu-tools-for-stm32.10.3-2021.10.win32_1.0.0.202111181127/tools/bin/../lib/gcc/arm-none-eabi/10.3.1/../../../../arm-none-eabi/lib/thumb/v7e-m+fp/hard\libc_nano.a(lib_a-impure.o)
 .data.impure_data
                0x0000000000000000       0x60 c:/st/stm32cubeide_1.10.1/stm32cubeide/plugins/com.st.stm32cube.ide.mcu.externaltools.gnu-tools-for-stm32.10.3-2021.10.win32_1.0.0.202111181127/tools/bin/../lib/gcc/arm-none-eabi/10.3.1/../../../../arm-none-eabi/lib/thumb/v7e-m+fp/hard\libc_nano.a(lib_a-impure.o)
 .rodata._global_impure_ptr
                0x0000000000000000        0x4 c:/st/stm32cubeide_1.10.1/stm32cubeide/plugins/com.st.stm32cube.ide.mcu.externaltools.gnu-tools-for-stm32.10.3-2021.10.win32_1.0.0.202111181127/tools/bin/../lib/gcc/arm-none-eabi/10.3.1/../../../../arm-none-eabi/lib/thumb/v7e-m+fp/hard\libc_nano.a(lib_a-impure.o)
 .ARM.attributes
                0x0000000000000000       0x34 c:/st/stm32cubeide_1.10.1/stm32cubeide/plugins/com.st.stm32cube.ide.mcu.externaltools.gnu-tools-for-stm32.10.3-2021.10.win32_1.0.0.202111181127/tools/bin/../lib/gcc/arm-none-eabi/10.3.1/../../../../arm-none-eabi/lib/thumb/v7e-m+fp/hard\libc_nano.a(lib_a-impure.o)
 .text          0x0000000000000000        0x0 c:/st/stm32cubeide_1.10.1/stm32cubeide/plugins/com.st.stm32cube.ide.mcu.externaltools.gnu-tools-for-stm32.10.3-2021.10.win32_1.0.0.202111181127/tools/bin/../lib/gcc/arm-none-eabi/10.3.1/../../../../arm-none-eabi/lib/thumb/v7e-m+fp/hard\libc_nano.a(lib_a-init.o)
 .data          0x0000000000000000        0x0 c:/st/stm32cubeide_1.10.1/stm32cubeide/plugins/com.st.stm32cube.ide.mcu.externaltools.gnu-tools-for-stm32.10.3-2021.10.win32_1.0.0.202111181127/tools/bin/../lib/gcc/arm-none-eabi/10.3.1/../../../../arm-none-eabi/lib/thumb/v7e-m+fp/hard\libc_nano.a(lib_a-init.o)
 .bss           0x0000000000000000        0x0 c:/st/stm32cubeide_1.10.1/stm32cubeide/plugins/com.st.stm32cube.ide.mcu.externaltools.gnu-tools-for-stm32.10.3-2021.10.win32_1.0.0.202111181127/tools/bin/../lib/gcc/arm-none-eabi/10.3.1/../../../../arm-none-eabi/lib/thumb/v7e-m+fp/hard\libc_nano.a(lib_a-init.o)
 .text          0x0000000000000000        0x0 c:/st/stm32cubeide_1.10.1/stm32cubeide/plugins/com.st.stm32cube.ide.mcu.externaltools.gnu-tools-for-stm32.10.3-2021.10.win32_1.0.0.202111181127/tools/bin/../lib/gcc/arm-none-eabi/10.3.1/../../../../arm-none-eabi/lib/thumb/v7e-m+fp/hard\libc_nano.a(lib_a-memset.o)
 .data          0x0000000000000000        0x0 c:/st/stm32cubeide_1.10.1/stm32cubeide/plugins/com.st.stm32cube.ide.mcu.externaltools.gnu-tools-for-stm32.10.3-2021.10.win32_1.0.0.202111181127/tools/bin/../lib/gcc/arm-none-eabi/10.3.1/../../../../arm-none-eabi/lib/thumb/v7e-m+fp/hard\libc_nano.a(lib_a-memset.o)
 .bss           0x0000000000000000        0x0 c:/st/stm32cubeide_1.10.1/stm32cubeide/plugins/com.st.stm32cube.ide.mcu.externaltools.gnu-tools-for-stm32.10.3-2021.10.win32_1.0.0.202111181127/tools/bin/../lib/gcc/arm-none-eabi/10.3.1/../../../../arm-none-eabi/lib/thumb/v7e-m+fp/hard\libc_nano.a(lib_a-memset.o)
 .text          0x0000000000000000       0xa0 c:/st/stm32cubeide_1.10.1/stm32cubeide/plugins/com.st.stm32cube.ide.mcu.externaltools.gnu-tools-for-stm32.10.3-2021.10.win32_1.0.0.202111181127/tools/bin/../lib/gcc/arm-none-eabi/10.3.1/thumb/v7e-m+fp/hard\libgcc.a(_aeabi_ldivmod.o)
 .data          0x0000000000000000        0x0 c:/st/stm32cubeide_1.10.1/stm32cubeide/plugins/com.st.stm32cube.ide.mcu.externaltools.gnu-tools-for-stm32.10.3-2021.10.win32_1.0.0.202111181127/tools/bin/../lib/gcc/arm-none-eabi/10.3.1/thumb/v7e-m+fp/hard\libgcc.a(_aeabi_ldivmod.o)
 .bss           0x0000000000000000        0x0 c:/st/stm32cubeide_1.10.1/stm32cubeide/plugins/com.st.stm32cube.ide.mcu.externaltools.gnu-tools-for-stm32.10.3-2021.10.win32_1.0.0.202111181127/tools/bin/../lib/gcc/arm-none-eabi/10.3.1/thumb/v7e-m+fp/hard\libgcc.a(_aeabi_ldivmod.o)
 .debug_frame   0x0000000000000000       0x44 c:/st/stm32cubeide_1.10.1/stm32cubeide/plugins/com.st.stm32cube.ide.mcu.externaltools.gnu-tools-for-stm32.10.3-2021.10.win32_1.0.0.202111181127/tools/bin/../lib/gcc/arm-none-eabi/10.3.1/thumb/v7e-m+fp/hard\libgcc.a(_aeabi_ldivmod.o)
 .ARM.attributes
                0x0000000000000000       0x1e c:/st/stm32cubeide_1.10.1/stm32cubeide/plugins/com.st.stm32cube.ide.mcu.externaltools.gnu-tools-for-stm32.10.3-2021.10.win32_1.0.0.202111181127/tools/bin/../lib/gcc/arm-none-eabi/10.3.1/thumb/v7e-m+fp/hard\libgcc.a(_aeabi_ldivmod.o)
 .text          0x0000000000000000       0x30 c:/st/stm32cubeide_1.10.1/stm32cubeide/plugins/com.st.stm32cube.ide.mcu.externaltools.gnu-tools-for-stm32.10.3-2021.10.win32_1.0.0.202111181127/tools/bin/../lib/gcc/arm-none-eabi/10.3.1/thumb/v7e-m+fp/hard\libgcc.a(_aeabi_uldivmod.o)
 .data          0x0000000000000000        0x0 c:/st/stm32cubeide_1.10.1/stm32cubeide/plugins/com.st.stm32cube.ide.mcu.externaltools.gnu-tools-for-stm32.10.3-2021.10.win32_1.0.0.202111181127/tools/bin/../lib/gcc/arm-none-eabi/10.3.1/thumb/v7e-m+fp/hard\libgcc.a(_aeabi_uldivmod.o)
 .bss           0x0000000000000000        0x0 c:/st/stm32cubeide_1.10.1/stm32cubeide/plugins/com.st.stm32cube.ide.mcu.externaltools.gnu-tools-for-stm32.10.3-2021.10.win32_1.0.0.202111181127/tools/bin/../lib/gcc/arm-none-eabi/10.3.1/thumb/v7e-m+fp/hard\libgcc.a(_aeabi_uldivmod.o)
 .debug_frame   0x0000000000000000       0x2c c:/st/stm32cubeide_1.10.1/stm32cubeide/plugins/com.st.stm32cube.ide.mcu.externaltools.gnu-tools-for-stm32.10.3-2021.10.win32_1.0.0.202111181127/tools/bin/../lib/gcc/arm-none-eabi/10.3.1/thumb/v7e-m+fp/hard\libgcc.a(_aeabi_uldivmod.o)
 .ARM.attributes
                0x0000000000000000       0x1e c:/st/stm32cubeide_1.10.1/stm32cubeide/plugins/com.st.stm32cube.ide.mcu.externaltools.gnu-tools-for-stm32.10.3-2021.10.win32_1.0.0.202111181127/tools/bin/../lib/gcc/arm-none-eabi/10.3.1/thumb/v7e-m+fp/hard\libgcc.a(_aeabi_uldivmod.o)
 .text          0x0000000000000000      0x2d0 c:/st/stm32cubeide_1.10.1/stm32cubeide/plugins/com.st.stm32cube.ide.mcu.externaltools.gnu-tools-for-stm32.10.3-2021.10.win32_1.0.0.202111181127/tools/bin/../lib/gcc/arm-none-eabi/10.3.1/thumb/v7e-m+fp/hard\libgcc.a(_udivmoddi4.o)
 .data          0x0000000000000000        0x0 c:/st/stm32cubeide_1.10.1/stm32cubeide/plugins/com.st.stm32cube.ide.mcu.externaltools.gnu-tools-for-stm32.10.3-2021.10.win32_1.0.0.202111181127/tools/bin/../lib/gcc/arm-none-eabi/10.3.1/thumb/v7e-m+fp/hard\libgcc.a(_udivmoddi4.o)
 .bss           0x0000000000000000        0x0 c:/st/stm32cubeide_1.10.1/stm32cubeide/plugins/com.st.stm32cube.ide.mcu.externaltools.gnu-tools-for-stm32.10.3-2021.10.win32_1.0.0.202111181127/tools/bin/../lib/gcc/arm-none-eabi/10.3.1/thumb/v7e-m+fp/hard\libgcc.a(_udivmoddi4.o)
 .ARM.extab     0x0000000000000000        0x0 c:/st/stm32cubeide_1.10.1/stm32cubeide/plugins/com.st.stm32cube.ide.mcu.externaltools.gnu-tools-for-stm32.10.3-2021.10.win32_1.0.0.202111181127/tools/bin/../lib/gcc/arm-none-eabi/10.3.1/thumb/v7e-m+fp/hard\libgcc.a(_udivmoddi4.o)
 .ARM.exidx     0x0000000000000000        0x8 c:/st/stm32cubeide_1.10.1/stm32cubeide/plugins/com.st.stm32cube.ide.mcu.externaltools.gnu-tools-for-stm32.10.3-2021.10.win32_1.0.0.202111181127/tools/bin/../lib/gcc/arm-none-eabi/10.3.1/thumb/v7e-m+fp/hard\libgcc.a(_udivmoddi4.o)
 .debug_frame   0x0000000000000000       0x34 c:/st/stm32cubeide_1.10.1/stm32cubeide/plugins/com.st.stm32cube.ide.mcu.externaltools.gnu-tools-for-stm32.10.3-2021.10.win32_1.0.0.202111181127/tools/bin/../lib/gcc/arm-none-eabi/10.3.1/thumb/v7e-m+fp/hard\libgcc.a(_udivmoddi4.o)
 .ARM.attributes
                0x0000000000000000       0x34 c:/st/stm32cubeide_1.10.1/stm32cubeide/plugins/com.st.stm32cube.ide.mcu.externaltools.gnu-tools-for-stm32.10.3-2021.10.win32_1.0.0.202111181127/tools/bin/../lib/gcc/arm-none-eabi/10.3.1/thumb/v7e-m+fp/hard\libgcc.a(_udivmoddi4.o)
 .text          0x0000000000000000        0x4 c:/st/stm32cubeide_1.10.1/stm32cubeide/plugins/com.st.stm32cube.ide.mcu.externaltools.gnu-tools-for-stm32.10.3-2021.10.win32_1.0.0.202111181127/tools/bin/../lib/gcc/arm-none-eabi/10.3.1/thumb/v7e-m+fp/hard\libgcc.a(_dvmd_tls.o)
 .data          0x0000000000000000        0x0 c:/st/stm32cubeide_1.10.1/stm32cubeide/plugins/com.st.stm32cube.ide.mcu.externaltools.gnu-tools-for-stm32.10.3-2021.10.win32_1.0.0.202111181127/tools/bin/../lib/gcc/arm-none-eabi/10.3.1/thumb/v7e-m+fp/hard\libgcc.a(_dvmd_tls.o)
 .bss           0x0000000000000000        0x0 c:/st/stm32cubeide_1.10.1/stm32cubeide/plugins/com.st.stm32cube.ide.mcu.externaltools.gnu-tools-for-stm32.10.3-2021.10.win32_1.0.0.202111181127/tools/bin/../lib/gcc/arm-none-eabi/10.3.1/thumb/v7e-m+fp/hard\libgcc.a(_dvmd_tls.o)
 .ARM.attributes
                0x0000000000000000       0x1e c:/st/stm32cubeide_1.10.1/stm32cubeide/plugins/com.st.stm32cube.ide.mcu.externaltools.gnu-tools-for-stm32.10.3-2021.10.win32_1.0.0.202111181127/tools/bin/../lib/gcc/arm-none-eabi/10.3.1/thumb/v7e-m+fp/hard\libgcc.a(_dvmd_tls.o)
 .text          0x0000000000000000        0x0 c:/st/stm32cubeide_1.10.1/stm32cubeide/plugins/com.st.stm32cube.ide.mcu.externaltools.gnu-tools-for-stm32.10.3-2021.10.win32_1.0.0.202111181127/tools/bin/../lib/gcc/arm-none-eabi/10.3.1/thumb/v7e-m+fp/hard/crtend.o
 .data          0x0000000000000000        0x0 c:/st/stm32cubeide_1.10.1/stm32cubeide/plugins/com.st.stm32cube.ide.mcu.externaltools.gnu-tools-for-stm32.10.3-2021.10.win32_1.0.0.202111181127/tools/bin/../lib/gcc/arm-none-eabi/10.3.1/thumb/v7e-m+fp/hard/crtend.o
 .bss           0x0000000000000000        0x0 c:/st/stm32cubeide_1.10.1/stm32cubeide/plugins/com.st.stm32cube.ide.mcu.externaltools.gnu-tools-for-stm32.10.3-2021.10.win32_1.0.0.202111181127/tools/bin/../lib/gcc/arm-none-eabi/10.3.1/thumb/v7e-m+fp/hard/crtend.o
 .rodata        0x0000000000000000       0x24 c:/st/stm32cubeide_1.10.1/stm32cubeide/plugins/com.st.stm32cube.ide.mcu.externaltools.gnu-tools-for-stm32.10.3-2021.10.win32_1.0.0.202111181127/tools/bin/../lib/gcc/arm-none-eabi/10.3.1/thumb/v7e-m+fp/hard/crtend.o
 .eh_frame      0x0000000000000000        0x4 c:/st/stm32cubeide_1.10.1/stm32cubeide/plugins/com.st.stm32cube.ide.mcu.externaltools.gnu-tools-for-stm32.10.3-2021.10.win32_1.0.0.202111181127/tools/bin/../lib/gcc/arm-none-eabi/10.3.1/thumb/v7e-m+fp/hard/crtend.o
 .ARM.attributes
                0x0000000000000000       0x34 c:/st/stm32cubeide_1.10.1/stm32cubeide/plugins/com.st.stm32cube.ide.mcu.externaltools.gnu-tools-for-stm32.10.3-2021.10.win32_1.0.0.202111181127/tools/bin/../lib/gcc/arm-none-eabi/10.3.1/thumb/v7e-m+fp/hard/crtend.o
 .text          0x0000000000000000        0x0 c:/st/stm32cubeide_1.10.1/stm32cubeide/plugins/com.st.stm32cube.ide.mcu.externaltools.gnu-tools-for-stm32.10.3-2021.10.win32_1.0.0.202111181127/tools/bin/../lib/gcc/arm-none-eabi/10.3.1/thumb/v7e-m+fp/hard/crtn.o
 .data          0x0000000000000000        0x0 c:/st/stm32cubeide_1.10.1/stm32cubeide/plugins/com.st.stm32cube.ide.mcu.externaltools.gnu-tools-for-stm32.10.3-2021.10.win32_1.0.0.202111181127/tools/bin/../lib/gcc/arm-none-eabi/10.3.1/thumb/v7e-m+fp/hard/crtn.o
 .bss           0x0000000000000000        0x0 c:/st/stm32cubeide_1.10.1/stm32cubeide/plugins/com.st.stm32cube.ide.mcu.externaltools.gnu-tools-for-stm32.10.3-2021.10.win32_1.0.0.202111181127/tools/bin/../lib/gcc/arm-none-eabi/10.3.1/thumb/v7e-m+fp/hard/crtn.o

Memory Configuration

Name             Origin             Length             Attributes
CCMRAM           0x0000000010000000 0x0000000000010000 xrw
RAM              0x0000000020000000 0x0000000000020000 xrw
FLASH            0x0000000008000000 0x0000000000100000 xr
*default*        0x0000000000000000 0xffffffffffffffff

Linker script and memory map

LOAD c:/st/stm32cubeide_1.10.1/stm32cubeide/plugins/com.st.stm32cube.ide.mcu.externaltools.gnu-tools-for-stm32.10.3-2021.10.win32_1.0.0.202111181127/tools/bin/../lib/gcc/arm-none-eabi/10.3.1/thumb/v7e-m+fp/hard/crti.o
LOAD c:/st/stm32cubeide_1.10.1/stm32cubeide/plugins/com.st.stm32cube.ide.mcu.externaltools.gnu-tools-for-stm32.10.3-2021.10.win32_1.0.0.202111181127/tools/bin/../lib/gcc/arm-none-eabi/10.3.1/thumb/v7e-m+fp/hard/crtbegin.o
LOAD c:/st/stm32cubeide_1.10.1/stm32cubeide/plugins/com.st.stm32cube.ide.mcu.externaltools.gnu-tools-for-stm32.10.3-2021.10.win32_1.0.0.202111181127/tools/bin/../lib/gcc/arm-none-eabi/10.3.1/../../../../arm-none-eabi/lib/thumb/v7e-m+fp/hard/crt0.o
LOAD ./Src/gpio.o
LOAD ./Src/main.o
LOAD ./Src/syscalls.o
LOAD ./Src/sysmem.o
LOAD ./Src/system_stm32f4xx.o
LOAD ./Startup/startup_stm32f407vgtx.o
LOAD ./st/STM32F4xx_HAL_Driver/Src/stm32f4xx_ll_adc.o
LOAD ./st/STM32F4xx_HAL_Driver/Src/stm32f4xx_ll_crc.o
LOAD ./st/STM32F4xx_HAL_Driver/Src/stm32f4xx_ll_dac.o
LOAD ./st/STM32F4xx_HAL_Driver/Src/stm32f4xx_ll_dma.o
LOAD ./st/STM32F4xx_HAL_Driver/Src/stm32f4xx_ll_dma2d.o
LOAD ./st/STM32F4xx_HAL_Driver/Src/stm32f4xx_ll_exti.o
LOAD ./st/STM32F4xx_HAL_Driver/Src/stm32f4xx_ll_fmpi2c.o
LOAD ./st/STM32F4xx_HAL_Driver/Src/stm32f4xx_ll_gpio.o
LOAD ./st/STM32F4xx_HAL_Driver/Src/stm32f4xx_ll_i2c.o
LOAD ./st/STM32F4xx_HAL_Driver/Src/stm32f4xx_ll_lptim.o
LOAD ./st/STM32F4xx_HAL_Driver/Src/stm32f4xx_ll_pwr.o
LOAD ./st/STM32F4xx_HAL_Driver/Src/stm32f4xx_ll_rcc.o
LOAD ./st/STM32F4xx_HAL_Driver/Src/stm32f4xx_ll_rng.o
LOAD ./st/STM32F4xx_HAL_Driver/Src/stm32f4xx_ll_rtc.o
LOAD ./st/STM32F4xx_HAL_Driver/Src/stm32f4xx_ll_spi.o
LOAD ./st/STM32F4xx_HAL_Driver/Src/stm32f4xx_ll_tim.o
LOAD ./st/STM32F4xx_HAL_Driver/Src/stm32f4xx_ll_usart.o
LOAD ./st/STM32F4xx_HAL_Driver/Src/stm32f4xx_ll_utils.o
LOAD ./state/state.o
START GROUP
LOAD c:/st/stm32cubeide_1.10.1/stm32cubeide/plugins/com.st.stm32cube.ide.mcu.externaltools.gnu-tools-for-stm32.10.3-2021.10.win32_1.0.0.202111181127/tools/bin/../lib/gcc/arm-none-eabi/10.3.1/../../../../arm-none-eabi/lib/thumb/v7e-m+fp/hard\libc_nano.a
LOAD c:/st/stm32cubeide_1.10.1/stm32cubeide/plugins/com.st.stm32cube.ide.mcu.externaltools.gnu-tools-for-stm32.10.3-2021.10.win32_1.0.0.202111181127/tools/bin/../lib/gcc/arm-none-eabi/10.3.1/../../../../arm-none-eabi/lib/thumb/v7e-m+fp/hard\libm.a
END GROUP
START GROUP
LOAD c:/st/stm32cubeide_1.10.1/stm32cubeide/plugins/com.st.stm32cube.ide.mcu.externaltools.gnu-tools-for-stm32.10.3-2021.10.win32_1.0.0.202111181127/tools/bin/../lib/gcc/arm-none-eabi/10.3.1/thumb/v7e-m+fp/hard\libgcc.a
LOAD c:/st/stm32cubeide_1.10.1/stm32cubeide/plugins/com.st.stm32cube.ide.mcu.externaltools.gnu-tools-for-stm32.10.3-2021.10.win32_1.0.0.202111181127/tools/bin/../lib/gcc/arm-none-eabi/10.3.1/../../../../arm-none-eabi/lib/thumb/v7e-m+fp/hard\libc_nano.a
END GROUP
START GROUP
LOAD c:/st/stm32cubeide_1.10.1/stm32cubeide/plugins/com.st.stm32cube.ide.mcu.externaltools.gnu-tools-for-stm32.10.3-2021.10.win32_1.0.0.202111181127/tools/bin/../lib/gcc/arm-none-eabi/10.3.1/thumb/v7e-m+fp/hard\libgcc.a
LOAD c:/st/stm32cubeide_1.10.1/stm32cubeide/plugins/com.st.stm32cube.ide.mcu.externaltools.gnu-tools-for-stm32.10.3-2021.10.win32_1.0.0.202111181127/tools/bin/../lib/gcc/arm-none-eabi/10.3.1/../../../../arm-none-eabi/lib/thumb/v7e-m+fp/hard\libc_nano.a
LOAD c:/st/stm32cubeide_1.10.1/stm32cubeide/plugins/com.st.stm32cube.ide.mcu.externaltools.gnu-tools-for-stm32.10.3-2021.10.win32_1.0.0.202111181127/tools/bin/../lib/gcc/arm-none-eabi/10.3.1/../../../../arm-none-eabi/lib/thumb/v7e-m+fp/hard\libnosys.a
END GROUP
START GROUP
LOAD c:/st/stm32cubeide_1.10.1/stm32cubeide/plugins/com.st.stm32cube.ide.mcu.externaltools.gnu-tools-for-stm32.10.3-2021.10.win32_1.0.0.202111181127/tools/bin/../lib/gcc/arm-none-eabi/10.3.1/thumb/v7e-m+fp/hard\libgcc.a
LOAD c:/st/stm32cubeide_1.10.1/stm32cubeide/plugins/com.st.stm32cube.ide.mcu.externaltools.gnu-tools-for-stm32.10.3-2021.10.win32_1.0.0.202111181127/tools/bin/../lib/gcc/arm-none-eabi/10.3.1/../../../../arm-none-eabi/lib/thumb/v7e-m+fp/hard\libc_nano.a
LOAD c:/st/stm32cubeide_1.10.1/stm32cubeide/plugins/com.st.stm32cube.ide.mcu.externaltools.gnu-tools-for-stm32.10.3-2021.10.win32_1.0.0.202111181127/tools/bin/../lib/gcc/arm-none-eabi/10.3.1/../../../../arm-none-eabi/lib/thumb/v7e-m+fp/hard\libnosys.a
END GROUP
LOAD c:/st/stm32cubeide_1.10.1/stm32cubeide/plugins/com.st.stm32cube.ide.mcu.externaltools.gnu-tools-for-stm32.10.3-2021.10.win32_1.0.0.202111181127/tools/bin/../lib/gcc/arm-none-eabi/10.3.1/thumb/v7e-m+fp/hard/crtend.o
LOAD c:/st/stm32cubeide_1.10.1/stm32cubeide/plugins/com.st.stm32cube.ide.mcu.externaltools.gnu-tools-for-stm32.10.3-2021.10.win32_1.0.0.202111181127/tools/bin/../lib/gcc/arm-none-eabi/10.3.1/thumb/v7e-m+fp/hard/crtn.o
                0x0000000020020000                _estack = (ORIGIN (RAM) + LENGTH (RAM))
                0x0000000000000200                _Min_Heap_Size = 0x200
                0x0000000000000400                _Min_Stack_Size = 0x400

.isr_vector     0x0000000008000000      0x1a8
                0x0000000008000000                . = ALIGN (0x4)
 *(.isr_vector)
 .isr_vector    0x0000000008000000      0x1a8 ./Startup/startup_stm32f407vgtx.o
                0x0000000008000000                g_pfnVectors
                0x00000000080001a8                . = ALIGN (0x4)

.text           0x00000000080001a8      0x608
                0x00000000080001a8                . = ALIGN (0x4)
 *(.text)
 .text          0x00000000080001a8       0x40 c:/st/stm32cubeide_1.10.1/stm32cubeide/plugins/com.st.stm32cube.ide.mcu.externaltools.gnu-tools-for-stm32.10.3-2021.10.win32_1.0.0.202111181127/tools/bin/../lib/gcc/arm-none-eabi/10.3.1/thumb/v7e-m+fp/hard/crtbegin.o
 *(.text*)
 .text.LL_AHB1_GRP1_EnableClock
                0x00000000080001e8       0x1c ./Src/gpio.o
 .text.MX_GPIO_Init
                0x0000000008000204       0x48 ./Src/gpio.o
                0x0000000008000204                MX_GPIO_Init
 .text.startup.main
                0x000000000800024c      0x210 ./Src/main.o
                0x000000000800024c                main
 .text.SystemInit
                0x000000000800045c       0x14 ./Src/system_stm32f4xx.o
                0x000000000800045c                SystemInit
 .text.Reset_Handler
                0x0000000008000470       0x50 ./Startup/startup_stm32f407vgtx.o
                0x0000000008000470                Reset_Handler
 .text.Default_Handler
                0x00000000080004c0        0x2 ./Startup/startup_stm32f407vgtx.o
                0x00000000080004c0                RTC_Alarm_IRQHandler
                0x00000000080004c0                HASH_RNG_IRQHandler
                0x00000000080004c0                EXTI2_IRQHandler
                0x00000000080004c0                TIM8_CC_IRQHandler
                0x00000000080004c0                DebugMon_Handler
                0x00000000080004c0                TIM1_CC_IRQHandler
                0x00000000080004c0                DMA2_Stream5_IRQHandler
                0x00000000080004c0                HardFault_Handler
                0x00000000080004c0                DMA1_Stream5_IRQHandler
                0x00000000080004c0                SysTick_Handler
                0x00000000080004c0                PVD_IRQHandler
                0x00000000080004c0                SDIO_IRQHandler
                0x00000000080004c0                TAMP_STAMP_IRQHandler
                0x00000000080004c0                PendSV_Handler
                0x00000000080004c0                NMI_Handler
                0x00000000080004c0                CAN2_RX1_IRQHandler
                0x00000000080004c0                EXTI3_IRQHandler
                0x00000000080004c0                TIM8_TRG_COM_TIM14_IRQHandler
                0x00000000080004c0                TIM1_UP_TIM10_IRQHandler
                0x00000000080004c0                TIM8_UP_TIM13_IRQHandler
                0x00000000080004c0                I2C3_ER_IRQHandler
                0x00000000080004c0                LCD_TFT_IRQHandler
                0x00000000080004c0                EXTI0_IRQHandler
                0x00000000080004c0                I2C2_EV_IRQHandler
                0x00000000080004c0                DMA1_Stream2_IRQHandler
                0x00000000080004c0                CAN1_RX0_IRQHandler
                0x00000000080004c0                FPU_IRQHandler
                0x00000000080004c0                OTG_HS_WKUP_IRQHandler
                0x00000000080004c0                UsageFault_Handler
                0x00000000080004c0                CAN2_SCE_IRQHandler
                0x00000000080004c0                DMA2_Stream2_IRQHandler
                0x00000000080004c0                SPI1_IRQHandler
                0x00000000080004c0                TIM6_DAC_IRQHandler
                0x00000000080004c0                TIM1_BRK_TIM9_IRQHandler
                0x00000000080004c0                DCMI_IRQHandler
                0x00000000080004c0                CAN2_RX0_IRQHandler
                0x00000000080004c0                DMA2_Stream3_IRQHandler
                0x00000000080004c0                USART6_IRQHandler
                0x00000000080004c0                USART3_IRQHandler
                0x00000000080004c0                CRYP_IRQHandler
                0x00000000080004c0                CAN1_RX1_IRQHandler
                0x00000000080004c0                UART5_IRQHandler
                0x00000000080004c0                DMA2_Stream0_IRQHandler
                0x00000000080004c0                TIM4_IRQHandler
                0x00000000080004c0                I2C1_EV_IRQHandler
                0x00000000080004c0                DMA1_Stream6_IRQHandler
                0x00000000080004c0                DMA1_Stream1_IRQHandler
                0x00000000080004c0                UART4_IRQHandler
                0x00000000080004c0                LCD_TFT_1_IRQHandler
                0x00000000080004c0                TIM3_IRQHandler
                0x00000000080004c0                RCC_IRQHandler
                0x00000000080004c0                TIM8_BRK_TIM12_IRQHandler
                0x00000000080004c0                Default_Handler
                0x00000000080004c0                EXTI15_10_IRQHandler
                0x00000000080004c0                ADC_IRQHandler
                0x00000000080004c0                DMA1_Stream7_IRQHandler
                0x00000000080004c0                TIM7_IRQHandler
                0x00000000080004c0                CAN2_TX_IRQHandler
                0x00000000080004c0                TIM5_IRQHandler
                0x00000000080004c0                DMA2_Stream7_IRQHandler
                0x00000000080004c0                I2C3_EV_IRQHandler
                0x00000000080004c0                EXTI9_5_IRQHandler
                0x00000000080004c0                RTC_WKUP_IRQHandler
                0x00000000080004c0                ETH_WKUP_IRQHandler
                0x00000000080004c0                SPI2_IRQHandler
                0x00000000080004c0                OTG_HS_EP1_IN_IRQHandler
                0x00000000080004c0                MemManage_Handler
                0x00000000080004c0                DMA1_Stream0_IRQHandler
                0x00000000080004c0                CAN1_TX_IRQHandler
                0x00000000080004c0                SVC_Handler
                0x00000000080004c0                EXTI4_IRQHandler
                0x00000000080004c0                FSMC_IRQHandler
                0x00000000080004c0                ETH_IRQHandler
                0x00000000080004c0                OTG_HS_EP1_OUT_IRQHandler
                0x00000000080004c0                WWDG_IRQHandler
                0x00000000080004c0                TIM2_IRQHandler
                0x00000000080004c0                OTG_FS_WKUP_IRQHandler
                0x00000000080004c0                TIM1_TRG_COM_TIM11_IRQHandler
                0x00000000080004c0                OTG_HS_IRQHandler
                0x00000000080004c0                EXTI1_IRQHandler
                0x00000000080004c0                USART2_IRQHandler
                0x00000000080004c0                I2C2_ER_IRQHandler
                0x00000000080004c0                DMA2_Stream1_IRQHandler
                0x00000000080004c0                CAN1_SCE_IRQHandler
                0x00000000080004c0                DMA2_Stream4_IRQHandler
                0x00000000080004c0                BusFault_Handler
                0x00000000080004c0                USART1_IRQHandler
                0x00000000080004c0                OTG_FS_IRQHandler
                0x00000000080004c0                SPI3_IRQHandler
                0x00000000080004c0                DMA1_Stream4_IRQHandler
                0x00000000080004c0                I2C1_ER_IRQHandler
                0x00000000080004c0                DMA2_Stream6_IRQHandler
                0x00000000080004c0                DMA1_Stream3_IRQHandler
 .text.LL_GPIO_Init
                0x00000000080004c2      0x13c ./st/STM32F4xx_HAL_Driver/Src/stm32f4xx_ll_gpio.o
                0x00000000080004c2                LL_GPIO_Init
 .text.LL_Init1msTick
                0x00000000080005fe       0x1a ./st/STM32F4xx_HAL_Driver/Src/stm32f4xx_ll_utils.o
                0x00000000080005fe                LL_Init1msTick
 .text.LL_mDelay
                0x0000000008000618       0x28 ./st/STM32F4xx_HAL_Driver/Src/stm32f4xx_ll_utils.o
                0x0000000008000618                LL_mDelay
 .text.LL_SetSystemCoreClock
                0x0000000008000640        0xc ./st/STM32F4xx_HAL_Driver/Src/stm32f4xx_ll_utils.o
                0x0000000008000640                LL_SetSystemCoreClock
 .text.state_run
                0x000000000800064c        0x8 ./state/state.o
                0x000000000800064c                state_run
 .text.state_top_init
                0x0000000008000654       0x10 ./state/state.o
                0x0000000008000654                state_top_init
 .text.state_top_deinit
                0x0000000008000664       0x10 ./state/state.o
                0x0000000008000664                state_top_deinit
 .text.state_bottom_init
                0x0000000008000674       0x10 ./state/state.o
                0x0000000008000674                state_bottom_init
 .text.state_bottom_deinit
                0x0000000008000684       0x10 ./state/state.o
                0x0000000008000684                state_bottom_deinit
 .text.state_left_init
                0x0000000008000694       0x10 ./state/state.o
                0x0000000008000694                state_left_init
 .text.state_left_deinit
                0x00000000080006a4       0x10 ./state/state.o
                0x00000000080006a4                state_left_deinit
 .text.state_right_init
                0x00000000080006b4       0x10 ./state/state.o
                0x00000000080006b4                state_right_init
 .text.state_right_deinit
                0x00000000080006c4       0x10 ./state/state.o
                0x00000000080006c4                state_right_deinit
 .text.state_top_check
                0x00000000080006d4       0x1c ./state/state.o
                0x00000000080006d4                state_top_check
 .text.state_bottom_check
                0x00000000080006f0       0x1c ./state/state.o
                0x00000000080006f0                state_bottom_check
 .text.state_right_check
                0x000000000800070c       0x18 ./state/state.o
                0x000000000800070c                state_right_check
 .text.state_left_check
                0x0000000008000724       0x1c ./state/state.o
                0x0000000008000724                state_left_check
 .text.__libc_init_array
                0x0000000008000740       0x48 c:/st/stm32cubeide_1.10.1/stm32cubeide/plugins/com.st.stm32cube.ide.mcu.externaltools.gnu-tools-for-stm32.10.3-2021.10.win32_1.0.0.202111181127/tools/bin/../lib/gcc/arm-none-eabi/10.3.1/../../../../arm-none-eabi/lib/thumb/v7e-m+fp/hard\libc_nano.a(lib_a-init.o)
                0x0000000008000740                __libc_init_array
 .text.memset   0x0000000008000788       0x10 c:/st/stm32cubeide_1.10.1/stm32cubeide/plugins/com.st.stm32cube.ide.mcu.externaltools.gnu-tools-for-stm32.10.3-2021.10.win32_1.0.0.202111181127/tools/bin/../lib/gcc/arm-none-eabi/10.3.1/../../../../arm-none-eabi/lib/thumb/v7e-m+fp/hard\libc_nano.a(lib_a-memset.o)
                0x0000000008000788                memset
 *(.glue_7)
 .glue_7        0x0000000008000798        0x0 linker stubs
 *(.glue_7t)
 .glue_7t       0x0000000008000798        0x0 linker stubs
 *(.eh_frame)
 .eh_frame      0x0000000008000798        0x0 c:/st/stm32cubeide_1.10.1/stm32cubeide/plugins/com.st.stm32cube.ide.mcu.externaltools.gnu-tools-for-stm32.10.3-2021.10.win32_1.0.0.202111181127/tools/bin/../lib/gcc/arm-none-eabi/10.3.1/thumb/v7e-m+fp/hard/crtbegin.o
 *(.init)
 .init          0x0000000008000798        0x4 c:/st/stm32cubeide_1.10.1/stm32cubeide/plugins/com.st.stm32cube.ide.mcu.externaltools.gnu-tools-for-stm32.10.3-2021.10.win32_1.0.0.202111181127/tools/bin/../lib/gcc/arm-none-eabi/10.3.1/thumb/v7e-m+fp/hard/crti.o
                0x0000000008000798                _init
 .init          0x000000000800079c        0x8 c:/st/stm32cubeide_1.10.1/stm32cubeide/plugins/com.st.stm32cube.ide.mcu.externaltools.gnu-tools-for-stm32.10.3-2021.10.win32_1.0.0.202111181127/tools/bin/../lib/gcc/arm-none-eabi/10.3.1/thumb/v7e-m+fp/hard/crtn.o
 *(.fini)
 .fini          0x00000000080007a4        0x4 c:/st/stm32cubeide_1.10.1/stm32cubeide/plugins/com.st.stm32cube.ide.mcu.externaltools.gnu-tools-for-stm32.10.3-2021.10.win32_1.0.0.202111181127/tools/bin/../lib/gcc/arm-none-eabi/10.3.1/thumb/v7e-m+fp/hard/crti.o
                0x00000000080007a4                _fini
 .fini          0x00000000080007a8        0x8 c:/st/stm32cubeide_1.10.1/stm32cubeide/plugins/com.st.stm32cube.ide.mcu.externaltools.gnu-tools-for-stm32.10.3-2021.10.win32_1.0.0.202111181127/tools/bin/../lib/gcc/arm-none-eabi/10.3.1/thumb/v7e-m+fp/hard/crtn.o
                0x00000000080007b0                . = ALIGN (0x4)
                0x00000000080007b0                _etext = .

.vfp11_veneer   0x00000000080007b0        0x0
 .vfp11_veneer  0x00000000080007b0        0x0 linker stubs

.v4_bx          0x00000000080007b0        0x0
 .v4_bx         0x00000000080007b0        0x0 linker stubs

.iplt           0x00000000080007b0        0x0
 .iplt          0x00000000080007b0        0x0 c:/st/stm32cubeide_1.10.1/stm32cubeide/plugins/com.st.stm32cube.ide.mcu.externaltools.gnu-tools-for-stm32.10.3-2021.10.win32_1.0.0.202111181127/tools/bin/../lib/gcc/arm-none-eabi/10.3.1/thumb/v7e-m+fp/hard/crtbegin.o

.rel.dyn        0x00000000080007b0        0x0
 .rel.iplt      0x00000000080007b0        0x0 c:/st/stm32cubeide_1.10.1/stm32cubeide/plugins/com.st.stm32cube.ide.mcu.externaltools.gnu-tools-for-stm32.10.3-2021.10.win32_1.0.0.202111181127/tools/bin/../lib/gcc/arm-none-eabi/10.3.1/thumb/v7e-m+fp/hard/crtbegin.o

.rodata         0x00000000080007b0        0x0
                0x00000000080007b0                . = ALIGN (0x4)
 *(.rodata)
 *(.rodata*)
                0x00000000080007b0                . = ALIGN (0x4)

.ARM.extab      0x00000000080007b0        0x0
                0x00000000080007b0                . = ALIGN (0x4)
 *(.ARM.extab* .gnu.linkonce.armextab.*)
                0x00000000080007b0                . = ALIGN (0x4)

.ARM            0x00000000080007b0        0x0
                0x00000000080007b0                . = ALIGN (0x4)
                0x00000000080007b0                __exidx_start = .
 *(.ARM.exidx*)
                0x00000000080007b0                __exidx_end = .
                0x00000000080007b0                . = ALIGN (0x4)

.preinit_array  0x00000000080007b0        0x0
                0x00000000080007b0                . = ALIGN (0x4)
                0x00000000080007b0                PROVIDE (__preinit_array_start = .)
 *(.preinit_array*)
                0x00000000080007b0                PROVIDE (__preinit_array_end = .)
                0x00000000080007b0                . = ALIGN (0x4)

.init_array     0x00000000080007b0        0x4
                0x00000000080007b0                . = ALIGN (0x4)
                0x00000000080007b0                PROVIDE (__init_array_start = .)
 *(SORT_BY_NAME(.init_array.*))
 *(.init_array*)
 .init_array    0x00000000080007b0        0x4 c:/st/stm32cubeide_1.10.1/stm32cubeide/plugins/com.st.stm32cube.ide.mcu.externaltools.gnu-tools-for-stm32.10.3-2021.10.win32_1.0.0.202111181127/tools/bin/../lib/gcc/arm-none-eabi/10.3.1/thumb/v7e-m+fp/hard/crtbegin.o
                0x00000000080007b4                PROVIDE (__init_array_end = .)
                0x00000000080007b4                . = ALIGN (0x4)

.fini_array     0x00000000080007b4        0x4
                0x00000000080007b4                . = ALIGN (0x4)
                [!provide]                        PROVIDE (__fini_array_start = .)
 *(SORT_BY_NAME(.fini_array.*))
 *(.fini_array*)
 .fini_array    0x00000000080007b4        0x4 c:/st/stm32cubeide_1.10.1/stm32cubeide/plugins/com.st.stm32cube.ide.mcu.externaltools.gnu-tools-for-stm32.10.3-2021.10.win32_1.0.0.202111181127/tools/bin/../lib/gcc/arm-none-eabi/10.3.1/thumb/v7e-m+fp/hard/crtbegin.o
                [!provide]                        PROVIDE (__fini_array_end = .)
                0x00000000080007b8                . = ALIGN (0x4)
                0x00000000080007b8                _sidata = LOADADDR (.data)

.data           0x0000000020000000        0x4 load address 0x00000000080007b8
                0x0000000020000000                . = ALIGN (0x4)
                0x0000000020000000                _sdata = .
 *(.data)
 *(.data*)
 .data.SystemCoreClock
                0x0000000020000000        0x4 ./Src/system_stm32f4xx.o
                0x0000000020000000                SystemCoreClock
 *(.RamFunc)
 *(.RamFunc*)
                0x0000000020000004                . = ALIGN (0x4)
                0x0000000020000004                _edata = .
                0x00000000080007bc                _siccmram = LOADADDR (.ccmram)

.igot.plt       0x0000000020000004        0x0 load address 0x00000000080007bc
 .igot.plt      0x0000000020000004        0x0 c:/st/stm32cubeide_1.10.1/stm32cubeide/plugins/com.st.stm32cube.ide.mcu.externaltools.gnu-tools-for-stm32.10.3-2021.10.win32_1.0.0.202111181127/tools/bin/../lib/gcc/arm-none-eabi/10.3.1/thumb/v7e-m+fp/hard/crtbegin.o

.ccmram         0x0000000010000000        0x0 load address 0x00000000080007bc
                0x0000000010000000                . = ALIGN (0x4)
                0x0000000010000000                _sccmram = .
 *(.ccmram)
 *(.ccmram*)
                0x0000000010000000                . = ALIGN (0x4)
                0x0000000010000000                _eccmram = .
                0x0000000010000000                . = ALIGN (0x4)

.bss            0x0000000020000004       0x20
                0x0000000020000004                _sbss = .
                0x0000000020000004                __bss_start__ = _sbss
 *(.bss)
 .bss           0x0000000020000004       0x1c c:/st/stm32cubeide_1.10.1/stm32cubeide/plugins/com.st.stm32cube.ide.mcu.externaltools.gnu-tools-for-stm32.10.3-2021.10.win32_1.0.0.202111181127/tools/bin/../lib/gcc/arm-none-eabi/10.3.1/thumb/v7e-m+fp/hard/crtbegin.o
 *(.bss*)
 .bss.led_chain
                0x0000000020000020        0x3 ./Src/main.o
 *(COMMON)
                0x0000000020000024                . = ALIGN (0x4)
 *fill*         0x0000000020000023        0x1 
                0x0000000020000024                _ebss = .
                0x0000000020000024                __bss_end__ = _ebss

._user_heap_stack
                0x0000000020000024      0x604
                0x0000000020000028                . = ALIGN (0x8)
 *fill*         0x0000000020000024        0x4 
                [!provide]                        PROVIDE (end = .)
                0x0000000020000028                PROVIDE (_end = .)
                0x0000000020000228                . = (. + _Min_Heap_Size)
 *fill*         0x0000000020000028      0x200 
                0x0000000020000628                . = (. + _Min_Stack_Size)
 *fill*         0x0000000020000228      0x400 
                0x0000000020000628                . = ALIGN (0x8)

/DISCARD/
 libc.a(*)
 libm.a(*)
 libgcc.a(*)

.ARM.attributes
                0x0000000000000000       0x30
 *(.ARM.attributes)
 .ARM.attributes
                0x0000000000000000       0x1e c:/st/stm32cubeide_1.10.1/stm32cubeide/plugins/com.st.stm32cube.ide.mcu.externaltools.gnu-tools-for-stm32.10.3-2021.10.win32_1.0.0.202111181127/tools/bin/../lib/gcc/arm-none-eabi/10.3.1/thumb/v7e-m+fp/hard/crti.o
 .ARM.attributes
                0x000000000000001e       0x34 c:/st/stm32cubeide_1.10.1/stm32cubeide/plugins/com.st.stm32cube.ide.mcu.externaltools.gnu-tools-for-stm32.10.3-2021.10.win32_1.0.0.202111181127/tools/bin/../lib/gcc/arm-none-eabi/10.3.1/thumb/v7e-m+fp/hard/crtbegin.o
 .ARM.attributes
                0x0000000000000052       0x34 ./Src/gpio.o
 .ARM.attributes
                0x0000000000000086       0x34 ./Src/main.o
 .ARM.attributes
                0x00000000000000ba       0x34 ./Src/system_stm32f4xx.o
 .ARM.attributes
                0x00000000000000ee       0x21 ./Startup/startup_stm32f407vgtx.o
 .ARM.attributes
                0x000000000000010f       0x34 ./st/STM32F4xx_HAL_Driver/Src/stm32f4xx_ll_gpio.o
 .ARM.attributes
                0x0000000000000143       0x34 ./st/STM32F4xx_HAL_Driver/Src/stm32f4xx_ll_utils.o
 .ARM.attributes
                0x0000000000000177       0x34 ./state/state.o
 .ARM.attributes
                0x00000000000001ab       0x34 c:/st/stm32cubeide_1.10.1/stm32cubeide/plugins/com.st.stm32cube.ide.mcu.externaltools.gnu-tools-for-stm32.10.3-2021.10.win32_1.0.0.202111181127/tools/bin/../lib/gcc/arm-none-eabi/10.3.1/../../../../arm-none-eabi/lib/thumb/v7e-m+fp/hard\libc_nano.a(lib_a-init.o)
 .ARM.attributes
                0x00000000000001df       0x34 c:/st/stm32cubeide_1.10.1/stm32cubeide/plugins/com.st.stm32cube.ide.mcu.externaltools.gnu-tools-for-stm32.10.3-2021.10.win32_1.0.0.202111181127/tools/bin/../lib/gcc/arm-none-eabi/10.3.1/../../../../arm-none-eabi/lib/thumb/v7e-m+fp/hard\libc_nano.a(lib_a-memset.o)
 .ARM.attributes
                0x0000000000000213       0x1e c:/st/stm32cubeide_1.10.1/stm32cubeide/plugins/com.st.stm32cube.ide.mcu.externaltools.gnu-tools-for-stm32.10.3-2021.10.win32_1.0.0.202111181127/tools/bin/../lib/gcc/arm-none-eabi/10.3.1/thumb/v7e-m+fp/hard/crtn.o
OUTPUT(state_machine_timeout.elf elf32-littlearm)
LOAD linker stubs
LOAD c:/st/stm32cubeide_1.10.1/stm32cubeide/plugins/com.st.stm32cube.ide.mcu.externaltools.gnu-tools-for-stm32.10.3-2021.10.win32_1.0.0.202111181127/tools/bin/../lib/gcc/arm-none-eabi/10.3.1/../../../../arm-none-eabi/lib/thumb/v7e-m+fp/hard\libc.a
LOAD c:/st/stm32cubeide_1.10.1/stm32cubeide/plugins/com.st.stm32cube.ide.mcu.externaltools.gnu-tools-for-stm32.10.3-2021.10.win32_1.0.0.202111181127/tools/bin/../lib/gcc/arm-none-eabi/10.3.1/../../../../arm-none-eabi/lib/thumb/v7e-m+fp/hard\libm.a
LOAD c:/st/stm32cubeide_1.10.1/stm32cubeide/plugins/com.st.stm32cube.ide.mcu.externaltools.gnu-tools-for-stm32.10.3-2021.10.win32_1.0.0.202111181127/tools/bin/../lib/gcc/arm-none-eabi/10.3.1/thumb/v7e-m+fp/hard\libgcc.a

.comment        0x0000000000000000       0x50
 .comment       0x0000000000000000       0x50 ./Src/gpio.o
                                         0x51 (size before relaxing)
 .comment       0x0000000000000050       0x51 ./Src/main.o
 .comment       0x0000000000000050       0x51 ./Src/system_stm32f4xx.o
 .comment       0x0000000000000050       0x51 ./st/STM32F4xx_HAL_Driver/Src/stm32f4xx_ll_gpio.o
 .comment       0x0000000000000050       0x51 ./st/STM32F4xx_HAL_Driver/Src/stm32f4xx_ll_utils.o
 .comment       0x0000000000000050       0x51 ./state/state.o

.debug_frame    0x0000000000000000       0x4c
 .debug_frame   0x0000000000000000       0x2c c:/st/stm32cubeide_1.10.1/stm32cubeide/plugins/com.st.stm32cube.ide.mcu.externaltools.gnu-tools-for-stm32.10.3-2021.10.win32_1.0.0.202111181127/tools/bin/../lib/gcc/arm-none-eabi/10.3.1/../../../../arm-none-eabi/lib/thumb/v7e-m+fp/hard\libc_nano.a(lib_a-init.o)
 .debug_frame   0x000000000000002c       0x20 c:/st/stm32cubeide_1.10.1/stm32cubeide/plugins/com.st.stm32cube.ide.mcu.externaltools.gnu-tools-for-stm32.10.3-2021.10.win32_1.0.0.202111181127/tools/bin/../lib/gcc/arm-none-eabi/10.3.1/../../../../arm-none-eabi/lib/thumb/v7e-m+fp/hard\libc_nano.a(lib_a-memset.o)
