../state/state.c:23:6:state_run	0	static
../state/state.c:28:6:state_top_init	0	static
../state/state.c:33:6:state_top_deinit	0	static
../state/state.c:38:6:state_bottom_init	0	static
../state/state.c:43:6:state_bottom_deinit	0	static
../state/state.c:48:6:state_left_init	0	static
../state/state.c:53:6:state_left_deinit	0	static
../state/state.c:58:6:state_right_init	0	static
../state/state.c:63:6:state_right_deinit	0	static
../state/state.c:68:6:state_top_check	8	static
../state/state.c:73:6:state_bottom_check	8	static
../state/state.c:78:6:state_right_check	8	static
../state/state.c:83:6:state_left_check	8	static
